Archive member included to satisfy reference by file (symbol)

C:/Program Files/SEGGER/SEGGER Embedded Studio for ARM 4.40/lib/libc_v7em_fpv4_sp_d16_hard_t_le_eabi.a(libc2.o)
                              Output/fatfs_pca10056 Release/Obj/nrf_log_str_formatter.o (isprint)
C:/Program Files/SEGGER/SEGGER Embedded Studio for ARM 4.40/lib/libc_v7em_fpv4_sp_d16_hard_t_le_eabi.a(libc2_asm.o)
                              Output/fatfs_pca10056 Release/Obj/nrf_log_frontend.o (memcpy)
C:/Program Files/SEGGER/SEGGER Embedded Studio for ARM 4.40/lib/libc_v7em_fpv4_sp_d16_hard_t_le_eabi.a(libc.o)
                              C:/Program Files/SEGGER/SEGGER Embedded Studio for ARM 4.40/lib/libc_v7em_fpv4_sp_d16_hard_t_le_eabi.a(libc2.o) (__heap_lock)
C:/Program Files/SEGGER/SEGGER Embedded Studio for ARM 4.40/lib/libc_v7em_fpv4_sp_d16_hard_t_le_eabi.a(libc_asm.o)
                              C:/Program Files/SEGGER/SEGGER Embedded Studio for ARM 4.40/lib/libc_v7em_fpv4_sp_d16_hard_t_le_eabi.a(libc2.o) (__aeabi_uldivmod)
C:/Program Files/SEGGER/SEGGER Embedded Studio for ARM 4.40/lib/libdebugio_v7em_fpv4_sp_d16_hard_t_le_eabi.a(libdebugio.o)
                              Output/fatfs_pca10056 Release/Obj/thumb_crt0.o (debug_fopen)
C:/Program Files/SEGGER/SEGGER Embedded Studio for ARM 4.40/lib/libdebugio_mempoll_v7em_fpv4_sp_d16_hard_t_le_eabi.a(mempoll_debug_operations.o)
                              C:/Program Files/SEGGER/SEGGER Embedded Studio for ARM 4.40/lib/libdebugio_v7em_fpv4_sp_d16_hard_t_le_eabi.a(libdebugio.o) (__do_debug_operation)
C:/Program Files/SEGGER/SEGGER Embedded Studio for ARM 4.40/lib/libdebugio_mempoll_v7em_fpv4_sp_d16_hard_t_le_eabi.a(do_nv_debug_operation.o)
                              C:/Program Files/SEGGER/SEGGER Embedded Studio for ARM 4.40/lib/libdebugio_v7em_fpv4_sp_d16_hard_t_le_eabi.a(libdebugio.o) (__do_nvdebug_operation)
C:/Program Files/SEGGER/SEGGER Embedded Studio for ARM 4.40/lib/libm_v7em_fpv4_sp_d16_hard_t_le_eabi.a(libm_asm.o)
                              C:/Program Files/SEGGER/SEGGER Embedded Studio for ARM 4.40/lib/libc_v7em_fpv4_sp_d16_hard_t_le_eabi.a(libc2.o) (__aeabi_dadd)
C:/Program Files/SEGGER/SEGGER Embedded Studio for ARM 4.40/lib/libm_v7em_fpv4_sp_d16_hard_t_le_eabi.a(libm2.o)
                              C:/Program Files/SEGGER/SEGGER Embedded Studio for ARM 4.40/lib/libvfprintf_v7em_fpv4_sp_d16_hard_t_le_eabi.o (frexp)

Discarded input sections

 .text          0x0000000000000000        0x0 Output/fatfs_pca10056 Release/Obj/thumb_crt0.o
 .data          0x0000000000000000        0x0 Output/fatfs_pca10056 Release/Obj/thumb_crt0.o
 .bss           0x0000000000000000        0x0 Output/fatfs_pca10056 Release/Obj/thumb_crt0.o
 .text.__aeabi_read_tp
                0x0000000000000000        0x8 Output/fatfs_pca10056 Release/Obj/thumb_crt0.o
 .text.abort    0x0000000000000000        0x2 Output/fatfs_pca10056 Release/Obj/thumb_crt0.o
 .text.__assert
                0x0000000000000000        0x2 Output/fatfs_pca10056 Release/Obj/thumb_crt0.o
 .text.__aeabi_assert
                0x0000000000000000        0x2 Output/fatfs_pca10056 Release/Obj/thumb_crt0.o
 .text.__sync_synchronize
                0x0000000000000000        0x2 Output/fatfs_pca10056 Release/Obj/thumb_crt0.o
 .text.__getchar
                0x0000000000000000        0x4 Output/fatfs_pca10056 Release/Obj/thumb_crt0.o
 .text.__putchar
                0x0000000000000000        0x4 Output/fatfs_pca10056 Release/Obj/thumb_crt0.o
 .text.__open   0x0000000000000000        0x4 Output/fatfs_pca10056 Release/Obj/thumb_crt0.o
 .text.__close  0x0000000000000000        0x4 Output/fatfs_pca10056 Release/Obj/thumb_crt0.o
 .text.__write  0x0000000000000000        0xa Output/fatfs_pca10056 Release/Obj/thumb_crt0.o
 .text.__read   0x0000000000000000        0xa Output/fatfs_pca10056 Release/Obj/thumb_crt0.o
 .text.__seek   0x0000000000000000       0x1a Output/fatfs_pca10056 Release/Obj/thumb_crt0.o
 .bss.__user_locale_name_buffer
                0x0000000000000000        0x4 Output/fatfs_pca10056 Release/Obj/thumb_crt0.o
 .stack         0x0000000000000000        0x0 Output/fatfs_pca10056 Release/Obj/thumb_crt0.o
 .stack_process
                0x0000000000000000        0x0 Output/fatfs_pca10056 Release/Obj/thumb_crt0.o
 .heap          0x0000000000000000        0x0 Output/fatfs_pca10056 Release/Obj/thumb_crt0.o
 .group         0x0000000000000000        0xc Output/fatfs_pca10056 Release/Obj/nrf_log_backend_rtt.o
 .group         0x0000000000000000        0xc Output/fatfs_pca10056 Release/Obj/nrf_log_backend_rtt.o
 .group         0x0000000000000000        0xc Output/fatfs_pca10056 Release/Obj/nrf_log_backend_rtt.o
 .group         0x0000000000000000        0xc Output/fatfs_pca10056 Release/Obj/nrf_log_backend_rtt.o
 .group         0x0000000000000000        0xc Output/fatfs_pca10056 Release/Obj/nrf_log_backend_rtt.o
 .group         0x0000000000000000        0xc Output/fatfs_pca10056 Release/Obj/nrf_log_backend_rtt.o
[...]
Memory Configuration

Name             Origin             Length             Attributes
UNPLACED_SECTIONS 0x0000000100000000 0x0000000000000000 xw
RAM              0x0000000020000000 0x0000000000040000 xw
FLASH            0x0000000000000000 0x0000000000100000 xw
*default*        0x0000000000000000 0xffffffffffffffff

Linker script and memory map

                0x0000000000000000                __vfprintf = __vfprintf_long
                0x0000000000000000                __vfscanf = __vfscanf_long
                0x0000000020000000                __RAM_segment_start__ = 0x20000000
                0x0000000020040000                __RAM_segment_end__ = 0x20040000
                0x0000000000040000                __RAM_segment_size__ = 0x40000
                0x0000000000000000                __FLASH_segment_start__ = 0x0
                0x0000000000100000                __FLASH_segment_end__ = 0x100000
                0x0000000000100000                __FLASH_segment_size__ = 0x100000
                0x0000000000002000                __HEAPSIZE__ = 0x2000
                0x0000000000000000                __STACKSIZE_PROCESS__ = 0x0
                0x0000000000002000                __STACKSIZE__ = 0x2000
                0x0000000020000000                __vectors_ram_load_start__ = 0x20000000

.vectors_ram    0x0000000020000000        0x0
                0x0000000020000000                __vectors_ram_start__ = .
                0x0000000020000000                __app_ram_start__ = __vectors_ram_start__
 *(.vectors_ram .vectors_ram.*)
                0x0000000020000000                __vectors_ram_end__ = (__vectors_ram_start__ + SIZEOF (.vectors_ram))
                0x0000000000000000                __vectors_ram_size__ = SIZEOF (.vectors_ram)
                0x0000000020000000                __vectors_ram_load_end__ = __vectors_ram_end__
                0x0000000000000001                . = ASSERT (((__vectors_ram_start__ == __vectors_ram_end__) || ((__vectors_ram_end__ - __RAM_segment_start__) <= __RAM_segment_size__)), error: .vectors_ram is too large to fit in RAM memory segment)
                0x0000000020000000                __nrf_sections_run_load_start__ = ALIGN (__vectors_ram_end__, 0x4)

.nrf_sections_run
                0x0000000020000000        0x0
                0x0000000020000000                __nrf_sections_run_start__ = .
                0x0000000020000000                __start_nrf_sections_run = __nrf_sections_run_start__
 *(.nrf_sections_run .nrf_sections_run.*)
                0x0000000020000000                __nrf_sections_run_end__ = (__nrf_sections_run_start__ + SIZEOF (.nrf_sections_run))
                0x0000000000000000                __nrf_sections_run_size__ = SIZEOF (.nrf_sections_run)
                0x0000000020000000                __nrf_sections_run_load_end__ = __nrf_sections_run_end__
                0x0000000000000001                . = ASSERT (((__nrf_sections_run_start__ == __nrf_sections_run_end__) || ((__nrf_sections_run_end__ - __RAM_segment_start__) <= __RAM_segment_size__)), error: .nrf_sections_run is too large to fit in RAM memory segment)
                0x0000000000000000                __vectors_load_start__ = 0x0

.vectors        0x0000000000000000      0x200
                0x0000000000000000                __vectors_start__ = .
 *(.vectors .vectors.*)
 .vectors       0x0000000000000000      0x200 Output/fatfs_pca10056 Release/Obj/ses_startup_nrf52840.o
                0x0000000000000000                _vectors
                0x0000000000000200                __vectors_end__ = (__vectors_start__ + SIZEOF (.vectors))
                0x0000000000000200                __vectors_size__ = SIZEOF (.vectors)
                0x0000000000000200                __vectors_load_end__ = __vectors_end__
                0x0000000000000001                . = ASSERT (((__vectors_start__ == __vectors_end__) || ((__vectors_end__ - __FLASH_segment_start__) <= __FLASH_segment_size__)), error: .vectors is too large to fit in FLASH memory segment)
                0x0000000000000200                __init_load_start__ = ALIGN (__vectors_end__, 0x4)

.init           0x0000000000000200      0x1d0
                0x0000000000000200                __init_start__ = .
 *(.init .init.*)
 .init          0x0000000000000200      0x15c Output/fatfs_pca10056 Release/Obj/thumb_crt0.o
                0x0000000000000200                _start
                0x00000000000002b4                exit
 .init          0x000000000000035c       0x18 Output/fatfs_pca10056 Release/Obj/ses_startup_nrf52840.o
                0x000000000000035c                NMI_Handler
                0x000000000000035e                HardFault_Handler
                0x0000000000000360                MemoryManagement_Handler
                0x0000000000000362                BusFault_Handler
                0x0000000000000364                UsageFault_Handler
                0x0000000000000366                SVC_Handler
                0x0000000000000368                DebugMon_Handler
                0x000000000000036a                PendSV_Handler
                0x000000000000036c                SysTick_Handler
                0x000000000000036e                PWM1_IRQHandler
                0x000000000000036e                GPIOTE_IRQHandler
                0x000000000000036e                RTC0_IRQHandler
                0x000000000000036e                POWER_CLOCK_IRQHandler
                0x000000000000036e                RADIO_IRQHandler
                0x000000000000036e                PDM_IRQHandler
                0x000000000000036e                TEMP_IRQHandler
                0x000000000000036e                QDEC_IRQHandler
                0x000000000000036e                TIMER3_IRQHandler
                0x000000000000036e                PWM3_IRQHandler
                0x000000000000036e                FPU_IRQHandler
                0x000000000000036e                USBD_IRQHandler
                0x000000000000036e                QSPI_IRQHandler
                0x000000000000036e                TIMER4_IRQHandler
                0x000000000000036e                CRYPTOCELL_IRQHandler
                0x000000000000036e                SWI2_EGU2_IRQHandler
                0x000000000000036e                SWI4_EGU4_IRQHandler
                0x000000000000036e                TIMER0_IRQHandler
                0x000000000000036e                UARTE1_IRQHandler
                0x000000000000036e                Dummy_Handler
                0x000000000000036e                TIMER1_IRQHandler
                0x000000000000036e                SPIM3_IRQHandler
                0x000000000000036e                PWM2_IRQHandler
                0x000000000000036e                ECB_IRQHandler
                0x000000000000036e                SPIM1_SPIS1_TWIM1_TWIS1_SPI1_TWI1_IRQHandler
                0x000000000000036e                SAADC_IRQHandler
                0x000000000000036e                CCM_AAR_IRQHandler
                0x000000000000036e                WDT_IRQHandler
                0x000000000000036e                SWI0_EGU0_IRQHandler
                0x000000000000036e                SWI5_EGU5_IRQHandler
                0x000000000000036e                RNG_IRQHandler
                0x000000000000036e                RTC2_IRQHandler
                0x000000000000036e                PWM0_IRQHandler
                0x000000000000036e                SWI3_EGU3_IRQHandler
                0x000000000000036e                RTC1_IRQHandler
                0x000000000000036e                SWI1_EGU1_IRQHandler
                0x000000000000036e                SPIM2_SPIS2_SPI2_IRQHandler
                0x000000000000036e                NFCT_IRQHandler
                0x000000000000036e                I2S_IRQHandler
                0x000000000000036e                MWU_IRQHandler
                0x000000000000036e                TIMER2_IRQHandler
                0x000000000000036e                COMP_LPCOMP_IRQHandler
                0x0000000000000370                nRFInitialize
 .init          0x0000000000000374       0x5c Output/fatfs_pca10056 Release/Obj/ses_startup_nrf_common.o
                0x0000000000000374                Reset_Handler
                0x0000000000000378                afterInitialize
                0x000000000000039c                InitializeUserMemorySections
                0x00000000000003d0                __init_end__ = (__init_start__ + SIZEOF (.init))
                0x00000000000001d0                __init_size__ = SIZEOF (.init)
                0x00000000000003d0                __init_load_end__ = __init_end__
                0x0000000000000001                . = ASSERT (((__init_start__ == __init_end__) || ((__init_end__ - __FLASH_segment_start__) <= __FLASH_segment_size__)), error: .init is too large to fit in FLASH memory segment)
                0x00000000000003d0                __init_rodata_load_start__ = ALIGN (__init_end__, 0x4)

.init_rodata    0x00000000000003d0        0x0
                0x00000000000003d0                __init_rodata_start__ = .
 *(.init_rodata .init_rodata.*)
                0x00000000000003d0                __init_rodata_end__ = (__init_rodata_start__ + SIZEOF (.init_rodata))
                0x0000000000000000                __init_rodata_size__ = SIZEOF (.init_rodata)
                0x00000000000003d0                __init_rodata_load_end__ = __init_rodata_end__
                0x0000000000000001                . = ASSERT (((__init_rodata_start__ == __init_rodata_end__) || ((__init_rodata_end__ - __FLASH_segment_start__) <= __FLASH_segment_size__)), error: .init_rodata is too large to fit in FLASH memory segment)
                0x00000000000003d0                __text_load_start__ = ALIGN (__init_rodata_end__, 0x4)

.text           0x00000000000003d0     0x4690
                0x00000000000003d0                __text_start__ = .
 *(.text .text.* .glue_7t .glue_7 .gnu.linkonce.t.* .gcc_except_table .ARM.extab* .gnu.linkonce.armextab.*)
 .glue_7        0x00000000000003d0        0x0 linker stubs
 .glue_7t       0x00000000000003d0        0x0 linker stubs
 .text.nrf_log_backend_serial_put
                0x00000000000003d0       0xc2 Output/fatfs_pca10056 Release/Obj/nrf_log_backend_serial.o
                0x00000000000003d0                nrf_log_backend_serial_put
 .text.nrf_log_backend_uart_flush
                0x0000000000000492        0x2 Output/fatfs_pca10056 Release/Obj/nrf_log_backend_uart.o
 .text.nrf_log_backend_uart_put
                0x0000000000000494       0x1c Output/fatfs_pca10056 Release/Obj/nrf_log_backend_uart.o
 .text.uart_init.constprop.0
                0x00000000000004b0       0x50 Output/fatfs_pca10056 Release/Obj/nrf_log_backend_uart.o
 .text.serial_tx
                0x0000000000000500       0x48 Output/fatfs_pca10056 Release/Obj/nrf_log_backend_uart.o
 .text.nrf_log_backend_uart_panic_set
                0x0000000000000548       0x2c Output/fatfs_pca10056 Release/Obj/nrf_log_backend_uart.o
 .text.nrf_log_backend_uart_init
                0x0000000000000574        0x4 Output/fatfs_pca10056 Release/Obj/nrf_log_backend_uart.o
                0x0000000000000574                nrf_log_backend_uart_init
 .text.nrf_log_default_backends_init
                0x0000000000000578       0x20 Output/fatfs_pca10056 Release/Obj/nrf_log_default_backends.o
                0x0000000000000578                nrf_log_default_backends_init
 .text.invalid_packets_omit
                0x0000000000000598       0x3a Output/fatfs_pca10056 Release/Obj/nrf_log_frontend.o
 *fill*         0x00000000000005d2        0x2 
 .text.buf_prealloc
                0x00000000000005d4      0x130 Output/fatfs_pca10056 Release/Obj/nrf_log_frontend.o
 .text.nrf_log_init
                0x0000000000000704       0x3c Output/fatfs_pca10056 Release/Obj/nrf_log_frontend.o
                0x0000000000000704                nrf_log_init
 .text.nrf_log_module_name_get
                0x0000000000000740       0x38 Output/fatfs_pca10056 Release/Obj/nrf_log_frontend.o
                0x0000000000000740                nrf_log_module_name_get
 .text.nrf_log_color_id_get
                0x0000000000000778       0x2c Output/fatfs_pca10056 Release/Obj/nrf_log_frontend.o
                0x0000000000000778                nrf_log_color_id_get
 .text.buffer_is_empty
                0x00000000000007a4       0x14 Output/fatfs_pca10056 Release/Obj/nrf_log_frontend.o
                0x00000000000007a4                buffer_is_empty
 .text.nrf_log_frontend_dequeue
                0x00000000000007b8      0x218 Output/fatfs_pca10056 Release/Obj/nrf_log_frontend.o
                0x00000000000007b8                nrf_log_frontend_dequeue
 .text.std_n    0x00000000000009d0       0x98 Output/fatfs_pca10056 Release/Obj/nrf_log_frontend.o
 .text.nrf_log_frontend_std_0
                0x0000000000000a68        0x8 Output/fatfs_pca10056 Release/Obj/nrf_log_frontend.o
                0x0000000000000a68                nrf_log_frontend_std_0
 .text.nrf_log_frontend_std_1
                0x0000000000000a70       0x12 Output/fatfs_pca10056 Release/Obj/nrf_log_frontend.o
                0x0000000000000a70                nrf_log_frontend_std_1
 .text.nrf_log_frontend_std_2
                0x0000000000000a82       0x14 Output/fatfs_pca10056 Release/Obj/nrf_log_frontend.o
                0x0000000000000a82                nrf_log_frontend_std_2
 *fill*         0x0000000000000a96        0x2 
 .text.nrf_log_backend_add
                0x0000000000000a98       0x44 Output/fatfs_pca10056 Release/Obj/nrf_log_frontend.o
                0x0000000000000a98                nrf_log_backend_add
 .text.nrf_log_panic
                0x0000000000000adc       0x2c Output/fatfs_pca10056 Release/Obj/nrf_log_frontend.o
                0x0000000000000adc                nrf_log_panic
 .text.postfix_process
                0x0000000000000b08       0x44 Output/fatfs_pca10056 Release/Obj/nrf_log_str_formatter.o
 .text.prefix_process
                0x0000000000000b4c       0x7c Output/fatfs_pca10056 Release/Obj/nrf_log_str_formatter.o
 .text.nrf_log_std_entry_process
                0x0000000000000bc8       0xc8 Output/fatfs_pca10056 Release/Obj/nrf_log_str_formatter.o
                0x0000000000000bc8                nrf_log_std_entry_process
 .text.nrf_log_hexdump_entry_process
                0x0000000000000c90       0xb8 Output/fatfs_pca10056 Release/Obj/nrf_log_str_formatter.o
                0x0000000000000c90                nrf_log_hexdump_entry_process
 .text.bsp_board_led_off
                0x0000000000000d48       0x28 Output/fatfs_pca10056 Release/Obj/boards.o
                0x0000000000000d48                bsp_board_led_off
 .text.bsp_board_leds_off
                0x0000000000000d70       0x1e Output/fatfs_pca10056 Release/Obj/boards.o
                0x0000000000000d70                bsp_board_leds_off
 .text.bsp_board_init
                0x0000000000000d8e       0x3e Output/fatfs_pca10056 Release/Obj/boards.o
                0x0000000000000d8e                bsp_board_init
 .text.app_error_handler_bare
                0x0000000000000dcc       0x1a Output/fatfs_pca10056 Release/Obj/app_error.o
                0x0000000000000dcc                app_error_handler_bare
 *fill*         0x0000000000000de6        0x2 
 .text.app_error_fault_handler
                0x0000000000000de8       0x70 Output/fatfs_pca10056 Release/Obj/app_error_weak.o
                0x0000000000000de8                app_error_fault_handler
 .text.nrf_gpio_pin_set
                0x0000000000000e58       0x20 Output/fatfs_pca10056 Release/Obj/app_sdcard.o
 .text.sdc_spi_transfer
                0x0000000000000e78       0x48 Output/fatfs_pca10056 Release/Obj/app_sdcard.o
 .text.sdc_cmd  0x0000000000000ec0       0xa0 Output/fatfs_pca10056 Release/Obj/app_sdcard.o
 .text.sdc_pt_sub_data_read
                0x0000000000000f60      0x160 Output/fatfs_pca10056 Release/Obj/app_sdcard.o
 .text.app_sdc_block_read
                0x00000000000010c0       0x60 Output/fatfs_pca10056 Release/Obj/app_sdcard.o
                0x00000000000010c0                app_sdc_block_read
 .text.app_sdc_block_write
                0x0000000000001120       0x68 Output/fatfs_pca10056 Release/Obj/app_sdcard.o
                0x0000000000001120                app_sdc_block_write
 .text.app_sdc_init
                0x0000000000001188       0xf4 Output/fatfs_pca10056 Release/Obj/app_sdcard.o
                0x0000000000001188                app_sdc_init
 .text.app_sdc_uninit
                0x000000000000127c       0x54 Output/fatfs_pca10056 Release/Obj/app_sdcard.o
                0x000000000000127c                app_sdc_uninit
 .text.spi_handler
                0x00000000000012d0      0x6a0 Output/fatfs_pca10056 Release/Obj/app_sdcard.o
 .text.app_sdc_busy_check
                0x0000000000001970       0x20 Output/fatfs_pca10056 Release/Obj/app_sdcard.o
                0x0000000000001970                app_sdc_busy_check
 .text.app_sdc_info_get
                0x0000000000001990       0x18 Output/fatfs_pca10056 Release/Obj/app_sdcard.o
                0x0000000000001990                app_sdc_info_get
 .text.app_util_disable_irq
                0x00000000000019a8       0x10 Output/fatfs_pca10056 Release/Obj/app_util_platform.o
                0x00000000000019a8                app_util_disable_irq
 .text.app_util_enable_irq
                0x00000000000019b8       0x14 Output/fatfs_pca10056 Release/Obj/app_util_platform.o
                0x00000000000019b8                app_util_enable_irq
 .text.app_util_critical_region_enter
                0x00000000000019cc        0x4 Output/fatfs_pca10056 Release/Obj/app_util_platform.o
                0x00000000000019cc                app_util_critical_region_enter
 .text.app_util_critical_region_exit
                0x00000000000019d0        0x4 Output/fatfs_pca10056 Release/Obj/app_util_platform.o
                0x00000000000019d0                app_util_critical_region_exit
 .text.nrf_atomic_u32_fetch_store
                0x00000000000019d4       0x16 Output/fatfs_pca10056 Release/Obj/nrf_atomic.o
                0x00000000000019d4                nrf_atomic_u32_fetch_store
 .text.nrf_atomic_u32_or
                0x00000000000019ea       0x18 Output/fatfs_pca10056 Release/Obj/nrf_atomic.o
                0x00000000000019ea                nrf_atomic_u32_or
 .text.nrf_atomic_u32_fetch_and
                0x0000000000001a02       0x18 Output/fatfs_pca10056 Release/Obj/nrf_atomic.o
                0x0000000000001a02                nrf_atomic_u32_fetch_and
 .text.nrf_atomic_u32_add
                0x0000000000001a1a       0x18 Output/fatfs_pca10056 Release/Obj/nrf_atomic.o
                0x0000000000001a1a                nrf_atomic_u32_add
 .text.nrf_atomic_u32_sub
                0x0000000000001a32       0x18 Output/fatfs_pca10056 Release/Obj/nrf_atomic.o
                0x0000000000001a32                nrf_atomic_u32_sub
 .text.nrf_atomic_flag_set
                0x0000000000001a4a        0x6 Output/fatfs_pca10056 Release/Obj/nrf_atomic.o
                0x0000000000001a4a                nrf_atomic_flag_set
 .text.nrf_atomic_flag_clear_fetch
                0x0000000000001a50        0x6 Output/fatfs_pca10056 Release/Obj/nrf_atomic.o
                0x0000000000001a50                nrf_atomic_flag_clear_fetch
 .text.nrf_balloc_init
                0x0000000000001a56       0x2e Output/fatfs_pca10056 Release/Obj/nrf_balloc.o
                0x0000000000001a56                nrf_balloc_init
 .text.nrf_balloc_alloc
                0x0000000000001a84       0x40 Output/fatfs_pca10056 Release/Obj/nrf_balloc.o
                0x0000000000001a84                nrf_balloc_alloc
 .text.nrf_balloc_free
                0x0000000000001ac4       0x2a Output/fatfs_pca10056 Release/Obj/nrf_balloc.o
                0x0000000000001ac4                nrf_balloc_free
 .text.block_dev_sdc_ioctl
                0x0000000000001aee       0x1e Output/fatfs_pca10056 Release/Obj/nrf_block_dev_sdc.o
 .text.block_dev_sdc_geometry
                0x0000000000001b0c        0x4 Output/fatfs_pca10056 Release/Obj/nrf_block_dev_sdc.o
 .text.sdc_wait
                0x0000000000001b10        0xc Output/fatfs_pca10056 Release/Obj/nrf_block_dev_sdc.o
 .text.block_dev_sdc_write_req
                0x0000000000001b1c       0x78 Output/fatfs_pca10056 Release/Obj/nrf_block_dev_sdc.o
 .text.block_dev_sdc_read_req
                0x0000000000001b94       0x78 Output/fatfs_pca10056 Release/Obj/nrf_block_dev_sdc.o
 .text.block_dev_sdc_uninit
                0x0000000000001c0c       0x54 Output/fatfs_pca10056 Release/Obj/nrf_block_dev_sdc.o
 .text.block_dev_sdc_init
                0x0000000000001c60       0x7c Output/fatfs_pca10056 Release/Obj/nrf_block_dev_sdc.o
 .text.sdc_handler
                0x0000000000001cdc       0xa4 Output/fatfs_pca10056 Release/Obj/nrf_block_dev_sdc.o
 .text.nrf_fprintf_buffer_flush
                0x0000000000001d80       0x16 Output/fatfs_pca10056 Release/Obj/nrf_fprintf.o
                0x0000000000001d80                nrf_fprintf_buffer_flush
 .text.nrf_fprintf
                0x0000000000001d96       0x1c Output/fatfs_pca10056 Release/Obj/nrf_fprintf.o
                0x0000000000001d96                nrf_fprintf
 .text.buffer_add
                0x0000000000001db2       0x2e Output/fatfs_pca10056 Release/Obj/nrf_fprintf_format.o
 .text.unsigned_print
                0x0000000000001de0       0xb4 Output/fatfs_pca10056 Release/Obj/nrf_fprintf_format.o
 .text.nrf_fprintf_fmt
                0x0000000000001e94      0x29c Output/fatfs_pca10056 Release/Obj/nrf_fprintf_format.o
                0x0000000000001e94                nrf_fprintf_fmt
 .text.memobj_op
                0x0000000000002130       0x86 Output/fatfs_pca10056 Release/Obj/nrf_memobj.o
 .text.nrf_memobj_pool_init
                0x00000000000021b6        0x4 Output/fatfs_pca10056 Release/Obj/nrf_memobj.o
                0x00000000000021b6                nrf_memobj_pool_init
 .text.nrf_memobj_free
                0x00000000000021ba       0x2c Output/fatfs_pca10056 Release/Obj/nrf_memobj.o
                0x00000000000021ba                nrf_memobj_free
 .text.nrf_memobj_alloc
                0x00000000000021e6       0x5e Output/fatfs_pca10056 Release/Obj/nrf_memobj.o
                0x00000000000021e6                nrf_memobj_alloc
 .text.nrf_memobj_get
                0x0000000000002244        0x8 Output/fatfs_pca10056 Release/Obj/nrf_memobj.o
                0x0000000000002244                nrf_memobj_get
 .text.nrf_memobj_put
                0x000000000000224c       0x1e Output/fatfs_pca10056 Release/Obj/nrf_memobj.o
                0x000000000000224c                nrf_memobj_put
 .text.nrf_memobj_write
                0x000000000000226a       0x14 Output/fatfs_pca10056 Release/Obj/nrf_memobj.o
                0x000000000000226a                nrf_memobj_write
 .text.nrf_memobj_read
                0x000000000000227e       0x14 Output/fatfs_pca10056 Release/Obj/nrf_memobj.o
                0x000000000000227e                nrf_memobj_read
 .text.nrf_ringbuf_init
                0x0000000000002292       0x12 Output/fatfs_pca10056 Release/Obj/nrf_ringbuf.o
                0x0000000000002292                nrf_ringbuf_init
 .text.spim_evt_handler
                0x00000000000022a4       0x3c Output/fatfs_pca10056 Release/Obj/nrf_drv_spi.o
 .text.nrf_drv_spi_init
                0x00000000000022e0       0x64 Output/fatfs_pca10056 Release/Obj/nrf_drv_spi.o
                0x00000000000022e0                nrf_drv_spi_init
 .text.uarte_evt_handler
                0x0000000000002344       0x34 Output/fatfs_pca10056 Release/Obj/nrf_drv_uart.o
 .text.uart_evt_handler
                0x0000000000002378       0x34 Output/fatfs_pca10056 Release/Obj/nrf_drv_uart.o
 .text.nrf_drv_uart_init
                0x00000000000023ac       0x7c Output/fatfs_pca10056 Release/Obj/nrf_drv_uart.o
                0x00000000000023ac                nrf_drv_uart_init
 .text.UARTE0_UART0_IRQHandler
                0x0000000000002428        0xc Output/fatfs_pca10056 Release/Obj/nrfx_prs.o
                0x0000000000002428                UARTE0_UART0_IRQHandler
 .text.nrfx_prs_acquire
                0x0000000000002434       0x38 Output/fatfs_pca10056 Release/Obj/nrfx_prs.o
                0x0000000000002434                nrfx_prs_acquire
 .text.nrfx_prs_release
                0x000000000000246c       0x18 Output/fatfs_pca10056 Release/Obj/nrfx_prs.o
                0x000000000000246c                nrfx_prs_release
 .text.nrf_gpio_pin_set
                0x0000000000002484       0x20 Output/fatfs_pca10056 Release/Obj/nrfx_spim.o
 .text.nrf_gpio_pin_clear
                0x00000000000024a4       0x20 Output/fatfs_pca10056 Release/Obj/nrfx_spim.o
 .text.SPIM0_SPIS0_TWIM0_TWIS0_SPI0_TWI0_IRQHandler
                0x00000000000024c4       0x58 Output/fatfs_pca10056 Release/Obj/nrfx_spim.o
                0x00000000000024c4                SPIM0_SPIS0_TWIM0_TWIS0_SPI0_TWI0_IRQHandler
 .text.nrfx_spim_init
                0x000000000000251c      0x1e8 Output/fatfs_pca10056 Release/Obj/nrfx_spim.o
                0x000000000000251c                nrfx_spim_init
 .text.nrfx_spim_uninit
                0x0000000000002704       0x94 Output/fatfs_pca10056 Release/Obj/nrfx_spim.o
                0x0000000000002704                nrfx_spim_uninit
 .text.nrfx_spim_xfer
                0x0000000000002798      0x114 Output/fatfs_pca10056 Release/Obj/nrfx_spim.o
                0x0000000000002798                nrfx_spim_xfer
 .text.nrf_uart_event_clear
                0x00000000000028ac       0x10 Output/fatfs_pca10056 Release/Obj/nrfx_uart.o
 .text.tx_byte  0x00000000000028bc       0x1e Output/fatfs_pca10056 Release/Obj/nrfx_uart.o
 .text.rx_byte  0x00000000000028da       0x2c Output/fatfs_pca10056 Release/Obj/nrfx_uart.o
 *fill*         0x0000000000002906        0x2 
 .text.rx_done_event.constprop.0
                0x0000000000002908       0x20 Output/fatfs_pca10056 Release/Obj/nrfx_uart.o
 .text.nrfx_uart_0_irq_handler
                0x0000000000002928      0x13c Output/fatfs_pca10056 Release/Obj/nrfx_uart.o
                0x0000000000002928                nrfx_uart_0_irq_handler
 .text.nrf_gpio_cfg_default
                0x0000000000002a64       0x20 Output/fatfs_pca10056 Release/Obj/nrfx_uart.o
 .text.nrfx_uart_init
                0x0000000000002a84      0x1ac Output/fatfs_pca10056 Release/Obj/nrfx_uart.o
                0x0000000000002a84                nrfx_uart_init
 .text.nrfx_uart_uninit
                0x0000000000002c30       0xa8 Output/fatfs_pca10056 Release/Obj/nrfx_uart.o
                0x0000000000002c30                nrfx_uart_uninit
 .text.nrfx_uart_tx
                0x0000000000002cd8       0x8c Output/fatfs_pca10056 Release/Obj/nrfx_uart.o
                0x0000000000002cd8                nrfx_uart_tx
 .text.nrf_uarte_event_clear
                0x0000000000002d64       0x10 Output/fatfs_pca10056 Release/Obj/nrfx_uarte.o
 .text.rx_done_event.constprop.0
                0x0000000000002d74       0x20 Output/fatfs_pca10056 Release/Obj/nrfx_uarte.o
 .text.nrf_gpio_cfg_default
                0x0000000000002d94       0x20 Output/fatfs_pca10056 Release/Obj/nrfx_uarte.o
 .text.nrfx_uarte_0_irq_handler
                0x0000000000002db4      0x118 Output/fatfs_pca10056 Release/Obj/nrfx_uarte.o
                0x0000000000002db4                nrfx_uarte_0_irq_handler
 .text.nrfx_uarte_init
                0x0000000000002ecc      0x1c8 Output/fatfs_pca10056 Release/Obj/nrfx_uarte.o
                0x0000000000002ecc                nrfx_uarte_init
 .text.nrfx_uarte_uninit
                0x0000000000003094       0xcc Output/fatfs_pca10056 Release/Obj/nrfx_uarte.o
                0x0000000000003094                nrfx_uarte_uninit
 .text.nrfx_uarte_tx
                0x0000000000003160       0x90 Output/fatfs_pca10056 Release/Obj/nrfx_uarte.o
                0x0000000000003160                nrfx_uarte_tx
 .text.startup.main
                0x00000000000031f0      0x1b8 Output/fatfs_pca10056 Release/Obj/main.o
                0x00000000000031f0                main
 .text.block_dev_handler
                0x00000000000033a8       0x20 Output/fatfs_pca10056 Release/Obj/diskio_blkdev.o
 .text.default_wait_func
                0x00000000000033c8        0x4 Output/fatfs_pca10056 Release/Obj/diskio_blkdev.o
 .text.disk_initialize
                0x00000000000033cc       0x78 Output/fatfs_pca10056 Release/Obj/diskio_blkdev.o
                0x00000000000033cc                disk_initialize
 .text.disk_status
                0x0000000000003444       0x28 Output/fatfs_pca10056 Release/Obj/diskio_blkdev.o
                0x0000000000003444                disk_status
 .text.disk_read
                0x000000000000346c       0x80 Output/fatfs_pca10056 Release/Obj/diskio_blkdev.o
                0x000000000000346c                disk_read
 .text.disk_write
                0x00000000000034ec       0x8c Output/fatfs_pca10056 Release/Obj/diskio_blkdev.o
                0x00000000000034ec                disk_write
 .text.disk_ioctl
                0x0000000000003578       0x98 Output/fatfs_pca10056 Release/Obj/diskio_blkdev.o
                0x0000000000003578                disk_ioctl
 .text.diskio_blockdev_register
                0x0000000000003610       0x14 Output/fatfs_pca10056 Release/Obj/diskio_blkdev.o
                0x0000000000003610                diskio_blockdev_register
 .text.ld_dword
                0x0000000000003624       0x10 Output/fatfs_pca10056 Release/Obj/ff.o
 .text.st_dword
                0x0000000000003634       0x10 Output/fatfs_pca10056 Release/Obj/ff.o
 .text.mem_set  0x0000000000003644        0xc Output/fatfs_pca10056 Release/Obj/ff.o
 .text.clust2sect
                0x0000000000003650       0x16 Output/fatfs_pca10056 Release/Obj/ff.o
 .text.get_ldnumber
                0x0000000000003666       0x30 Output/fatfs_pca10056 Release/Obj/ff.o
 .text.validate
                0x0000000000003696       0x34 Output/fatfs_pca10056 Release/Obj/ff.o
 .text.mem_cpy.part.0
                0x00000000000036ca       0x12 Output/fatfs_pca10056 Release/Obj/ff.o
 .text.ld_clust.isra.0
                0x00000000000036dc       0x1c Output/fatfs_pca10056 Release/Obj/ff.o
 .text.st_clust.isra.0
                0x00000000000036f8       0x18 Output/fatfs_pca10056 Release/Obj/ff.o
 .text.get_fileinfo.part.0
                0x0000000000003710       0x56 Output/fatfs_pca10056 Release/Obj/ff.o
 .text.sync_window.part.0
                0x0000000000003766       0x4c Output/fatfs_pca10056 Release/Obj/ff.o
 .text.sync_window
                0x00000000000037b2        0xc Output/fatfs_pca10056 Release/Obj/ff.o
 .text.move_window
                0x00000000000037be       0x32 Output/fatfs_pca10056 Release/Obj/ff.o
 .text.check_fs
                0x00000000000037f0       0x7c Output/fatfs_pca10056 Release/Obj/ff.o
 .text.find_volume
                0x000000000000386c      0x2b4 Output/fatfs_pca10056 Release/Obj/ff.o
 .text.put_fat  0x0000000000003b20       0xfa Output/fatfs_pca10056 Release/Obj/ff.o
 .text.get_fat.isra.0
                0x0000000000003c1a       0xb4 Output/fatfs_pca10056 Release/Obj/ff.o
 .text.create_chain
                0x0000000000003cce       0xb0 Output/fatfs_pca10056 Release/Obj/ff.o
 .text.remove_chain
                0x0000000000003d7e       0x70 Output/fatfs_pca10056 Release/Obj/ff.o
 .text.sync_fs  0x0000000000003dee       0x96 Output/fatfs_pca10056 Release/Obj/ff.o
 .text.dir_sdi.constprop.0
                0x0000000000003e84       0x64 Output/fatfs_pca10056 Release/Obj/ff.o
 .text.dir_next
                0x0000000000003ee8       0xea Output/fatfs_pca10056 Release/Obj/ff.o
 *fill*         0x0000000000003fd2        0x2 
 .text.follow_path
                0x0000000000003fd4      0x1b0 Output/fatfs_pca10056 Release/Obj/ff.o
 .text.dir_read.constprop.0
                0x0000000000004184       0x54 Output/fatfs_pca10056 Release/Obj/ff.o
 .text.dir_register
                0x00000000000041d8       0x62 Output/fatfs_pca10056 Release/Obj/ff.o
 *fill*         0x000000000000423a        0x2 
 .text.f_mount  0x000000000000423c       0x4c Output/fatfs_pca10056 Release/Obj/ff.o
                0x000000000000423c                f_mount
 .text.f_open   0x0000000000004288      0x1c2 Output/fatfs_pca10056 Release/Obj/ff.o
                0x0000000000004288                f_open
 .text.f_write  0x000000000000444a      0x182 Output/fatfs_pca10056 Release/Obj/ff.o
                0x000000000000444a                f_write
 .text.f_sync   0x00000000000045cc       0x8e Output/fatfs_pca10056 Release/Obj/ff.o
                0x00000000000045cc                f_sync
 .text.f_close  0x000000000000465a       0x1a Output/fatfs_pca10056 Release/Obj/ff.o
                0x000000000000465a                f_close
 .text.f_opendir
                0x0000000000004674       0x66 Output/fatfs_pca10056 Release/Obj/ff.o
                0x0000000000004674                f_opendir
 .text.f_readdir
                0x00000000000046da       0x42 Output/fatfs_pca10056 Release/Obj/ff.o
                0x00000000000046da                f_readdir
 .text.errata_98
                0x000000000000471c       0x20 Output/fatfs_pca10056 Release/Obj/system_nrf52840.o
 .text.SystemInit
                0x000000000000473c      0x1b8 Output/fatfs_pca10056 Release/Obj/system_nrf52840.o
                0x000000000000473c                SystemInit
 .text.libc.__RAL_ascii_isctype
                0x00000000000048f4       0x1c C:/Program Files/SEGGER/SEGGER Embedded Studio for ARM 4.40/lib/libc_v7em_fpv4_sp_d16_hard_t_le_eabi.a(libc2.o)
 .text.libc.__RAL_ascii_toupper
                0x0000000000004910        0xc C:/Program Files/SEGGER/SEGGER Embedded Studio for ARM 4.40/lib/libc_v7em_fpv4_sp_d16_hard_t_le_eabi.a(libc2.o)
 .text.libc.__RAL_ascii_tolower
                0x000000000000491c        0xc C:/Program Files/SEGGER/SEGGER Embedded Studio for ARM 4.40/lib/libc_v7em_fpv4_sp_d16_hard_t_le_eabi.a(libc2.o)
 .text.libc.__RAL_ascii_iswctype
                0x0000000000004928       0x1c C:/Program Files/SEGGER/SEGGER Embedded Studio for ARM 4.40/lib/libc_v7em_fpv4_sp_d16_hard_t_le_eabi.a(libc2.o)
 .text.libc.__RAL_ascii_towupper
                0x0000000000004944        0xc C:/Program Files/SEGGER/SEGGER Embedded Studio for ARM 4.40/lib/libc_v7em_fpv4_sp_d16_hard_t_le_eabi.a(libc2.o)
 .text.libc.__RAL_ascii_towlower
                0x0000000000004950        0xc C:/Program Files/SEGGER/SEGGER Embedded Studio for ARM 4.40/lib/libc_v7em_fpv4_sp_d16_hard_t_le_eabi.a(libc2.o)
 .text.libc.__RAL_ascii_wctomb
                0x000000000000495c        0xe C:/Program Files/SEGGER/SEGGER Embedded Studio for ARM 4.40/lib/libc_v7em_fpv4_sp_d16_hard_t_le_eabi.a(libc2.o)
                0x000000000000495c                __RAL_ascii_wctomb
 .text.libc.__RAL_ascii_mbtowc
                0x000000000000496a       0x24 C:/Program Files/SEGGER/SEGGER Embedded Studio for ARM 4.40/lib/libc_v7em_fpv4_sp_d16_hard_t_le_eabi.a(libc2.o)
                0x000000000000496a                __RAL_ascii_mbtowc
 *fill*         0x000000000000498e        0x2 
 .text.libc.__RAL_isctype
                0x0000000000004990       0x14 C:/Program Files/SEGGER/SEGGER Embedded Studio for ARM 4.40/lib/libc_v7em_fpv4_sp_d16_hard_t_le_eabi.a(libc2.o)
                0x0000000000004990                __RAL_isctype
 .text.libc.isprint
                0x00000000000049a4        0xa C:/Program Files/SEGGER/SEGGER Embedded Studio for ARM 4.40/lib/libc_v7em_fpv4_sp_d16_hard_t_le_eabi.a(libc2.o)
                0x00000000000049a4                isprint
 .text.libc.memcpy
                0x00000000000049ae       0x52 C:/Program Files/SEGGER/SEGGER Embedded Studio for ARM 4.40/lib/libc_v7em_fpv4_sp_d16_hard_t_le_eabi.a(libc2_asm.o)
                0x00000000000049ae                __aeabi_memcpy
                0x00000000000049ae                memcpy
                0x00000000000049ba                __aeabi_memcpy8
                0x00000000000049ba                __aeabi_memcpy4
 .text.libc.strlen
                0x0000000000004a00       0x60 C:/Program Files/SEGGER/SEGGER Embedded Studio for ARM 4.40/lib/libc_v7em_fpv4_sp_d16_hard_t_le_eabi.a(libc2_asm.o)
                0x0000000000004a00                strlen
                0x0000000000004a60                __text_end__ = (__text_start__ + SIZEOF (.text))
                0x0000000000004690                __text_size__ = SIZEOF (.text)
                0x0000000000004a60                __text_load_end__ = __text_end__

.vfp11_veneer   0x0000000100000000        0x0
 .vfp11_veneer  0x0000000100000000        0x0 linker stubs

.v4_bx          0x0000000100000000        0x0
 .v4_bx         0x0000000100000000        0x0 linker stubs

.iplt           0x0000000100000000        0x0
 .iplt          0x0000000100000000        0x0 Output/fatfs_pca10056 Release/Obj/thumb_crt0.o
                0x0000000000000001                . = ASSERT (((__text_start__ == __text_end__) || ((__text_end__ - __FLASH_segment_start__) <= __FLASH_segment_size__)), error: .text is too large to fit in FLASH memory segment)
                0x0000000000004a60                __log_const_data_load_start__ = ALIGN (__text_end__, 0x4)

.log_const_data
                0x0000000000004a60       0x28
                0x0000000000004a60                __log_const_data_start__ = .
                0x0000000000004a60                __start_log_const_data = __log_const_data_start__
 *(SORT_BY_NAME(.log_const_data*))
 .log_const_data_PRS
                0x0000000000004a60        0x8 Output/fatfs_pca10056 Release/Obj/nrfx_prs.o
                0x0000000000004a60                m_nrf_log_PRS_logs_data_const
 .log_const_data_SPIM
                0x0000000000004a68        0x8 Output/fatfs_pca10056 Release/Obj/nrfx_spim.o
                0x0000000000004a68                m_nrf_log_SPIM_logs_data_const
 .log_const_data_UART
                0x0000000000004a70        0x8 Output/fatfs_pca10056 Release/Obj/nrfx_uart.o
                0x0000000000004a70                m_nrf_log_UART_logs_data_const
 .log_const_data_UARTE
                0x0000000000004a78        0x8 Output/fatfs_pca10056 Release/Obj/nrfx_uarte.o
                0x0000000000004a78                m_nrf_log_UARTE_logs_data_const
 .log_const_data_app
                0x0000000000004a80        0x8 Output/fatfs_pca10056 Release/Obj/nrf_log_frontend.o
                0x0000000000004a80                m_nrf_log_app_logs_data_const
                0x0000000000004a88                __log_const_data_end__ = (__log_const_data_start__ + SIZEOF (.log_const_data))
                0x0000000000000028                __log_const_data_size__ = SIZEOF (.log_const_data)
                0x0000000000004a88                __stop_log_const_data = __log_const_data_end__
                0x0000000000004a88                __log_const_data_load_end__ = __log_const_data_end__
                0x0000000000000001                . = ASSERT (((__log_const_data_start__ == __log_const_data_end__) || ((__log_const_data_end__ - __FLASH_segment_start__) <= __FLASH_segment_size__)), error: .log_const_data is too large to fit in FLASH memory segment)
                0x0000000000004a88                __log_backends_load_start__ = ALIGN (__log_const_data_end__, 0x4)

.log_backends   0x0000000000004a88       0x10
                0x0000000000004a88                __log_backends_start__ = .
                0x0000000000004a88                __start_log_backends = __log_backends_start__
 *(SORT_BY_NAME(.log_backends*))
 .log_backends  0x0000000000004a88       0x10 Output/fatfs_pca10056 Release/Obj/nrf_log_default_backends.o
                0x0000000000004a98                __log_backends_end__ = (__log_backends_start__ + SIZEOF (.log_backends))
                0x0000000000000010                __log_backends_size__ = SIZEOF (.log_backends)
                0x0000000000004a98                __stop_log_backends = __log_backends_end__
                0x0000000000004a98                __log_backends_load_end__ = __log_backends_end__
                0x0000000000000001                . = ASSERT (((__log_backends_start__ == __log_backends_end__) || ((__log_backends_end__ - __FLASH_segment_start__) <= __FLASH_segment_size__)), error: .log_backends is too large to fit in FLASH memory segment)
                0x0000000000004a98                __nrf_balloc_load_start__ = ALIGN (__log_backends_end__, 0x4)

.nrf_balloc     0x0000000000004a98       0x14
                0x0000000000004a98                __nrf_balloc_start__ = .
                0x0000000000004a98                __start_nrf_balloc = __nrf_balloc_start__
 *(.nrf_balloc*)
 .nrf_balloc    0x0000000000004a98       0x14 Output/fatfs_pca10056 Release/Obj/nrf_log_frontend.o
                0x0000000000004a98                log_mempool
                0x0000000000004aac                __nrf_balloc_end__ = (__nrf_balloc_start__ + SIZEOF (.nrf_balloc))
                0x0000000000000014                __nrf_balloc_size__ = SIZEOF (.nrf_balloc)
                0x0000000000004aac                __stop_nrf_balloc = __nrf_balloc_end__
                0x0000000000004aac                __nrf_balloc_load_end__ = __nrf_balloc_end__
                0x0000000000000001                . = ASSERT (((__nrf_balloc_start__ == __nrf_balloc_end__) || ((__nrf_balloc_end__ - __FLASH_segment_start__) <= __FLASH_segment_size__)), error: .nrf_balloc is too large to fit in FLASH memory segment)
                0x0000000000004aac                __nrf_sections_load_start__ = ALIGN (__nrf_balloc_end__, 0x4)

.nrf_sections   0x0000000000004aac        0x0
                0x0000000000004aac                __nrf_sections_start__ = .
                0x0000000000004aac                __start_nrf_sections = __nrf_sections_start__
 *(.nrf_sections .nrf_sections.*)
                0x0000000000004aac                __nrf_sections_end__ = (__nrf_sections_start__ + SIZEOF (.nrf_sections))
                0x0000000000000000                __nrf_sections_size__ = SIZEOF (.nrf_sections)
                0x0000000000004aac                __nrf_sections_load_end__ = __nrf_sections_end__
                0x0000000000000001                . = ASSERT (((__nrf_sections_start__ == __nrf_sections_end__) || ((__nrf_sections_end__ - __FLASH_segment_start__) <= __FLASH_segment_size__)), error: .nrf_sections is too large to fit in FLASH memory segment)
                0x0000000000004aac                __log_dynamic_data_load_start__ = ALIGN (__nrf_sections_end__, 0x4)

.log_dynamic_data
                0x0000000020000000        0x0 load address 0x0000000000004aac
                0x0000000020000000                __log_dynamic_data_start__ = .
 *(SORT_BY_NAME(.log_dynamic_data*))
                0x0000000020000000                __log_dynamic_data_end__ = (__log_dynamic_data_start__ + SIZEOF (.log_dynamic_data))
                0x0000000000000000                __log_dynamic_data_size__ = SIZEOF (.log_dynamic_data)
                0x0000000000004aac                __log_dynamic_data_load_end__ = (__log_dynamic_data_load_start__ + SIZEOF (.log_dynamic_data))
                0x0000000000000001                . = ASSERT (((__log_dynamic_data_load_start__ == __log_dynamic_data_load_end__) || ((__log_dynamic_data_load_end__ - __FLASH_segment_start__) <= __FLASH_segment_size__)), error: .log_dynamic_data is too large to fit in FLASH memory segment)

.log_dynamic_data_run
                0x0000000020000000        0x0
                0x0000000020000000                __log_dynamic_data_run_start__ = .
                0x0000000020000000                __start_log_dynamic_data = __log_dynamic_data_run_start__
                0x0000000020000000                . = MAX ((__log_dynamic_data_run_start__ + SIZEOF (.log_dynamic_data)), .)
                0x0000000020000000                __log_dynamic_data_run_end__ = (__log_dynamic_data_run_start__ + SIZEOF (.log_dynamic_data_run))
                0x0000000000000000                __log_dynamic_data_run_size__ = SIZEOF (.log_dynamic_data_run)
                0x0000000020000000                __stop_log_dynamic_data = __log_dynamic_data_run_end__
                0x0000000020000000                __log_dynamic_data_run_load_end__ = __log_dynamic_data_run_end__
                0x0000000000000001                . = ASSERT (((__log_dynamic_data_run_start__ == __log_dynamic_data_run_end__) || ((__log_dynamic_data_run_end__ - __RAM_segment_start__) <= __RAM_segment_size__)), error: .log_dynamic_data_run is too large to fit in RAM memory segment)
                0x0000000000004aac                __log_filter_data_load_start__ = ALIGN ((__log_dynamic_data_load_start__ + SIZEOF (.log_dynamic_data)), 0x4)

.log_filter_data
                0x0000000020000000        0x0 load address 0x0000000000004aac
                0x0000000020000000                __log_filter_data_start__ = .
 *(SORT_BY_NAME(.log_filter_data*))
                0x0000000020000000                __log_filter_data_end__ = (__log_filter_data_start__ + SIZEOF (.log_filter_data))
                0x0000000000000000                __log_filter_data_size__ = SIZEOF (.log_filter_data)
                0x0000000000004aac                __log_filter_data_load_end__ = (__log_filter_data_load_start__ + SIZEOF (.log_filter_data))
                0x0000000000000001                . = ASSERT (((__log_filter_data_load_start__ == __log_filter_data_load_end__) || ((__log_filter_data_load_end__ - __FLASH_segment_start__) <= __FLASH_segment_size__)), error: .log_filter_data is too large to fit in FLASH memory segment)

.log_filter_data_run
                0x0000000020000000        0x0
                0x0000000020000000                __log_filter_data_run_start__ = .
                0x0000000020000000                __start_log_filter_data = __log_filter_data_run_start__
                0x0000000020000000                . = MAX ((__log_filter_data_run_start__ + SIZEOF (.log_filter_data)), .)
                0x0000000020000000                __log_filter_data_run_end__ = (__log_filter_data_run_start__ + SIZEOF (.log_filter_data_run))
                0x0000000000000000                __log_filter_data_run_size__ = SIZEOF (.log_filter_data_run)
                0x0000000020000000                __stop_log_filter_data = __log_filter_data_run_end__
                0x0000000020000000                __log_filter_data_run_load_end__ = __log_filter_data_run_end__
                0x0000000000000001                . = ASSERT (((__log_filter_data_run_start__ == __log_filter_data_run_end__) || ((__log_filter_data_run_end__ - __RAM_segment_start__) <= __RAM_segment_size__)), error: .log_filter_data_run is too large to fit in RAM memory segment)
                0x0000000020000000                __nrf_sections_run_end_load_start__ = ALIGN (__log_filter_data_run_end__, 0x4)

.nrf_sections_run_end
                0x0000000020000000        0x0
                0x0000000020000000                __nrf_sections_run_end_start__ = .
                0x0000000020000000                __end_nrf_sections_run = __nrf_sections_run_end_start__
 *(.nrf_sections_run_end .nrf_sections_run_end.*)
                0x0000000020000000                __nrf_sections_run_end_end__ = (__nrf_sections_run_end_start__ + SIZEOF (.nrf_sections_run_end))
                0x0000000000000000                __nrf_sections_run_end_size__ = SIZEOF (.nrf_sections_run_end)
                0x0000000020000000                __nrf_sections_run_end_load_end__ = __nrf_sections_run_end_end__
                0x0000000000000001                . = ASSERT (((__nrf_sections_run_end_start__ == __nrf_sections_run_end_end__) || ((__nrf_sections_run_end_end__ - __RAM_segment_start__) <= __RAM_segment_size__)), error: .nrf_sections_run_end is too large to fit in RAM memory segment)
                0x0000000000004aac                __dtors_load_start__ = ALIGN ((__log_filter_data_load_start__ + SIZEOF (.log_filter_data)), 0x4)

.dtors          0x0000000000004aac        0x0
                0x0000000000004aac                __dtors_start__ = .
 *(SORT_BY_NAME(.dtors.*))
 *(.dtors)
 *(.fini_array)
 *(SORT_BY_NAME(.fini_array.*))
                0x0000000000004aac                __dtors_end__ = (__dtors_start__ + SIZEOF (.dtors))
                0x0000000000000000                __dtors_size__ = SIZEOF (.dtors)
                0x0000000000004aac                __dtors_load_end__ = __dtors_end__
                0x0000000000000001                . = ASSERT (((__dtors_start__ == __dtors_end__) || ((__dtors_end__ - __FLASH_segment_start__) <= __FLASH_segment_size__)), error: .dtors is too large to fit in FLASH memory segment)
                0x0000000000004aac                __ctors_load_start__ = ALIGN (__dtors_end__, 0x4)

.ctors          0x0000000000004aac        0x0
                0x0000000000004aac                __ctors_start__ = .
 *(SORT_BY_NAME(.ctors.*))
 *(.ctors)
 *(.init_array)
 *(SORT_BY_NAME(.init_array.*))
                0x0000000000004aac                __ctors_end__ = (__ctors_start__ + SIZEOF (.ctors))
                0x0000000000000000                __ctors_size__ = SIZEOF (.ctors)
                0x0000000000004aac                __ctors_load_end__ = __ctors_end__
                0x0000000000000001                . = ASSERT (((__ctors_start__ == __ctors_end__) || ((__ctors_end__ - __FLASH_segment_start__) <= __FLASH_segment_size__)), error: .ctors is too large to fit in FLASH memory segment)
                0x0000000000004aac                __rodata_load_start__ = ALIGN (__ctors_end__, 0x4)

.rodata         0x0000000000004aac      0x582
                0x0000000000004aac                __rodata_start__ = .
 *(.rodata .rodata.* .gnu.linkonce.r.*)
 .rodata        0x0000000000004aac       0x20 Output/fatfs_pca10056 Release/Obj/nrf_log_backend_uart.o
 .rodata.nrf_log_backend_uart_api
                0x0000000000004acc        0xc Output/fatfs_pca10056 Release/Obj/nrf_log_backend_uart.o
                0x0000000000004acc                nrf_log_backend_uart_api
 .rodata.str1.1
                0x0000000000004ad8       0x11 Output/fatfs_pca10056 Release/Obj/nrf_log_default_backends.o
 .rodata.nrf_log_frontend_dequeue.str1.1
                0x0000000000004ae9       0x11 Output/fatfs_pca10056 Release/Obj/nrf_log_frontend.o
 .rodata.str1.1
                0x0000000000004afa        0x4 Output/fatfs_pca10056 Release/Obj/nrf_log_frontend.o
 *fill*         0x0000000000004afe        0x2 
 .rodata.m_log_push_ringbuf
                0x0000000000004b00        0xc Output/fatfs_pca10056 Release/Obj/nrf_log_frontend.o
 .rodata.postfix_process.str1.1
                0x0000000000004b0c        0x5 Output/fatfs_pca10056 Release/Obj/nrf_log_str_formatter.o
                                          0xb (size before relaxing)
 .rodata.prefix_process.str1.1
                0x0000000000004b11       0x2a Output/fatfs_pca10056 Release/Obj/nrf_log_str_formatter.o
 .rodata.nrf_log_hexdump_entry_process.str1.1
                0x0000000000004b3b        0xf Output/fatfs_pca10056 Release/Obj/nrf_log_str_formatter.o
                                         0x11 (size before relaxing)
 .rodata.str1.1
                0x0000000000004b4a       0x4b Output/fatfs_pca10056 Release/Obj/nrf_log_str_formatter.o
                                         0x51 (size before relaxing)
 *fill*         0x0000000000004b95        0x3 
 .rodata.m_colors
                0x0000000000004b98       0x24 Output/fatfs_pca10056 Release/Obj/nrf_log_str_formatter.o
 .rodata.severity_names
                0x0000000000004bbc       0x14 Output/fatfs_pca10056 Release/Obj/nrf_log_str_formatter.o
 .rodata.m_board_led_list
                0x0000000000004bd0        0x4 Output/fatfs_pca10056 Release/Obj/boards.o
 .rodata.app_error_fault_handler.str1.1
                0x0000000000004bd4       0x19 Output/fatfs_pca10056 Release/Obj/app_error_weak.o
 *fill*         0x0000000000004bed        0x3 
 .rodata.m_spi  0x0000000000004bf0       0x10 Output/fatfs_pca10056 Release/Obj/app_sdcard.o
 .rodata.nrf_block_device_sdc_ops
                0x0000000000004c00       0x18 Output/fatfs_pca10056 Release/Obj/nrf_block_dev_sdc.o
                0x0000000000004c00                nrf_block_device_sdc_ops
 .rodata._aV2C.7790
                0x0000000000004c18       0x10 Output/fatfs_pca10056 Release/Obj/nrf_fprintf_format.o
 .rodata        0x0000000000004c28       0x10 Output/fatfs_pca10056 Release/Obj/nrf_drv_spi.o
 .rodata.str1.1
                0x0000000000004c38        0x4 Output/fatfs_pca10056 Release/Obj/nrfx_prs.o
 .rodata.str1.1
                0x0000000000004c3c        0x5 Output/fatfs_pca10056 Release/Obj/nrfx_spim.o
 .rodata.str1.1
                0x0000000000004c41        0x5 Output/fatfs_pca10056 Release/Obj/nrfx_uart.o
 .rodata.str1.1
                0x0000000000004c46        0x6 Output/fatfs_pca10056 Release/Obj/nrfx_uarte.o
 .rodata.main.str1.1
                0x0000000000004c4c      0x168 Output/fatfs_pca10056 Release/Obj/main.o
                                        0x16b (size before relaxing)
 .rodata.str1.1
                0x0000000000004db4       0x10 Output/fatfs_pca10056 Release/Obj/main.o
 .rodata.m_block_dev_sdc
                0x0000000000004dc4       0x1c Output/fatfs_pca10056 Release/Obj/main.o
 .rodata.follow_path.str1.1
                0x0000000000004de0        0xf Output/fatfs_pca10056 Release/Obj/ff.o
 *fill*         0x0000000000004def        0x1 
 .rodata.libc.__RAL_find_locale.str1.4
                0x0000000000004df0        0xa C:/Program Files/SEGGER/SEGGER Embedded Studio for ARM 4.40/lib/libc_v7em_fpv4_sp_d16_hard_t_le_eabi.a(libc2.o)
 *fill*         0x0000000000004dfa        0x2 
 .rodata.libc.__RAL_ascii_ctype_map
                0x0000000000004dfc       0x80 C:/Program Files/SEGGER/SEGGER Embedded Studio for ARM 4.40/lib/libc_v7em_fpv4_sp_d16_hard_t_le_eabi.a(libc2.o)
                0x0000000000004dfc                __RAL_ascii_ctype_map
 .rodata.libc.__RAL_ascii_ctype_mask
                0x0000000000004e7c        0xd C:/Program Files/SEGGER/SEGGER Embedded Studio for ARM 4.40/lib/libc_v7em_fpv4_sp_d16_hard_t_le_eabi.a(libc2.o)
 *fill*         0x0000000000004e89        0x3 
 .rodata.libc.__RAL_c_locale
                0x0000000000004e8c        0xc C:/Program Files/SEGGER/SEGGER Embedded Studio for ARM 4.40/lib/libc_v7em_fpv4_sp_d16_hard_t_le_eabi.a(libc2.o)
                0x0000000000004e8c                __RAL_c_locale
 .rodata.libc.__RAL_c_locale_abbrev_day_names
                0x0000000000004e98       0x1d C:/Program Files/SEGGER/SEGGER Embedded Studio for ARM 4.40/lib/libc_v7em_fpv4_sp_d16_hard_t_le_eabi.a(libc2.o)
                0x0000000000004e98                __RAL_c_locale_abbrev_day_names
 *fill*         0x0000000000004eb5        0x3 
 .rodata.libc.__RAL_c_locale_abbrev_month_names
                0x0000000000004eb8       0x31 C:/Program Files/SEGGER/SEGGER Embedded Studio for ARM 4.40/lib/libc_v7em_fpv4_sp_d16_hard_t_le_eabi.a(libc2.o)
                0x0000000000004eb8                __RAL_c_locale_abbrev_month_names
 *fill*         0x0000000000004ee9        0x3 
 .rodata.libc.__RAL_c_locale_am_pm_indicator
                0x0000000000004eec        0x7 C:/Program Files/SEGGER/SEGGER Embedded Studio for ARM 4.40/lib/libc_v7em_fpv4_sp_d16_hard_t_le_eabi.a(libc2.o)
                0x0000000000004eec                __RAL_c_locale_am_pm_indicator
 *fill*         0x0000000000004ef3        0x1 
 .rodata.libc.__RAL_c_locale_data
                0x0000000000004ef4       0x58 C:/Program Files/SEGGER/SEGGER Embedded Studio for ARM 4.40/lib/libc_v7em_fpv4_sp_d16_hard_t_le_eabi.a(libc2.o)
                0x0000000000004ef4                __RAL_c_locale_data
 .rodata.libc.__RAL_c_locale_date_format
                0x0000000000004f4c        0x9 C:/Program Files/SEGGER/SEGGER Embedded Studio for ARM 4.40/lib/libc_v7em_fpv4_sp_d16_hard_t_le_eabi.a(libc2.o)
                0x0000000000004f4c                __RAL_c_locale_date_format
 *fill*         0x0000000000004f55        0x3 
 .rodata.libc.__RAL_c_locale_date_time_format
                0x0000000000004f58        0xf C:/Program Files/SEGGER/SEGGER Embedded Studio for ARM 4.40/lib/libc_v7em_fpv4_sp_d16_hard_t_le_eabi.a(libc2.o)
                0x0000000000004f58                __RAL_c_locale_date_time_format
 *fill*         0x0000000000004f67        0x1 
 .rodata.libc.__RAL_c_locale_day_names
                0x0000000000004f68       0x3a C:/Program Files/SEGGER/SEGGER Embedded Studio for ARM 4.40/lib/libc_v7em_fpv4_sp_d16_hard_t_le_eabi.a(libc2.o)
                0x0000000000004f68                __RAL_c_locale_day_names
 *fill*         0x0000000000004fa2        0x2 
 .rodata.libc.__RAL_c_locale_month_names
                0x0000000000004fa4       0x57 C:/Program Files/SEGGER/SEGGER Embedded Studio for ARM 4.40/lib/libc_v7em_fpv4_sp_d16_hard_t_le_eabi.a(libc2.o)
                0x0000000000004fa4                __RAL_c_locale_month_names
 *fill*         0x0000000000004ffb        0x1 
 .rodata.libc.__RAL_c_locale_time_format
                0x0000000000004ffc        0x9 C:/Program Files/SEGGER/SEGGER Embedded Studio for ARM 4.40/lib/libc_v7em_fpv4_sp_d16_hard_t_le_eabi.a(libc2.o)
                0x0000000000004ffc                __RAL_c_locale_time_format
 *fill*         0x0000000000005005        0x3 
 .rodata.libc.__RAL_codeset_ascii
                0x0000000000005008       0x20 C:/Program Files/SEGGER/SEGGER Embedded Studio for ARM 4.40/lib/libc_v7em_fpv4_sp_d16_hard_t_le_eabi.a(libc2.o)
                0x0000000000005008                __RAL_codeset_ascii
 .rodata.libc.__RAL_data_empty_string
                0x0000000000005028        0x1 C:/Program Files/SEGGER/SEGGER Embedded Studio for ARM 4.40/lib/libc_v7em_fpv4_sp_d16_hard_t_le_eabi.a(libc2.o)
                0x0000000000005028                __RAL_data_empty_string
 *fill*         0x0000000000005029        0x3 
 .rodata.libc.__RAL_data_utf8_period
                0x000000000000502c        0x2 C:/Program Files/SEGGER/SEGGER Embedded Studio for ARM 4.40/lib/libc_v7em_fpv4_sp_d16_hard_t_le_eabi.a(libc2.o)
                0x000000000000502c                __RAL_data_utf8_period
                0x000000000000502e                __rodata_end__ = (__rodata_start__ + SIZEOF (.rodata))
                0x0000000000000582                __rodata_size__ = SIZEOF (.rodata)
                0x000000000000502e                __rodata_load_end__ = __rodata_end__

.rel.dyn        0x0000000000005030        0x0
 .rel.iplt      0x0000000000005030        0x0 Output/fatfs_pca10056 Release/Obj/thumb_crt0.o
                0x0000000000000001                . = ASSERT (((__rodata_start__ == __rodata_end__) || ((__rodata_end__ - __FLASH_segment_start__) <= __FLASH_segment_size__)), error: .rodata is too large to fit in FLASH memory segment)
                0x0000000000005030                __ARM.exidx_load_start__ = ALIGN (__rodata_end__, 0x4)

.ARM.exidx      0x0000000000005030        0x0
                0x0000000000005030                __ARM.exidx_start__ = .
                0x0000000000005030                __exidx_start = __ARM.exidx_start__
 *(.ARM.exidx .ARM.exidx.*)
                0x0000000000005030                __ARM.exidx_end__ = (__ARM.exidx_start__ + SIZEOF (.ARM.exidx))
                0x0000000000000000                __ARM.exidx_size__ = SIZEOF (.ARM.exidx)
                0x0000000000005030                __exidx_end = __ARM.exidx_end__
                0x0000000000005030                __ARM.exidx_load_end__ = __ARM.exidx_end__
                0x0000000000000001                . = ASSERT (((__ARM.exidx_start__ == __ARM.exidx_end__) || ((__ARM.exidx_end__ - __FLASH_segment_start__) <= __FLASH_segment_size__)), error: .ARM.exidx is too large to fit in FLASH memory segment)
                0x0000000000005030                __fast_load_start__ = ALIGN (__ARM.exidx_end__, 0x4)

.fast           0x0000000020000000        0x0 load address 0x0000000000005030
                0x0000000020000000                __fast_start__ = .
 *(.fast .fast.*)
                0x0000000020000000                __fast_end__ = (__fast_start__ + SIZEOF (.fast))
                0x0000000000000000                __fast_size__ = SIZEOF (.fast)
                0x0000000000005030                __fast_load_end__ = (__fast_load_start__ + SIZEOF (.fast))
                0x0000000000000001                . = ASSERT (((__fast_load_start__ == __fast_load_end__) || ((__fast_load_end__ - __FLASH_segment_start__) <= __FLASH_segment_size__)), error: .fast is too large to fit in FLASH memory segment)

.fast_run       0x0000000020000000        0x0
                0x0000000020000000                __fast_run_start__ = .
                0x0000000020000000                . = MAX ((__fast_run_start__ + SIZEOF (.fast)), .)
                0x0000000020000000                __fast_run_end__ = (__fast_run_start__ + SIZEOF (.fast_run))
                0x0000000000000000                __fast_run_size__ = SIZEOF (.fast_run)
                0x0000000020000000                __fast_run_load_end__ = __fast_run_end__
                0x0000000000000001                . = ASSERT (((__fast_run_start__ == __fast_run_end__) || ((__fast_run_end__ - __RAM_segment_start__) <= __RAM_segment_size__)), error: .fast_run is too large to fit in RAM memory segment)
                0x0000000000005030                __data_load_start__ = ALIGN ((__fast_load_start__ + SIZEOF (.fast)), 0x4)

.data           0x0000000020000000       0x40 load address 0x0000000000005030
                0x0000000020000000                __data_start__ = .
 *(.data .data.* .gnu.linkonce.d.*)
 .data.m_uart   0x0000000020000000       0x14 Output/fatfs_pca10056 Release/Obj/nrf_log_backend_uart.o
                0x0000000020000000                m_uart
 .data.log_backend_cb_uart_log_backend
                0x0000000020000014        0x8 Output/fatfs_pca10056 Release/Obj/nrf_log_default_backends.o
 .data.drives.9325
                0x000000002000001c        0xc Output/fatfs_pca10056 Release/Obj/main.o
 .data.SystemCoreClock
                0x0000000020000028        0x4 Output/fatfs_pca10056 Release/Obj/system_nrf52840.o
                0x0000000020000028                SystemCoreClock
 .data.libc.__RAL_global_locale
                0x000000002000002c       0x14 C:/Program Files/SEGGER/SEGGER Embedded Studio for ARM 4.40/lib/libc_v7em_fpv4_sp_d16_hard_t_le_eabi.a(libc2.o)
                0x000000002000002c                __RAL_global_locale
                0x0000000020000040                __data_end__ = (__data_start__ + SIZEOF (.data))
                0x0000000000000040                __data_size__ = SIZEOF (.data)
                0x0000000000005070                __data_load_end__ = (__data_load_start__ + SIZEOF (.data))

.igot.plt       0x0000000100000000        0x0
 .igot.plt      0x0000000100000000        0x0 Output/fatfs_pca10056 Release/Obj/thumb_crt0.o
                0x0000000000000001                . = ASSERT (((__data_load_start__ == __data_load_end__) || ((__data_load_end__ - __FLASH_segment_start__) <= __FLASH_segment_size__)), error: .data is too large to fit in FLASH memory segment)

.data_run       0x0000000020000000       0x40 load address 0x0000000000005030
                0x0000000020000000                __data_run_start__ = .
                0x0000000020000040                . = MAX ((__data_run_start__ + SIZEOF (.data)), .)
 *fill*         0x0000000020000000       0x40 
                0x0000000020000040                __data_run_end__ = (__data_run_start__ + SIZEOF (.data_run))
                0x0000000000000040                __data_run_size__ = SIZEOF (.data_run)
                0x0000000020000040                __data_run_load_end__ = __data_run_end__
                0x0000000000000001                . = ASSERT (((__data_run_start__ == __data_run_end__) || ((__data_run_end__ - __RAM_segment_start__) <= __RAM_segment_size__)), error: .data_run is too large to fit in RAM memory segment)
                0x0000000000005070                __tdata_load_start__ = ALIGN ((__data_load_start__ + SIZEOF (.data)), 0x4)

.tdata          0x0000000020000040        0x0 load address 0x0000000000005070
                0x0000000020000040                __tdata_start__ = .
 *(.tdata .tdata.*)
                0x0000000020000040                __tdata_end__ = (__tdata_start__ + SIZEOF (.tdata))
                0x0000000000000000                __tdata_size__ = SIZEOF (.tdata)
                0x0000000000005070                __tdata_load_end__ = (__tdata_load_start__ + SIZEOF (.tdata))
                0x0000000000005070                __FLASH_segment_used_end__ = (ALIGN ((__data_load_start__ + SIZEOF (.data)), 0x4) + SIZEOF (.tdata))
                0x0000000000005070                __FLASH_segment_used_size__ = (__FLASH_segment_used_end__ - __FLASH_segment_start__)
                0x0000000000000001                . = ASSERT (((__tdata_load_start__ == __tdata_load_end__) || ((__tdata_load_end__ - __FLASH_segment_start__) <= __FLASH_segment_size__)), error: .tdata is too large to fit in FLASH memory segment)

.tdata_run      0x0000000020000040        0x0
                0x0000000020000040                __tdata_run_start__ = .
                0x0000000020000040                . = MAX ((__tdata_run_start__ + SIZEOF (.tdata)), .)
                0x0000000020000040                __tdata_run_end__ = (__tdata_run_start__ + SIZEOF (.tdata_run))
                0x0000000000000000                __tdata_run_size__ = SIZEOF (.tdata_run)
                0x0000000020000040                __tdata_run_load_end__ = __tdata_run_end__
                0x0000000000000001                . = ASSERT (((__tdata_run_start__ == __tdata_run_end__) || ((__tdata_run_end__ - __RAM_segment_start__) <= __RAM_segment_size__)), error: .tdata_run is too large to fit in RAM memory segment)
                0x0000000020000040                __bss_load_start__ = ALIGN (__tdata_run_end__, 0x4)

.bss            0x0000000020000040      0xbae
                0x0000000020000040                __bss_start__ = .
 *(.bss .bss.* .gnu.linkonce.b.*)
 .bss.m_async_mode
                0x0000000020000040        0x1 Output/fatfs_pca10056 Release/Obj/nrf_log_backend_uart.o
 .bss.m_string_buff
                0x0000000020000041       0x40 Output/fatfs_pca10056 Release/Obj/nrf_log_backend_uart.o
 .bss.m_xfer_done
                0x0000000020000081        0x1 Output/fatfs_pca10056 Release/Obj/nrf_log_backend_uart.o
 *fill*         0x0000000020000082        0x2 
 .bss.log_mempool_nrf_balloc_cb
                0x0000000020000084        0x8 Output/fatfs_pca10056 Release/Obj/nrf_log_frontend.o
 .bss.log_mempool_nrf_balloc_pool_mem
                0x000000002000008c       0xc0 Output/fatfs_pca10056 Release/Obj/nrf_log_frontend.o
 .bss.log_mempool_nrf_balloc_pool_stack
                0x000000002000014c        0x8 Output/fatfs_pca10056 Release/Obj/nrf_log_frontend.o
 .bss.m_log_data
                0x0000000020000154      0x424 Output/fatfs_pca10056 Release/Obj/nrf_log_frontend.o
 .bss.m_log_push_ringbuf_buf
                0x0000000020000578       0x80 Output/fatfs_pca10056 Release/Obj/nrf_log_frontend.o
 .bss.m_log_push_ringbuf_cb
                0x00000000200005f8       0x18 Output/fatfs_pca10056 Release/Obj/nrf_log_frontend.o
 .bss.m_cb      0x0000000020000610       0x5c Output/fatfs_pca10056 Release/Obj/app_sdcard.o
 .bss.m_in_critical_region
                0x000000002000066c        0x4 Output/fatfs_pca10056 Release/Obj/app_util_platform.o
 .bss.m_active_sdc_dev
                0x0000000020000670        0x4 Output/fatfs_pca10056 Release/Obj/nrf_block_dev_sdc.o
 .bss.m_last_result
                0x0000000020000674        0x1 Output/fatfs_pca10056 Release/Obj/nrf_block_dev_sdc.o
 *fill*         0x0000000020000675        0x3 
 .bss.m_contexts
                0x0000000020000678       0x10 Output/fatfs_pca10056 Release/Obj/nrf_drv_spi.o
 .bss.m_handlers
                0x0000000020000688       0x10 Output/fatfs_pca10056 Release/Obj/nrf_drv_spi.o
 .bss.m_contexts
                0x0000000020000698        0x8 Output/fatfs_pca10056 Release/Obj/nrf_drv_uart.o
 .bss.m_handlers
                0x00000000200006a0        0x8 Output/fatfs_pca10056 Release/Obj/nrf_drv_uart.o
 .bss.nrf_drv_uart_use_easy_dma
                0x00000000200006a8        0x2 Output/fatfs_pca10056 Release/Obj/nrf_drv_uart.o
                0x00000000200006a8                nrf_drv_uart_use_easy_dma
 *fill*         0x00000000200006aa        0x2 
 .bss.m_prs_box_4
                0x00000000200006ac        0x8 Output/fatfs_pca10056 Release/Obj/nrfx_prs.o
 .bss.m_cb      0x00000000200006b4       0x24 Output/fatfs_pca10056 Release/Obj/nrfx_spim.o
 .bss.m_cb      0x00000000200006d8       0x2c Output/fatfs_pca10056 Release/Obj/nrfx_uart.o
 .bss.m_cb      0x0000000020000704       0x24 Output/fatfs_pca10056 Release/Obj/nrfx_uarte.o
 .bss.dir.9319  0x0000000020000728       0x2c Output/fatfs_pca10056 Release/Obj/main.o
 .bss.file.9321
                0x0000000020000754      0x228 Output/fatfs_pca10056 Release/Obj/main.o
 .bss.fno.9320  0x000000002000097c       0x18 Output/fatfs_pca10056 Release/Obj/main.o
 .bss.fs.9318   0x0000000020000994      0x230 Output/fatfs_pca10056 Release/Obj/main.o
 .bss.m_block_dev_sdc_work
                0x0000000020000bc4       0x1c Output/fatfs_pca10056 Release/Obj/main.o
 .bss.m_drives  0x0000000020000be0        0x4 Output/fatfs_pca10056 Release/Obj/diskio_blkdev.o
 .bss.m_drives_count
                0x0000000020000be4        0x1 Output/fatfs_pca10056 Release/Obj/diskio_blkdev.o
 *fill*         0x0000000020000be5        0x3 
 .bss.FatFs     0x0000000020000be8        0x4 Output/fatfs_pca10056 Release/Obj/ff.o
 .bss.Fsid      0x0000000020000bec        0x2 Output/fatfs_pca10056 Release/Obj/ff.o
 *(COMMON)
                0x0000000020000bee                __bss_end__ = (__bss_start__ + SIZEOF (.bss))
                0x0000000000000bae                __bss_size__ = SIZEOF (.bss)
                0x0000000020000bee                __bss_load_end__ = __bss_end__
                0x0000000000000001                . = ASSERT (((__bss_start__ == __bss_end__) || ((__bss_end__ - __RAM_segment_start__) <= __RAM_segment_size__)), error: .bss is too large to fit in RAM memory segment)
                0x0000000020000bf0                __tbss_load_start__ = ALIGN (__bss_end__, 0x4)

.tbss           0x0000000020000bf0        0x0
                0x0000000020000bf0                __tbss_start__ = .
 *(.tbss .tbss.*)
                0x0000000020000bf0                __tbss_end__ = (__tbss_start__ + SIZEOF (.tbss))
                0x0000000000000000                __tbss_size__ = SIZEOF (.tbss)
                0x0000000020000bf0                __tbss_load_end__ = __tbss_end__
                0x0000000000000001                . = ASSERT (((__tbss_start__ == __tbss_end__) || ((__tbss_end__ - __RAM_segment_start__) <= __RAM_segment_size__)), error: .tbss is too large to fit in RAM memory segment)
                0x0000000020000bf0                __non_init_load_start__ = ALIGN (__tbss_end__, 0x4)

.non_init       0x0000000020000bf0        0x0
                0x0000000020000bf0                __non_init_start__ = .
 *(.non_init .non_init.*)
                0x0000000020000bf0                __non_init_end__ = (__non_init_start__ + SIZEOF (.non_init))
                0x0000000000000000                __non_init_size__ = SIZEOF (.non_init)
                0x0000000020000bf0                __non_init_load_end__ = __non_init_end__
                0x0000000000000001                . = ASSERT (((__non_init_start__ == __non_init_end__) || ((__non_init_end__ - __RAM_segment_start__) <= __RAM_segment_size__)), error: .non_init is too large to fit in RAM memory segment)
                0x0000000020000bf0                __heap_load_start__ = ALIGN (__non_init_end__, 0x4)

.heap           0x0000000020000bf0     0x2000
                0x0000000020000bf0                __heap_start__ = .
 *(.heap .heap.*)
                0x0000000020002bf0                . = ALIGN (MAX ((__heap_start__ + __HEAPSIZE__), .), 0x4)
 *fill*         0x0000000020000bf0     0x2000 
                0x0000000020002bf0                __heap_end__ = (__heap_start__ + SIZEOF (.heap))
                0x0000000000002000                __heap_size__ = SIZEOF (.heap)
                0x0000000020002bf0                __heap_load_end__ = __heap_end__
                0x0000000000000001                . = ASSERT (((__heap_start__ == __heap_end__) || ((__heap_end__ - __RAM_segment_start__) <= __RAM_segment_size__)), error: .heap is too large to fit in RAM memory segment)
                0x000000002003e000                __stack_load_start__ = (__RAM_segment_start__ + (__RAM_segment_size__ - 0x2000))

.stack          0x000000002003e000     0x2000
                0x000000002003e000                __stack_start__ = .
                0x000000002003e000                __StackLimit = __stack_start__
 *(.stack .stack.*)
                0x0000000020040000                . = ALIGN (MAX ((__stack_start__ + __STACKSIZE__), .), 0x8)
 *fill*         0x000000002003e000     0x2000 
                0x0000000020040000                __stack_end__ = (__stack_start__ + SIZEOF (.stack))
                0x0000000000002000                __stack_size__ = SIZEOF (.stack)
                0x0000000020040000                __StackTop = __stack_end__
                0x0000000020040000                __stack_load_end__ = __stack_end__
                0x0000000000000001                . = ASSERT (((__stack_start__ == __stack_end__) || ((__stack_end__ - __RAM_segment_start__) <= __RAM_segment_size__)), error: .stack is too large to fit in RAM memory segment)
                0x0000000000000001                . = ASSERT ((__heap_end__ <= __stack_start__), error: section .heap overlaps absolute placed section .stack)
                0x0000000020040000                __stack_process_load_start__ = ALIGN (__stack_end__, 0x8)

.stack_process  0x0000000020040000        0x0
                0x0000000020040000                __stack_process_start__ = .
 *(.stack_process .stack_process.*)
                0x0000000020040000                . = ALIGN (MAX ((__stack_process_start__ + __STACKSIZE_PROCESS__), .), 0x8)
                0x0000000020040000                __stack_process_end__ = (__stack_process_start__ + SIZEOF (.stack_process))
                0x0000000000000000                __stack_process_size__ = SIZEOF (.stack_process)
                0x0000000020040000                __stack_process_load_end__ = __stack_process_end__
                0x0000000020040000                __RAM_segment_used_end__ = (ALIGN (__stack_end__, 0x8) + SIZEOF (.stack_process))
                0x0000000000040000                __RAM_segment_used_size__ = (__RAM_segment_used_end__ - __RAM_segment_start__)
                0x0000000000000001                . = ASSERT (((__stack_process_start__ == __stack_process_end__) || ((__stack_process_end__ - __RAM_segment_start__) <= __RAM_segment_size__)), error: .stack_process is too large to fit in RAM memory segment)
START GROUP
LOAD Output/fatfs_pca10056 Release/Obj/thumb_crt0.o
LOAD Output/fatfs_pca10056 Release/Obj/nrf_log_backend_rtt.o
LOAD Output/fatfs_pca10056 Release/Obj/nrf_log_backend_serial.o
LOAD Output/fatfs_pca10056 Release/Obj/nrf_log_backend_uart.o
LOAD Output/fatfs_pca10056 Release/Obj/nrf_log_default_backends.o
LOAD Output/fatfs_pca10056 Release/Obj/nrf_log_frontend.o
LOAD Output/fatfs_pca10056 Release/Obj/nrf_log_str_formatter.o
LOAD Output/fatfs_pca10056 Release/Obj/boards.o
LOAD Output/fatfs_pca10056 Release/Obj/app_error.o
LOAD Output/fatfs_pca10056 Release/Obj/app_error_handler_gcc.o
LOAD Output/fatfs_pca10056 Release/Obj/app_error_weak.o
LOAD Output/fatfs_pca10056 Release/Obj/app_fifo.o
LOAD Output/fatfs_pca10056 Release/Obj/app_sdcard.o
LOAD Output/fatfs_pca10056 Release/Obj/app_uart_fifo.o
LOAD Output/fatfs_pca10056 Release/Obj/app_util_platform.o
LOAD Output/fatfs_pca10056 Release/Obj/nrf_assert.o
LOAD Output/fatfs_pca10056 Release/Obj/nrf_atomic.o
LOAD Output/fatfs_pca10056 Release/Obj/nrf_balloc.o
LOAD Output/fatfs_pca10056 Release/Obj/nrf_block_dev_sdc.o
LOAD Output/fatfs_pca10056 Release/Obj/nrf_fprintf.o
LOAD Output/fatfs_pca10056 Release/Obj/nrf_fprintf_format.o
LOAD Output/fatfs_pca10056 Release/Obj/nrf_memobj.o
LOAD Output/fatfs_pca10056 Release/Obj/nrf_ringbuf.o
LOAD Output/fatfs_pca10056 Release/Obj/nrf_strerror.o
LOAD Output/fatfs_pca10056 Release/Obj/nrf_drv_spi.o
LOAD Output/fatfs_pca10056 Release/Obj/nrf_drv_uart.o
LOAD Output/fatfs_pca10056 Release/Obj/nrfx_atomic.o
LOAD Output/fatfs_pca10056 Release/Obj/nrfx_prs.o
LOAD Output/fatfs_pca10056 Release/Obj/nrfx_spi.o
LOAD Output/fatfs_pca10056 Release/Obj/nrfx_spim.o
LOAD Output/fatfs_pca10056 Release/Obj/nrfx_uart.o
LOAD Output/fatfs_pca10056 Release/Obj/nrfx_uarte.o
LOAD Output/fatfs_pca10056 Release/Obj/main.o
LOAD Output/fatfs_pca10056 Release/Obj/SEGGER_RTT.o
LOAD Output/fatfs_pca10056 Release/Obj/SEGGER_RTT_Syscalls_SES.o
LOAD Output/fatfs_pca10056 Release/Obj/SEGGER_RTT_printf.o
LOAD Output/fatfs_pca10056 Release/Obj/diskio_blkdev.o
LOAD Output/fatfs_pca10056 Release/Obj/ff.o
LOAD Output/fatfs_pca10056 Release/Obj/ses_startup_nrf52840.o
LOAD Output/fatfs_pca10056 Release/Obj/ses_startup_nrf_common.o
LOAD Output/fatfs_pca10056 Release/Obj/system_nrf52840.o
LOAD C:/Program Files/SEGGER/SEGGER Embedded Studio for ARM 4.40/lib/libdebugio_mempoll_v7em_fpv4_sp_d16_hard_t_le_eabi.a
LOAD C:/Program Files/SEGGER/SEGGER Embedded Studio for ARM 4.40/lib/libm_v7em_fpv4_sp_d16_hard_t_le_eabi.a
LOAD C:/Program Files/SEGGER/SEGGER Embedded Studio for ARM 4.40/lib/libc_v7em_fpv4_sp_d16_hard_t_le_eabi.a
LOAD C:/Program Files/SEGGER/SEGGER Embedded Studio for ARM 4.40/lib/libcpp_v7em_fpv4_sp_d16_hard_t_le_eabi.a
LOAD C:/Program Files/SEGGER/SEGGER Embedded Studio for ARM 4.40/lib/libdebugio_v7em_fpv4_sp_d16_hard_t_le_eabi.a
LOAD C:/Program Files/SEGGER/SEGGER Embedded Studio for ARM 4.40/lib/libvfprintf_v7em_fpv4_sp_d16_hard_t_le_eabi.o
LOAD C:/Program Files/SEGGER/SEGGER Embedded Studio for ARM 4.40/lib/libvfscanf_v7em_fpv4_sp_d16_hard_t_le_eabi.o
END GROUP
OUTPUT(Output/Release/Exe/fatfs_pca10056.elf elf32-littlearm)

.ARM.attributes
                0x0000000000000000       0x35
 .ARM.attributes
                0x0000000000000000       0x25 Output/fatfs_pca10056 Release/Obj/thumb_crt0.o
 .ARM.attributes
                0x0000000000000025       0x39 Output/fatfs_pca10056 Release/Obj/nrf_log_backend_serial.o
 .ARM.attributes
                0x000000000000005e       0x39 Output/fatfs_pca10056 Release/Obj/nrf_log_backend_uart.o
 .ARM.attributes
                0x0000000000000097       0x39 Output/fatfs_pca10056 Release/Obj/nrf_log_default_backends.o
 .ARM.attributes
                0x00000000000000d0       0x39 Output/fatfs_pca10056 Release/Obj/nrf_log_frontend.o
 .ARM.attributes
                0x0000000000000109       0x39 Output/fatfs_pca10056 Release/Obj/nrf_log_str_formatter.o
 .ARM.attributes
                0x0000000000000142       0x39 Output/fatfs_pca10056 Release/Obj/boards.o
 .ARM.attributes
                0x000000000000017b       0x39 Output/fatfs_pca10056 Release/Obj/app_error.o
 .ARM.attributes
                0x00000000000001b4       0x39 Output/fatfs_pca10056 Release/Obj/app_error_weak.o
 .ARM.attributes
                0x00000000000001ed       0x39 Output/fatfs_pca10056 Release/Obj/app_sdcard.o
 .ARM.attributes
                0x0000000000000226       0x39 Output/fatfs_pca10056 Release/Obj/app_util_platform.o
 .ARM.attributes
                0x000000000000025f       0x39 Output/fatfs_pca10056 Release/Obj/nrf_atomic.o
 .ARM.attributes
                0x0000000000000298       0x39 Output/fatfs_pca10056 Release/Obj/nrf_balloc.o
 .ARM.attributes
                0x00000000000002d1       0x39 Output/fatfs_pca10056 Release/Obj/nrf_block_dev_sdc.o
 .ARM.attributes
                0x000000000000030a       0x39 Output/fatfs_pca10056 Release/Obj/nrf_fprintf.o
 .ARM.attributes
                0x0000000000000343       0x39 Output/fatfs_pca10056 Release/Obj/nrf_fprintf_format.o
 .ARM.attributes
                0x000000000000037c       0x39 Output/fatfs_pca10056 Release/Obj/nrf_memobj.o
 .ARM.attributes
                0x00000000000003b5       0x39 Output/fatfs_pca10056 Release/Obj/nrf_ringbuf.o
 .ARM.attributes
                0x00000000000003ee       0x39 Output/fatfs_pca10056 Release/Obj/nrf_drv_spi.o
 .ARM.attributes
                0x0000000000000427       0x39 Output/fatfs_pca10056 Release/Obj/nrf_drv_uart.o
 .ARM.attributes
                0x0000000000000460       0x39 Output/fatfs_pca10056 Release/Obj/nrfx_prs.o
 .ARM.attributes
                0x0000000000000499       0x39 Output/fatfs_pca10056 Release/Obj/nrfx_spim.o
 .ARM.attributes
                0x00000000000004d2       0x39 Output/fatfs_pca10056 Release/Obj/nrfx_uart.o
 .ARM.attributes
                0x000000000000050b       0x39 Output/fatfs_pca10056 Release/Obj/nrfx_uarte.o
 .ARM.attributes
                0x0000000000000544       0x39 Output/fatfs_pca10056 Release/Obj/main.o
 .ARM.attributes
                0x000000000000057d       0x39 Output/fatfs_pca10056 Release/Obj/diskio_blkdev.o
 .ARM.attributes
                0x00000000000005b6       0x39 Output/fatfs_pca10056 Release/Obj/ff.o
 .ARM.attributes
                0x00000000000005ef       0x25 Output/fatfs_pca10056 Release/Obj/ses_startup_nrf52840.o
 .ARM.attributes
                0x0000000000000614       0x25 Output/fatfs_pca10056 Release/Obj/ses_startup_nrf_common.o
 .ARM.attributes
                0x0000000000000639       0x39 Output/fatfs_pca10056 Release/Obj/system_nrf52840.o
 .ARM.attributes
                0x0000000000000672       0x34 C:/Program Files/SEGGER/SEGGER Embedded Studio for ARM 4.40/lib/libc_v7em_fpv4_sp_d16_hard_t_le_eabi.a(libc2.o)
 .ARM.attributes
                0x00000000000006a6       0x20 C:/Program Files/SEGGER/SEGGER Embedded Studio for ARM 4.40/lib/libc_v7em_fpv4_sp_d16_hard_t_le_eabi.a(libc2_asm.o)

.comment        0x0000000000000000       0x47
 .comment       0x0000000000000000       0x47 Output/fatfs_pca10056 Release/Obj/nrf_log_backend_serial.o
                                         0x48 (size before relaxing)
 .comment       0x0000000000000047       0x48 Output/fatfs_pca10056 Release/Obj/nrf_log_backend_uart.o
 .comment       0x0000000000000047       0x48 Output/fatfs_pca10056 Release/Obj/nrf_log_default_backends.o
 .comment       0x0000000000000047       0x48 Output/fatfs_pca10056 Release/Obj/nrf_log_frontend.o
 .comment       0x0000000000000047       0x48 Output/fatfs_pca10056 Release/Obj/nrf_log_str_formatter.o
 .comment       0x0000000000000047       0x48 Output/fatfs_pca10056 Release/Obj/boards.o
 .comment       0x0000000000000047       0x48 Output/fatfs_pca10056 Release/Obj/app_error.o
 .comment       0x0000000000000047       0x48 Output/fatfs_pca10056 Release/Obj/app_error_weak.o
 .comment       0x0000000000000047       0x48 Output/fatfs_pca10056 Release/Obj/app_sdcard.o
 .comment       0x0000000000000047       0x48 Output/fatfs_pca10056 Release/Obj/app_util_platform.o
 .comment       0x0000000000000047       0x48 Output/fatfs_pca10056 Release/Obj/nrf_atomic.o
 .comment       0x0000000000000047       0x48 Output/fatfs_pca10056 Release/Obj/nrf_balloc.o
 .comment       0x0000000000000047       0x48 Output/fatfs_pca10056 Release/Obj/nrf_block_dev_sdc.o
 .comment       0x0000000000000047       0x48 Output/fatfs_pca10056 Release/Obj/nrf_fprintf.o
 .comment       0x0000000000000047       0x48 Output/fatfs_pca10056 Release/Obj/nrf_fprintf_format.o
 .comment       0x0000000000000047       0x48 Output/fatfs_pca10056 Release/Obj/nrf_memobj.o
 .comment       0x0000000000000047       0x48 Output/fatfs_pca10056 Release/Obj/nrf_ringbuf.o
 .comment       0x0000000000000047       0x48 Output/fatfs_pca10056 Release/Obj/nrf_drv_spi.o
 .comment       0x0000000000000047       0x48 Output/fatfs_pca10056 Release/Obj/nrf_drv_uart.o
 .comment       0x0000000000000047       0x48 Output/fatfs_pca10056 Release/Obj/nrfx_prs.o
 .comment       0x0000000000000047       0x48 Output/fatfs_pca10056 Release/Obj/nrfx_spim.o
 .comment       0x0000000000000047       0x48 Output/fatfs_pca10056 Release/Obj/nrfx_uart.o
 .comment       0x0000000000000047       0x48 Output/fatfs_pca10056 Release/Obj/nrfx_uarte.o
 .comment       0x0000000000000047       0x48 Output/fatfs_pca10056 Release/Obj/main.o
 .comment       0x0000000000000047       0x48 Output/fatfs_pca10056 Release/Obj/diskio_blkdev.o
 .comment       0x0000000000000047       0x48 Output/fatfs_pca10056 Release/Obj/ff.o
 .comment       0x0000000000000047       0x48 Output/fatfs_pca10056 Release/Obj/system_nrf52840.o
 .comment       0x0000000000000047       0x48 C:/Program Files/SEGGER/SEGGER Embedded Studio for ARM 4.40/lib/libc_v7em_fpv4_sp_d16_hard_t_le_eabi.a(libc2.o)

.debug_line     0x0000000000000000    0x1456b
 .debug_line    0x0000000000000000      0x1ed Output/fatfs_pca10056 Release/Obj/thumb_crt0.o
 .debug_line    0x00000000000001ed      0x6fa Output/fatfs_pca10056 Release/Obj/nrf_log_backend_serial.o
 .debug_line    0x00000000000008e7      0x980 Output/fatfs_pca10056 Release/Obj/nrf_log_backend_uart.o
 .debug_line    0x0000000000001267      0x5f1 Output/fatfs_pca10056 Release/Obj/nrf_log_default_backends.o
 .debug_line    0x0000000000001858     0x12e0 Output/fatfs_pca10056 Release/Obj/nrf_log_frontend.o
 .debug_line    0x0000000000002b38      0x80b Output/fatfs_pca10056 Release/Obj/nrf_log_str_formatter.o
 .debug_line    0x0000000000003343      0xb48 Output/fatfs_pca10056 Release/Obj/boards.o
 .debug_line    0x0000000000003e8b      0x3ec Output/fatfs_pca10056 Release/Obj/app_error.o
 .debug_line    0x0000000000004277      0x71f Output/fatfs_pca10056 Release/Obj/app_error_weak.o
 .debug_line    0x0000000000004996     0x17d2 Output/fatfs_pca10056 Release/Obj/app_sdcard.o
 .debug_line    0x0000000000006168      0x46a Output/fatfs_pca10056 Release/Obj/app_util_platform.o
 .debug_line    0x00000000000065d2      0x6d2 Output/fatfs_pca10056 Release/Obj/nrf_atomic.o
 .debug_line    0x0000000000006ca4      0x6dd Output/fatfs_pca10056 Release/Obj/nrf_balloc.o
 .debug_line    0x0000000000007381      0x80c Output/fatfs_pca10056 Release/Obj/nrf_block_dev_sdc.o
 .debug_line    0x0000000000007b8d      0x40e Output/fatfs_pca10056 Release/Obj/nrf_fprintf.o
 .debug_line    0x0000000000007f9b      0x86e Output/fatfs_pca10056 Release/Obj/nrf_fprintf_format.o
 .debug_line    0x0000000000008809      0x822 Output/fatfs_pca10056 Release/Obj/nrf_memobj.o
 .debug_line    0x000000000000902b      0x78e Output/fatfs_pca10056 Release/Obj/nrf_ringbuf.o
 .debug_line    0x00000000000097b9      0x677 Output/fatfs_pca10056 Release/Obj/nrf_drv_spi.o
 .debug_line    0x0000000000009e30      0x6b9 Output/fatfs_pca10056 Release/Obj/nrf_drv_uart.o
 .debug_line    0x000000000000a4e9      0x769 Output/fatfs_pca10056 Release/Obj/nrfx_prs.o
 .debug_line    0x000000000000ac52     0x11f8 Output/fatfs_pca10056 Release/Obj/nrfx_spim.o
 .debug_line    0x000000000000be4a     0x17cc Output/fatfs_pca10056 Release/Obj/nrfx_uart.o
 .debug_line    0x000000000000d616     0x170f Output/fatfs_pca10056 Release/Obj/nrfx_uarte.o
 .debug_line    0x000000000000ed25      0xbd0 Output/fatfs_pca10056 Release/Obj/main.o
 .debug_line    0x000000000000f8f5      0x938 Output/fatfs_pca10056 Release/Obj/diskio_blkdev.o
 .debug_line    0x000000000001022d     0x3c7a Output/fatfs_pca10056 Release/Obj/ff.o
 .debug_line    0x0000000000013ea7       0xb4 Output/fatfs_pca10056 Release/Obj/ses_startup_nrf52840.o
 .debug_line    0x0000000000013f5b       0xd3 Output/fatfs_pca10056 Release/Obj/ses_startup_nrf_common.o
 .debug_line    0x000000000001402e      0x53d Output/fatfs_pca10056 Release/Obj/system_nrf52840.o

.debug_info     0x0000000000000000    0x294dd
 .debug_info    0x0000000000000000       0x22 Output/fatfs_pca10056 Release/Obj/thumb_crt0.o
 .debug_info    0x0000000000000022      0xea0 Output/fatfs_pca10056 Release/Obj/nrf_log_backend_serial.o
 .debug_info    0x0000000000000ec2     0x18d5 Output/fatfs_pca10056 Release/Obj/nrf_log_backend_uart.o
 .debug_info    0x0000000000002797      0xa1a Output/fatfs_pca10056 Release/Obj/nrf_log_default_backends.o
 .debug_info    0x00000000000031b1     0x29a0 Output/fatfs_pca10056 Release/Obj/nrf_log_frontend.o
 .debug_info    0x0000000000005b51     0x1036 Output/fatfs_pca10056 Release/Obj/nrf_log_str_formatter.o
 .debug_info    0x0000000000006b87     0x12e7 Output/fatfs_pca10056 Release/Obj/boards.o
 .debug_info    0x0000000000007e6e      0x876 Output/fatfs_pca10056 Release/Obj/app_error.o
 .debug_info    0x00000000000086e4      0xca7 Output/fatfs_pca10056 Release/Obj/app_error_weak.o
 .debug_info    0x000000000000938b     0x2f3a Output/fatfs_pca10056 Release/Obj/app_sdcard.o
 .debug_info    0x000000000000c2c5      0xd61 Output/fatfs_pca10056 Release/Obj/app_util_platform.o
 .debug_info    0x000000000000d026      0xee3 Output/fatfs_pca10056 Release/Obj/nrf_atomic.o
 .debug_info    0x000000000000df09      0xae8 Output/fatfs_pca10056 Release/Obj/nrf_balloc.o
 .debug_info    0x000000000000e9f1     0x117a Output/fatfs_pca10056 Release/Obj/nrf_block_dev_sdc.o
 .debug_info    0x000000000000fb6b      0x7e4 Output/fatfs_pca10056 Release/Obj/nrf_fprintf.o
 .debug_info    0x000000000001034f      0xcc6 Output/fatfs_pca10056 Release/Obj/nrf_fprintf_format.o
 .debug_info    0x0000000000011015      0xff4 Output/fatfs_pca10056 Release/Obj/nrf_memobj.o
 .debug_info    0x0000000000012009      0xc18 Output/fatfs_pca10056 Release/Obj/nrf_ringbuf.o
 .debug_info    0x0000000000012c21     0x1507 Output/fatfs_pca10056 Release/Obj/nrf_drv_spi.o
 .debug_info    0x0000000000014128     0x17a8 Output/fatfs_pca10056 Release/Obj/nrf_drv_uart.o
 .debug_info    0x00000000000158d0      0xe6f Output/fatfs_pca10056 Release/Obj/nrfx_prs.o
 .debug_info    0x000000000001673f     0x2e50 Output/fatfs_pca10056 Release/Obj/nrfx_spim.o
 .debug_info    0x000000000001958f     0x377c Output/fatfs_pca10056 Release/Obj/nrfx_uart.o
 .debug_info    0x000000000001cd0b     0x38c6 Output/fatfs_pca10056 Release/Obj/nrfx_uarte.o
 .debug_info    0x00000000000205d1     0x1716 Output/fatfs_pca10056 Release/Obj/main.o
 .debug_info    0x0000000000021ce7     0x10ad Output/fatfs_pca10056 Release/Obj/diskio_blkdev.o
 .debug_info    0x0000000000022d94     0x5250 Output/fatfs_pca10056 Release/Obj/ff.o
 .debug_info    0x0000000000027fe4       0x26 Output/fatfs_pca10056 Release/Obj/ses_startup_nrf52840.o
 .debug_info    0x000000000002800a       0x26 Output/fatfs_pca10056 Release/Obj/ses_startup_nrf_common.o
 .debug_info    0x0000000000028030     0x14ad Output/fatfs_pca10056 Release/Obj/system_nrf52840.o

.debug_abbrev   0x0000000000000000     0x57ac
 .debug_abbrev  0x0000000000000000       0x12 Output/fatfs_pca10056 Release/Obj/thumb_crt0.o
 .debug_abbrev  0x0000000000000012      0x26b Output/fatfs_pca10056 Release/Obj/nrf_log_backend_serial.o
 .debug_abbrev  0x000000000000027d      0x3f5 Output/fatfs_pca10056 Release/Obj/nrf_log_backend_uart.o
 .debug_abbrev  0x0000000000000672      0x206 Output/fatfs_pca10056 Release/Obj/nrf_log_default_backends.o
 .debug_abbrev  0x0000000000000878      0x600 Output/fatfs_pca10056 Release/Obj/nrf_log_frontend.o
 .debug_abbrev  0x0000000000000e78      0x2b5 Output/fatfs_pca10056 Release/Obj/nrf_log_str_formatter.o
 .debug_abbrev  0x000000000000112d      0x39b Output/fatfs_pca10056 Release/Obj/boards.o
 .debug_abbrev  0x00000000000014c8      0x1d8 Output/fatfs_pca10056 Release/Obj/app_error.o
 .debug_abbrev  0x00000000000016a0      0x26a Output/fatfs_pca10056 Release/Obj/app_error_weak.o
 .debug_abbrev  0x000000000000190a      0x59b Output/fatfs_pca10056 Release/Obj/app_sdcard.o
 .debug_abbrev  0x0000000000001ea5      0x2b5 Output/fatfs_pca10056 Release/Obj/app_util_platform.o
 .debug_abbrev  0x000000000000215a      0x25a Output/fatfs_pca10056 Release/Obj/nrf_atomic.o
 .debug_abbrev  0x00000000000023b4      0x29d Output/fatfs_pca10056 Release/Obj/nrf_balloc.o
 .debug_abbrev  0x0000000000002651      0x2fa Output/fatfs_pca10056 Release/Obj/nrf_block_dev_sdc.o
 .debug_abbrev  0x000000000000294b      0x1de Output/fatfs_pca10056 Release/Obj/nrf_fprintf.o
 .debug_abbrev  0x0000000000002b29      0x368 Output/fatfs_pca10056 Release/Obj/nrf_fprintf_format.o
 .debug_abbrev  0x0000000000002e91      0x281 Output/fatfs_pca10056 Release/Obj/nrf_memobj.o
 .debug_abbrev  0x0000000000003112      0x1e7 Output/fatfs_pca10056 Release/Obj/nrf_ringbuf.o
 .debug_abbrev  0x00000000000032f9      0x2b9 Output/fatfs_pca10056 Release/Obj/nrf_drv_spi.o
 .debug_abbrev  0x00000000000035b2      0x274 Output/fatfs_pca10056 Release/Obj/nrf_drv_uart.o
 .debug_abbrev  0x0000000000003826      0x2f0 Output/fatfs_pca10056 Release/Obj/nrfx_prs.o
 .debug_abbrev  0x0000000000003b16      0x481 Output/fatfs_pca10056 Release/Obj/nrfx_spim.o
 .debug_abbrev  0x0000000000003f97      0x59f Output/fatfs_pca10056 Release/Obj/nrfx_uart.o
 .debug_abbrev  0x0000000000004536      0x507 Output/fatfs_pca10056 Release/Obj/nrfx_uarte.o
 .debug_abbrev  0x0000000000004a3d      0x2cd Output/fatfs_pca10056 Release/Obj/main.o
 .debug_abbrev  0x0000000000004d0a      0x3e6 Output/fatfs_pca10056 Release/Obj/diskio_blkdev.o
 .debug_abbrev  0x00000000000050f0      0x42d Output/fatfs_pca10056 Release/Obj/ff.o
 .debug_abbrev  0x000000000000551d       0x14 Output/fatfs_pca10056 Release/Obj/ses_startup_nrf52840.o
 .debug_abbrev  0x0000000000005531       0x14 Output/fatfs_pca10056 Release/Obj/ses_startup_nrf_common.o
 .debug_abbrev  0x0000000000005545      0x267 Output/fatfs_pca10056 Release/Obj/system_nrf52840.o

.debug_aranges  0x0000000000000000      0xa68
 .debug_aranges
                0x0000000000000000       0x80 Output/fatfs_pca10056 Release/Obj/thumb_crt0.o
 .debug_aranges
                0x0000000000000080       0x20 Output/fatfs_pca10056 Release/Obj/nrf_log_backend_serial.o
 .debug_aranges
                0x00000000000000a0       0x50 Output/fatfs_pca10056 Release/Obj/nrf_log_backend_uart.o
 .debug_aranges
                0x00000000000000f0       0x20 Output/fatfs_pca10056 Release/Obj/nrf_log_default_backends.o
 .debug_aranges
                0x0000000000000110       0xd0 Output/fatfs_pca10056 Release/Obj/nrf_log_frontend.o
 .debug_aranges
                0x00000000000001e0       0x40 Output/fatfs_pca10056 Release/Obj/nrf_log_str_formatter.o
 .debug_aranges
                0x0000000000000220       0x78 Output/fatfs_pca10056 Release/Obj/boards.o
 .debug_aranges