Archive member included to satisfy reference by file (symbol)

C:/Program Files/SEGGER/SEGGER Embedded Studio for ARM 4.40/lib/libm_v7em_fpv4_sp_d16_hard_t_le_eabi.a(libm_asm.o)
                              Output/Project Debug/Obj/mpu5060.o (__aeabi_dadd)
C:/Program Files/SEGGER/SEGGER Embedded Studio for ARM 4.40/lib/libm_v7em_fpv4_sp_d16_hard_t_le_eabi.a(libm2.o)
                              Output/Project Debug/Obj/NTC3950.o (log)
C:/Program Files/SEGGER/SEGGER Embedded Studio for ARM 4.40/lib/libc_v7em_fpv4_sp_d16_hard_t_le_eabi.a(libc2.o)
                              Output/Project Debug/Obj/nrf_log_str_formatter.o (isprint)
C:/Program Files/SEGGER/SEGGER Embedded Studio for ARM 4.40/lib/libc_v7em_fpv4_sp_d16_hard_t_le_eabi.a(libc2_asm.o)
                              Output/Project Debug/Obj/nrf_memobj.o (memcpy)
C:/Program Files/SEGGER/SEGGER Embedded Studio for ARM 4.40/lib/libc_v7em_fpv4_sp_d16_hard_t_le_eabi.a(libc.o)
                              C:/Program Files/SEGGER/SEGGER Embedded Studio for ARM 4.40/lib/libc_v7em_fpv4_sp_d16_hard_t_le_eabi.a(libc2.o) (__heap_lock)
C:/Program Files/SEGGER/SEGGER Embedded Studio for ARM 4.40/lib/libc_v7em_fpv4_sp_d16_hard_t_le_eabi.a(libc_asm.o)
                              C:/Program Files/SEGGER/SEGGER Embedded Studio for ARM 4.40/lib/libc_v7em_fpv4_sp_d16_hard_t_le_eabi.a(libc2.o) (__aeabi_uldivmod)
C:/Program Files/SEGGER/SEGGER Embedded Studio for ARM 4.40/lib/libdebugio_v7em_fpv4_sp_d16_hard_t_le_eabi.a(libdebugio.o)
                              Output/Project Debug/Obj/thumb_crt0.o (debug_fopen)
C:/Program Files/SEGGER/SEGGER Embedded Studio for ARM 4.40/lib/libdebugio_mempoll_v7em_fpv4_sp_d16_hard_t_le_eabi.a(mempoll_debug_operations.o)
                              C:/Program Files/SEGGER/SEGGER Embedded Studio for ARM 4.40/lib/libdebugio_v7em_fpv4_sp_d16_hard_t_le_eabi.a(libdebugio.o) (__do_debug_operation)
C:/Program Files/SEGGER/SEGGER Embedded Studio for ARM 4.40/lib/libdebugio_mempoll_v7em_fpv4_sp_d16_hard_t_le_eabi.a(do_nv_debug_operation.o)
                              C:/Program Files/SEGGER/SEGGER Embedded Studio for ARM 4.40/lib/libdebugio_v7em_fpv4_sp_d16_hard_t_le_eabi.a(libdebugio.o) (__do_nvdebug_operation)

Discarded input sections

 .text          0x0000000000000000        0x0 Output/Project Debug/Obj/thumb_crt0.o
 .data          0x0000000000000000        0x0 Output/Project Debug/Obj/thumb_crt0.o
 .bss           0x0000000000000000        0x0 Output/Project Debug/Obj/thumb_crt0.o
 .text.__aeabi_read_tp
                0x0000000000000000        0x8 Output/Project Debug/Obj/thumb_crt0.o
 .text.abort    0x0000000000000000        0x2 Output/Project Debug/Obj/thumb_crt0.o
 .text.__assert
                0x0000000000000000        0x2 Output/Project Debug/Obj/thumb_crt0.o
 .text.__aeabi_assert
                0x0000000000000000        0x2 Output/Project Debug/Obj/thumb_crt0.o
 .text.__sync_synchronize
                0x0000000000000000        0x2 Output/Project Debug/Obj/thumb_crt0.o
 .text.__getchar
                0x0000000000000000        0x4 Output/Project Debug/Obj/thumb_crt0.o
 .text.__putchar
                0x0000000000000000        0x4 Output/Project Debug/Obj/thumb_crt0.o
 .text.__open   0x0000000000000000        0x4 Output/Project Debug/Obj/thumb_crt0.o
 .text.__close  0x0000000000000000        0x4 Output/Project Debug/Obj/thumb_crt0.o
 .text.__write  0x0000000000000000        0xa Output/Project Debug/Obj/thumb_crt0.o
 .text.__read   0x0000000000000000        0xa Output/Project Debug/Obj/thumb_crt0.o
 .text.__seek   0x0000000000000000       0x1a Output/Project Debug/Obj/thumb_crt0.o
 .bss.__user_locale_name_buffer
                0x0000000000000000        0x4 Output/Project Debug/Obj/thumb_crt0.o
 .stack         0x0000000000000000        0x0 Output/Project Debug/Obj/thumb_crt0.o
 .stack_process
                0x0000000000000000        0x0 Output/Project Debug/Obj/thumb_crt0.o
 .heap          0x0000000000000000        0x0 Output/Project Debug/Obj/thumb_crt0.o
 .group         0x0000000000000000        0xc Output/Project Debug/Obj/boards.o
 .group         0x0000000000000000        0xc Output/Project Debug/Obj/boards.o
 .group         0x0000000000000000        0xc Output/Project Debug/Obj/boards.o
 .group         0x0000000000000000        0xc Output/Project Debug/Obj/boards.o
 .group         0x0000000000000000        0xc Output/Project Debug/Obj/boards.o
 .group         0x0000000000000000        0xc Output/Project Debug/Obj/boards.o
 .group         0x0000000000000000        0xc Output/Project Debug/Obj/boards.o
 .group         0x0000000000000000        0xc Output/Project Debug/Obj/boards.o
 .group         0x0000000000000000        0xc Output/Project Debug/Obj/boards.o
 .group         0x0000000000000000        0xc Output/Project Debug/Obj/boards.o
 .group         0x0000000000000000        0xc Output/Project Debug/Obj/boards.o
 .group         0x0000000000000000        0xc Output/Project Debug/Obj/boards.o
[...]
Memory Configuration

Name             Origin             Length             Attributes
UNPLACED_SECTIONS 0x0000000100000000 0x0000000000000000 xw
RAM              0x0000000020000000 0x0000000000040000 xw
FLASH            0x0000000000000000 0x0000000000100000 xw
*default*        0x0000000000000000 0xffffffffffffffff

Linker script and memory map

                0x0000000000000000                __vfprintf = __vfprintf_long
                0x0000000000000000                __vfscanf = __vfscanf_long
                0x0000000020000000                __RAM_segment_start__ = 0x20000000
                0x0000000020040000                __RAM_segment_end__ = 0x20040000
                0x0000000000040000                __RAM_segment_size__ = 0x40000
                0x0000000000000000                __FLASH_segment_start__ = 0x0
                0x0000000000100000                __FLASH_segment_end__ = 0x100000
                0x0000000000100000                __FLASH_segment_size__ = 0x100000
                0x0000000000002000                __HEAPSIZE__ = 0x2000
                0x0000000000000000                __STACKSIZE_PROCESS__ = 0x0
                0x0000000000002000                __STACKSIZE__ = 0x2000
                0x0000000020000000                __vectors_ram_load_start__ = 0x20000000

.vectors_ram    0x0000000020000000        0x0
                0x0000000020000000                __vectors_ram_start__ = .
                0x0000000020000000                __app_ram_start__ = __vectors_ram_start__
 *(.vectors_ram .vectors_ram.*)
                0x0000000020000000                __vectors_ram_end__ = (__vectors_ram_start__ + SIZEOF (.vectors_ram))
                0x0000000000000000                __vectors_ram_size__ = SIZEOF (.vectors_ram)
                0x0000000020000000                __vectors_ram_load_end__ = __vectors_ram_end__
                0x0000000000000001                . = ASSERT (((__vectors_ram_start__ == __vectors_ram_end__) || ((__vectors_ram_end__ - __RAM_segment_start__) <= __RAM_segment_size__)), error: .vectors_ram is too large to fit in RAM memory segment)
                0x0000000020000000                __nrf_sections_run_load_start__ = ALIGN (__vectors_ram_end__, 0x4)

.nrf_sections_run
                0x0000000020000000        0x0
                0x0000000020000000                __nrf_sections_run_start__ = .
                0x0000000020000000                __start_nrf_sections_run = __nrf_sections_run_start__
 *(.nrf_sections_run .nrf_sections_run.*)
                0x0000000020000000                __nrf_sections_run_end__ = (__nrf_sections_run_start__ + SIZEOF (.nrf_sections_run))
                0x0000000000000000                __nrf_sections_run_size__ = SIZEOF (.nrf_sections_run)
                0x0000000020000000                __nrf_sections_run_load_end__ = __nrf_sections_run_end__
                0x0000000000000001                . = ASSERT (((__nrf_sections_run_start__ == __nrf_sections_run_end__) || ((__nrf_sections_run_end__ - __RAM_segment_start__) <= __RAM_segment_size__)), error: .nrf_sections_run is too large to fit in RAM memory segment)
                0x0000000000000000                __vectors_load_start__ = 0x0

.vectors        0x0000000000000000      0x200
                0x0000000000000000                __vectors_start__ = .
 *(.vectors .vectors.*)
 .vectors       0x0000000000000000      0x200 Output/Project Debug/Obj/ses_startup_nrf52840.o
                0x0000000000000000                _vectors
                0x0000000000000200                __vectors_end__ = (__vectors_start__ + SIZEOF (.vectors))
                0x0000000000000200                __vectors_size__ = SIZEOF (.vectors)
                0x0000000000000200                __vectors_load_end__ = __vectors_end__
                0x0000000000000001                . = ASSERT (((__vectors_start__ == __vectors_end__) || ((__vectors_end__ - __FLASH_segment_start__) <= __FLASH_segment_size__)), error: .vectors is too large to fit in FLASH memory segment)
                0x0000000000000200                __init_load_start__ = ALIGN (__vectors_end__, 0x4)

.init           0x0000000000000200      0x1d0
                0x0000000000000200                __init_start__ = .
 *(.init .init.*)
 .init          0x0000000000000200      0x15c Output/Project Debug/Obj/thumb_crt0.o
                0x0000000000000200                _start
                0x00000000000002b4                exit
 .init          0x000000000000035c       0x18 Output/Project Debug/Obj/ses_startup_nrf52840.o
                0x000000000000035c                NMI_Handler
                0x000000000000035e                HardFault_Handler
                0x0000000000000360                MemoryManagement_Handler
                0x0000000000000362                BusFault_Handler
                0x0000000000000364                UsageFault_Handler
                0x0000000000000366                SVC_Handler
                0x0000000000000368                DebugMon_Handler
                0x000000000000036a                PendSV_Handler
                0x000000000000036c                SysTick_Handler
                0x000000000000036e                PWM1_IRQHandler
                0x000000000000036e                SWI0_EGU0_IRQHandler
                0x000000000000036e                POWER_CLOCK_IRQHandler
                0x000000000000036e                RADIO_IRQHandler
                0x000000000000036e                PDM_IRQHandler
                0x000000000000036e                TEMP_IRQHandler
                0x000000000000036e                GPIOTE_IRQHandler
                0x000000000000036e                TIMER3_IRQHandler
                0x000000000000036e                PWM3_IRQHandler
                0x000000000000036e                FPU_IRQHandler
                0x000000000000036e                USBD_IRQHandler
                0x000000000000036e                SWI2_EGU2_IRQHandler
                0x000000000000036e                TIMER4_IRQHandler
                0x000000000000036e                CRYPTOCELL_IRQHandler
                0x000000000000036e                QDEC_IRQHandler
                0x000000000000036e                SWI4_EGU4_IRQHandler
                0x000000000000036e                TIMER0_IRQHandler
                0x000000000000036e                UARTE1_IRQHandler
                0x000000000000036e                Dummy_Handler
                0x000000000000036e                TIMER1_IRQHandler
                0x000000000000036e                SPIM3_IRQHandler
                0x000000000000036e                PWM2_IRQHandler
                0x000000000000036e                ECB_IRQHandler
                0x000000000000036e                SPIM1_SPIS1_TWIM1_TWIS1_SPI1_TWI1_IRQHandler
                0x000000000000036e                SAADC_IRQHandler
                0x000000000000036e                CCM_AAR_IRQHandler
                0x000000000000036e                WDT_IRQHandler
                0x000000000000036e                QSPI_IRQHandler
                0x000000000000036e                SWI5_EGU5_IRQHandler
                0x000000000000036e                RNG_IRQHandler
                0x000000000000036e                RTC2_IRQHandler
                0x000000000000036e                PWM0_IRQHandler
                0x000000000000036e                SWI3_EGU3_IRQHandler
                0x000000000000036e                RTC1_IRQHandler
                0x000000000000036e                SWI1_EGU1_IRQHandler
                0x000000000000036e                SPIM2_SPIS2_SPI2_IRQHandler
                0x000000000000036e                NFCT_IRQHandler
                0x000000000000036e                I2S_IRQHandler
                0x000000000000036e                MWU_IRQHandler
                0x000000000000036e                TIMER2_IRQHandler
                0x000000000000036e                COMP_LPCOMP_IRQHandler
                0x0000000000000370                nRFInitialize
 .init          0x0000000000000374       0x5c Output/Project Debug/Obj/ses_startup_nrf_common.o
                0x0000000000000374                Reset_Handler
                0x0000000000000378                afterInitialize
                0x000000000000039c                InitializeUserMemorySections
                0x00000000000003d0                __init_end__ = (__init_start__ + SIZEOF (.init))
                0x00000000000001d0                __init_size__ = SIZEOF (.init)
                0x00000000000003d0                __init_load_end__ = __init_end__
                0x0000000000000001                . = ASSERT (((__init_start__ == __init_end__) || ((__init_end__ - __FLASH_segment_start__) <= __FLASH_segment_size__)), error: .init is too large to fit in FLASH memory segment)
                0x00000000000003d0                __init_rodata_load_start__ = ALIGN (__init_end__, 0x4)

.init_rodata    0x00000000000003d0        0x0
                0x00000000000003d0                __init_rodata_start__ = .
 *(.init_rodata .init_rodata.*)
                0x00000000000003d0                __init_rodata_end__ = (__init_rodata_start__ + SIZEOF (.init_rodata))
                0x0000000000000000                __init_rodata_size__ = SIZEOF (.init_rodata)
                0x00000000000003d0                __init_rodata_load_end__ = __init_rodata_end__
                0x0000000000000001                . = ASSERT (((__init_rodata_start__ == __init_rodata_end__) || ((__init_rodata_end__ - __FLASH_segment_start__) <= __FLASH_segment_size__)), error: .init_rodata is too large to fit in FLASH memory segment)
                0x00000000000003d0                __text_load_start__ = ALIGN (__init_rodata_end__, 0x4)

.text           0x00000000000003d0     0x6270
                0x00000000000003d0                __text_start__ = .
 *(.text .text.* .glue_7t .glue_7 .gnu.linkonce.t.* .gcc_except_table .ARM.extab* .gnu.linkonce.armextab.*)
 .glue_7        0x00000000000003d0        0x0 linker stubs
 .glue_7t       0x00000000000003d0        0x0 linker stubs
 .text.nrf_gpio_pin_port_decode
                0x00000000000003d0       0x44 Output/Project Debug/Obj/boards.o
 .text.nrf_gpio_cfg
                0x0000000000000414       0x62 Output/Project Debug/Obj/boards.o
 .text.nrf_gpio_cfg_output
                0x0000000000000476       0x22 Output/Project Debug/Obj/boards.o
 .text.nrf_gpio_cfg_input
                0x0000000000000498       0x2a Output/Project Debug/Obj/boards.o
 .text.nrf_gpio_pin_set
                0x00000000000004c2       0x28 Output/Project Debug/Obj/boards.o
 .text.nrf_gpio_pin_clear
                0x00000000000004ea       0x28 Output/Project Debug/Obj/boards.o
 .text.nrf_gpio_pin_write
                0x0000000000000512       0x24 Output/Project Debug/Obj/boards.o
 .text.nrf_gpio_port_out_set
                0x0000000000000536       0x14 Output/Project Debug/Obj/boards.o
 .text.nrf_gpio_port_out_clear
                0x000000000000054a       0x14 Output/Project Debug/Obj/boards.o
 *fill*         0x000000000000055e        0x2 
 .text.bsp_board_led_off
                0x0000000000000560       0x34 Output/Project Debug/Obj/boards.o
                0x0000000000000560                bsp_board_led_off
 .text.bsp_board_leds_off
                0x0000000000000594       0x26 Output/Project Debug/Obj/boards.o
                0x0000000000000594                bsp_board_leds_off
 *fill*         0x00000000000005ba        0x2 
 .text.bsp_board_leds_init
                0x00000000000005bc       0x34 Output/Project Debug/Obj/boards.o
 .text.bsp_board_buttons_init
                0x00000000000005f0       0x34 Output/Project Debug/Obj/boards.o
 .text.bsp_board_init
                0x0000000000000624       0x2a Output/Project Debug/Obj/boards.o
                0x0000000000000624                bsp_board_init
 *fill*         0x000000000000064e        0x2 
 .text.app_error_save_and_stop
                0x0000000000000650       0x9c Output/Project Debug/Obj/app_error.o
                0x0000000000000650                app_error_save_and_stop
 .text.app_error_handler
                0x00000000000006ec       0x1c Output/Project Debug/Obj/app_error_handler_gcc.o
                0x00000000000006ec                app_error_handler
 .text.app_error_fault_handler
                0x0000000000000708      0x104 Output/Project Debug/Obj/app_error_weak.o
                0x0000000000000708                app_error_fault_handler
 .text.app_util_disable_irq
                0x000000000000080c       0x18 Output/Project Debug/Obj/app_util_platform.o
                0x000000000000080c                app_util_disable_irq
 .text.app_util_enable_irq
                0x0000000000000824       0x20 Output/Project Debug/Obj/app_util_platform.o
                0x0000000000000824                app_util_enable_irq
 .text.app_util_critical_region_enter
                0x0000000000000844       0x28 Output/Project Debug/Obj/app_util_platform.o
                0x0000000000000844                app_util_critical_region_enter
 .text.app_util_critical_region_exit
                0x000000000000086c       0x2c Output/Project Debug/Obj/app_util_platform.o
                0x000000000000086c                app_util_critical_region_exit
 .text.privilege_level_get
                0x0000000000000898       0x3a Output/Project Debug/Obj/app_util_platform.o
                0x0000000000000898                privilege_level_get
 .text.assert_nrf_callback
                0x00000000000008d2       0x2e Output/Project Debug/Obj/nrf_assert.o
                0x00000000000008d2                assert_nrf_callback
 .text.nrf_atomic_u32_fetch_store
                0x0000000000000900       0x2e Output/Project Debug/Obj/nrf_atomic.o
                0x0000000000000900                nrf_atomic_u32_fetch_store
 .text.nrf_atomic_u32_or
                0x000000000000092e       0x30 Output/Project Debug/Obj/nrf_atomic.o
                0x000000000000092e                nrf_atomic_u32_or
 .text.nrf_atomic_u32_fetch_and
                0x000000000000095e       0x30 Output/Project Debug/Obj/nrf_atomic.o
                0x000000000000095e                nrf_atomic_u32_fetch_and
 .text.nrf_atomic_u32_add
                0x000000000000098e       0x30 Output/Project Debug/Obj/nrf_atomic.o
                0x000000000000098e                nrf_atomic_u32_add
 .text.nrf_atomic_u32_sub
                0x00000000000009be       0x30 Output/Project Debug/Obj/nrf_atomic.o
                0x00000000000009be                nrf_atomic_u32_sub
 .text.nrf_atomic_flag_set
                0x00000000000009ee       0x18 Output/Project Debug/Obj/nrf_atomic.o
                0x00000000000009ee                nrf_atomic_flag_set
 .text.nrf_atomic_flag_clear_fetch
                0x0000000000000a06       0x18 Output/Project Debug/Obj/nrf_atomic.o
                0x0000000000000a06                nrf_atomic_flag_clear_fetch
 *fill*         0x0000000000000a1e        0x2 
 .text.nrf_balloc_idx2block
                0x0000000000000a20       0x38 Output/Project Debug/Obj/nrf_balloc.o
 .text.nrf_balloc_block2idx
                0x0000000000000a58       0x34 Output/Project Debug/Obj/nrf_balloc.o
 .text.nrf_balloc_init
                0x0000000000000a8c       0xb8 Output/Project Debug/Obj/nrf_balloc.o
                0x0000000000000a8c                nrf_balloc_init
 .text.nrf_balloc_alloc
                0x0000000000000b44       0x84 Output/Project Debug/Obj/nrf_balloc.o
                0x0000000000000b44                nrf_balloc_alloc
 .text.nrf_balloc_free
                0x0000000000000bc8       0x58 Output/Project Debug/Obj/nrf_balloc.o
                0x0000000000000bc8                nrf_balloc_free
 .text.nrf_fprintf_buffer_flush
                0x0000000000000c20       0x44 Output/Project Debug/Obj/nrf_fprintf.o
                0x0000000000000c20                nrf_fprintf_buffer_flush
 .text.nrf_fprintf
                0x0000000000000c64       0x74 Output/Project Debug/Obj/nrf_fprintf.o
                0x0000000000000c64                nrf_fprintf
 .text.buffer_add
                0x0000000000000cd8       0x4c Output/Project Debug/Obj/nrf_fprintf_format.o
 .text.string_print
                0x0000000000000d24       0xc2 Output/Project Debug/Obj/nrf_fprintf_format.o
 *fill*         0x0000000000000de6        0x2 
 .text.unsigned_print
                0x0000000000000de8      0x130 Output/Project Debug/Obj/nrf_fprintf_format.o
 .text.int_print
                0x0000000000000f18      0x11c Output/Project Debug/Obj/nrf_fprintf_format.o
 .text.nrf_fprintf_fmt
                0x0000000000001034      0x388 Output/Project Debug/Obj/nrf_fprintf_format.o
                0x0000000000001034                nrf_fprintf_fmt
 .text.nrf_memobj_pool_init
                0x00000000000013bc       0x16 Output/Project Debug/Obj/nrf_memobj.o
                0x00000000000013bc                nrf_memobj_pool_init
 .text.nrf_memobj_alloc
                0x00000000000013d2       0xae Output/Project Debug/Obj/nrf_memobj.o
                0x00000000000013d2                nrf_memobj_alloc
 .text.nrf_memobj_free
                0x0000000000001480       0x74 Output/Project Debug/Obj/nrf_memobj.o
                0x0000000000001480                nrf_memobj_free
 .text.nrf_memobj_get
                0x00000000000014f4       0x1e Output/Project Debug/Obj/nrf_memobj.o
                0x00000000000014f4                nrf_memobj_get
 .text.nrf_memobj_put
                0x0000000000001512       0x34 Output/Project Debug/Obj/nrf_memobj.o
                0x0000000000001512                nrf_memobj_put
 *fill*         0x0000000000001546        0x2 
 .text.memobj_op
                0x0000000000001548      0x124 Output/Project Debug/Obj/nrf_memobj.o
 .text.nrf_memobj_write
                0x000000000000166c       0x3c Output/Project Debug/Obj/nrf_memobj.o
                0x000000000000166c                nrf_memobj_write
 .text.nrf_memobj_read
                0x00000000000016a8       0x40 Output/Project Debug/Obj/nrf_memobj.o
                0x00000000000016a8                nrf_memobj_read
 .text.nrf_ringbuf_init
                0x00000000000016e8       0x3a Output/Project Debug/Obj/nrf_ringbuf.o
                0x00000000000016e8                nrf_ringbuf_init
 *fill*         0x0000000000001722        0x2 
 .text.nrf_strerror_get
                0x0000000000001724       0x28 Output/Project Debug/Obj/nrf_strerror.o
                0x0000000000001724                nrf_strerror_get
 .text.nrf_strerror_find
                0x000000000000174c       0x68 Output/Project Debug/Obj/nrf_strerror.o
                0x000000000000174c                nrf_strerror_find
 .text.nrf_log_backend_serial_put
                0x00000000000017b4      0x124 Output/Project Debug/Obj/nrf_log_backend_serial.o
                0x00000000000017b4                nrf_log_backend_serial_put
 .text.nrf_drv_uart_uninit
                0x00000000000018d8       0x44 Output/Project Debug/Obj/nrf_log_backend_uart.o
 .text.nrf_drv_uart_tx
                0x000000000000191c       0x64 Output/Project Debug/Obj/nrf_log_backend_uart.o
 .text.uart_evt_handler
                0x0000000000001980       0x18 Output/Project Debug/Obj/nrf_log_backend_uart.o
 .text.uart_init
                0x0000000000001998       0x88 Output/Project Debug/Obj/nrf_log_backend_uart.o
 .text.nrf_log_backend_uart_init
                0x0000000000001a20       0x1c Output/Project Debug/Obj/nrf_log_backend_uart.o
                0x0000000000001a20                nrf_log_backend_uart_init
 .text.serial_tx
                0x0000000000001a3c       0x6c Output/Project Debug/Obj/nrf_log_backend_uart.o
 .text.nrf_log_backend_uart_put
                0x0000000000001aa8       0x28 Output/Project Debug/Obj/nrf_log_backend_uart.o
 .text.nrf_log_backend_uart_flush
                0x0000000000001ad0        0xa Output/Project Debug/Obj/nrf_log_backend_uart.o
 *fill*         0x0000000000001ada        0x2 
 .text.nrf_log_backend_uart_panic_set
                0x0000000000001adc       0x20 Output/Project Debug/Obj/nrf_log_backend_uart.o
 .text.nrf_log_backend_enable
                0x0000000000001afc       0x12 Output/Project Debug/Obj/nrf_log_default_backends.o
 *fill*         0x0000000000001b0e        0x2 
 .text.nrf_log_default_backends_init
                0x0000000000001b10       0x3c Output/Project Debug/Obj/nrf_log_default_backends.o
                0x0000000000001b10                nrf_log_default_backends_init
 .text.nrf_log_backend_put
                0x0000000000001b4c       0x1c Output/Project Debug/Obj/nrf_log_frontend.o
 .text.nrf_log_backend_panic_set
                0x0000000000001b68       0x18 Output/Project Debug/Obj/nrf_log_frontend.o
 .text.nrf_log_backend_flush
                0x0000000000001b80       0x18 Output/Project Debug/Obj/nrf_log_frontend.o
 .text.nrf_log_backend_id_set
                0x0000000000001b98       0x1a Output/Project Debug/Obj/nrf_log_frontend.o
 .text.nrf_log_backend_id_get
                0x0000000000001bb2       0x10 Output/Project Debug/Obj/nrf_log_frontend.o
 .text.nrf_log_backend_enable
                0x0000000000001bc2       0x12 Output/Project Debug/Obj/nrf_log_frontend.o
 .text.nrf_log_backend_is_enabled
                0x0000000000001bd4       0x10 Output/Project Debug/Obj/nrf_log_frontend.o
 .text.nrf_log_init
                0x0000000000001be4       0x74 Output/Project Debug/Obj/nrf_log_frontend.o
                0x0000000000001be4                nrf_log_init
 .text.nrf_log_module_cnt_get
                0x0000000000001c58       0x14 Output/Project Debug/Obj/nrf_log_frontend.o
                0x0000000000001c58                nrf_log_module_cnt_get
 .text.module_idx_get
                0x0000000000001c6c       0x64 Output/Project Debug/Obj/nrf_log_frontend.o
 .text.nrf_log_module_name_get
                0x0000000000001cd0       0x40 Output/Project Debug/Obj/nrf_log_frontend.o
                0x0000000000001cd0                nrf_log_module_name_get
 .text.nrf_log_color_id_get
                0x0000000000001d10       0x70 Output/Project Debug/Obj/nrf_log_frontend.o
                0x0000000000001d10                nrf_log_color_id_get
 .text.invalid_packets_omit
                0x0000000000001d80       0x6e Output/Project Debug/Obj/nrf_log_frontend.o
 *fill*         0x0000000000001dee        0x2 
 .text.log_skip
                0x0000000000001df0      0x114 Output/Project Debug/Obj/nrf_log_frontend.o
 .text.dropped_sat16_get
                0x0000000000001f04       0x28 Output/Project Debug/Obj/nrf_log_frontend.o
 .text.std_header_set
                0x0000000000001f2c       0xb4 Output/Project Debug/Obj/nrf_log_frontend.o
 .text.buf_prealloc
                0x0000000000001fe0      0x124 Output/Project Debug/Obj/nrf_log_frontend.o
 .text.std_n    0x0000000000002104       0x90 Output/Project Debug/Obj/nrf_log_frontend.o
 .text.nrf_log_frontend_std_0
                0x0000000000002194       0x1c Output/Project Debug/Obj/nrf_log_frontend.o
                0x0000000000002194                nrf_log_frontend_std_0
 .text.nrf_log_frontend_std_1
                0x00000000000021b0       0x22 Output/Project Debug/Obj/nrf_log_frontend.o
                0x00000000000021b0                nrf_log_frontend_std_1
 .text.nrf_log_frontend_std_2
                0x00000000000021d2       0x28 Output/Project Debug/Obj/nrf_log_frontend.o
                0x00000000000021d2                nrf_log_frontend_std_2
 .text.nrf_log_frontend_std_3
                0x00000000000021fa       0x2c Output/Project Debug/Obj/nrf_log_frontend.o
                0x00000000000021fa                nrf_log_frontend_std_3
 .text.nrf_log_frontend_std_5
                0x0000000000002226       0x34 Output/Project Debug/Obj/nrf_log_frontend.o
                0x0000000000002226                nrf_log_frontend_std_5
 *fill*         0x000000000000225a        0x2 
 .text.buffer_is_empty
                0x000000000000225c       0x1c Output/Project Debug/Obj/nrf_log_frontend.o
                0x000000000000225c                buffer_is_empty
 .text.nrf_log_frontend_dequeue
                0x0000000000002278      0x39c Output/Project Debug/Obj/nrf_log_frontend.o
                0x0000000000002278                nrf_log_frontend_dequeue
 .text.backend_id_assign
                0x0000000000002614       0x68 Output/Project Debug/Obj/nrf_log_frontend.o
 .text.nrf_log_backend_add
                0x000000000000267c       0x70 Output/Project Debug/Obj/nrf_log_frontend.o
                0x000000000000267c                nrf_log_backend_add
 .text.nrf_log_panic
                0x00000000000026ec       0x40 Output/Project Debug/Obj/nrf_log_frontend.o
                0x00000000000026ec                nrf_log_panic
 .text.timestamp_print
                0x000000000000272c        0xc Output/Project Debug/Obj/nrf_log_str_formatter.o
 .text.prefix_process
                0x0000000000002738       0xb0 Output/Project Debug/Obj/nrf_log_str_formatter.o
 .text.postfix_process
                0x00000000000027e8       0x60 Output/Project Debug/Obj/nrf_log_str_formatter.o
 .text.nrf_log_std_entry_process
                0x0000000000002848      0x144 Output/Project Debug/Obj/nrf_log_str_formatter.o
                0x0000000000002848                nrf_log_std_entry_process
 .text.nrf_log_hexdump_entry_process
                0x000000000000298c       0xf0 Output/Project Debug/Obj/nrf_log_str_formatter.o
                0x000000000000298c                nrf_log_hexdump_entry_process
 .text.uarte_evt_handler
                0x0000000000002a7c       0x50 Output/Project Debug/Obj/nrf_drv_uart.o
 .text.uart_evt_handler
                0x0000000000002acc       0x50 Output/Project Debug/Obj/nrf_drv_uart.o
 .text.nrf_drv_uart_init
                0x0000000000002b1c       0xdc Output/Project Debug/Obj/nrf_drv_uart.o
                0x0000000000002b1c                nrf_drv_uart_init
 .text.UARTE0_UART0_IRQHandler
                0x0000000000002bf8       0x24 Output/Project Debug/Obj/nrfx_prs.o
                0x0000000000002bf8                UARTE0_UART0_IRQHandler
 .text.prs_box_get
                0x0000000000002c1c       0x20 Output/Project Debug/Obj/nrfx_prs.o
 .text.nrfx_prs_acquire
                0x0000000000002c3c       0x74 Output/Project Debug/Obj/nrfx_prs.o
                0x0000000000002c3c                nrfx_prs_acquire
 .text.nrfx_prs_release
                0x0000000000002cb0       0x3c Output/Project Debug/Obj/nrfx_prs.o
                0x0000000000002cb0                nrfx_prs_release
 .text.nrf_spim_event_clear
                0x0000000000002cec       0x2a Output/Project Debug/Obj/nrfx_spim.o
 .text.nrf_spim_event_check
                0x0000000000002d16       0x24 Output/Project Debug/Obj/nrfx_spim.o
 *fill*         0x0000000000002d3a        0x2 
 .text.nrf_gpio_pin_port_decode
                0x0000000000002d3c       0x44 Output/Project Debug/Obj/nrfx_spim.o
 .text.nrf_gpio_pin_set
                0x0000000000002d80       0x28 Output/Project Debug/Obj/nrfx_spim.o
 .text.nrf_gpio_pin_clear
                0x0000000000002da8       0x28 Output/Project Debug/Obj/nrfx_spim.o
 .text.nrf_gpio_port_out_set
                0x0000000000002dd0       0x14 Output/Project Debug/Obj/nrfx_spim.o
 .text.nrf_gpio_port_out_clear
                0x0000000000002de4       0x14 Output/Project Debug/Obj/nrfx_spim.o
 .text.finish_transfer
                0x0000000000002df8       0x52 Output/Project Debug/Obj/nrfx_spim.o
 *fill*         0x0000000000002e4a        0x2 
 .text.irq_handler
                0x0000000000002e4c       0x48 Output/Project Debug/Obj/nrfx_spim.o
 .text.SPIM0_SPIS0_TWIM0_TWIS0_SPI0_TWI0_IRQHandler
                0x0000000000002e94       0x18 Output/Project Debug/Obj/nrfx_spim.o
                0x0000000000002e94                SPIM0_SPIS0_TWIM0_TWIS0_SPI0_TWI0_IRQHandler
 .text.NVIC_EnableIRQ
                0x0000000000002eac       0x2c Output/Project Debug/Obj/nrfx_uart.o
 .text.NVIC_DisableIRQ
                0x0000000000002ed8       0x30 Output/Project Debug/Obj/nrfx_uart.o
 .text.NVIC_SetPriority
                0x0000000000002f08       0x50 Output/Project Debug/Obj/nrfx_uart.o
 .text.nrfx_get_irq_number
                0x0000000000002f58       0x10 Output/Project Debug/Obj/nrfx_uart.o
 .text._NRFX_IRQ_PRIORITY_SET
                0x0000000000002f68       0x40 Output/Project Debug/Obj/nrfx_uart.o
 .text._NRFX_IRQ_ENABLE
                0x0000000000002fa8       0x1c Output/Project Debug/Obj/nrfx_uart.o
 .text._NRFX_IRQ_DISABLE
                0x0000000000002fc4       0x1c Output/Project Debug/Obj/nrfx_uart.o
 .text.nrf_uart_event_clear
                0x0000000000002fe0       0x2a Output/Project Debug/Obj/nrfx_uart.o
 .text.nrf_uart_event_check
                0x000000000000300a       0x24 Output/Project Debug/Obj/nrfx_uart.o
 .text.nrf_uart_int_enable
                0x000000000000302e       0x14 Output/Project Debug/Obj/nrfx_uart.o
 .text.nrf_uart_int_enable_check
                0x0000000000003042       0x20 Output/Project Debug/Obj/nrfx_uart.o
 .text.nrf_uart_int_disable
                0x0000000000003062       0x14 Output/Project Debug/Obj/nrfx_uart.o
 .text.nrf_uart_errorsrc_get_and_clear
                0x0000000000003076       0x1c Output/Project Debug/Obj/nrfx_uart.o
 .text.nrf_uart_enable
                0x0000000000003092       0x12 Output/Project Debug/Obj/nrfx_uart.o
 .text.nrf_uart_disable
                0x00000000000030a4       0x12 Output/Project Debug/Obj/nrfx_uart.o
 .text.nrf_uart_txrx_pins_set
                0x00000000000030b6       0x1e Output/Project Debug/Obj/nrfx_uart.o
 .text.nrf_uart_txrx_pins_disconnect
                0x00000000000030d4       0x1c Output/Project Debug/Obj/nrfx_uart.o
 .text.nrf_uart_tx_pin_get
                0x00000000000030f0       0x10 Output/Project Debug/Obj/nrfx_uart.o
 .text.nrf_uart_rx_pin_get
                0x0000000000003100       0x10 Output/Project Debug/Obj/nrfx_uart.o
 .text.nrf_uart_rts_pin_get
                0x0000000000003110       0x10 Output/Project Debug/Obj/nrfx_uart.o
 .text.nrf_uart_cts_pin_get
                0x0000000000003120       0x10 Output/Project Debug/Obj/nrfx_uart.o
 .text.nrf_uart_hwfc_pins_set
                0x0000000000003130       0x1e Output/Project Debug/Obj/nrfx_uart.o
 .text.nrf_uart_hwfc_pins_disconnect
                0x000000000000314e       0x1c Output/Project Debug/Obj/nrfx_uart.o
 .text.nrf_uart_rxd_get
                0x000000000000316a       0x12 Output/Project Debug/Obj/nrfx_uart.o
 .text.nrf_uart_txd_set
                0x000000000000317c       0x1a Output/Project Debug/Obj/nrfx_uart.o
 .text.nrf_uart_task_trigger
                0x0000000000003196       0x1c Output/Project Debug/Obj/nrfx_uart.o
 .text.nrf_uart_configure
                0x00000000000031b2       0x2a Output/Project Debug/Obj/nrfx_uart.o
 .text.nrf_uart_baudrate_set
                0x00000000000031dc       0x14 Output/Project Debug/Obj/nrfx_uart.o
 .text.nrf_gpio_pin_port_decode
                0x00000000000031f0       0x44 Output/Project Debug/Obj/nrfx_uart.o
 .text.nrf_gpio_cfg
                0x0000000000003234       0x62 Output/Project Debug/Obj/nrfx_uart.o
 .text.nrf_gpio_cfg_output
                0x0000000000003296       0x22 Output/Project Debug/Obj/nrfx_uart.o
 .text.nrf_gpio_cfg_input
                0x00000000000032b8       0x2a Output/Project Debug/Obj/nrfx_uart.o
 .text.nrf_gpio_cfg_default
                0x00000000000032e2       0x22 Output/Project Debug/Obj/nrfx_uart.o
 .text.nrf_gpio_pin_set
                0x0000000000003304       0x28 Output/Project Debug/Obj/nrfx_uart.o
 .text.nrf_gpio_port_out_set
                0x000000000000332c       0x14 Output/Project Debug/Obj/nrfx_uart.o
 .text.apply_config
                0x0000000000003340       0xc6 Output/Project Debug/Obj/nrfx_uart.o
 *fill*         0x0000000000003406        0x2 
 .text.interrupts_enable
                0x0000000000003408       0x6c Output/Project Debug/Obj/nrfx_uart.o
 .text.interrupts_disable
                0x0000000000003474       0x30 Output/Project Debug/Obj/nrfx_uart.o
 .text.pins_to_default
                0x00000000000034a4       0x8a Output/Project Debug/Obj/nrfx_uart.o
 *fill*         0x000000000000352e        0x2 
 .text.nrfx_uart_init
                0x0000000000003530       0xd4 Output/Project Debug/Obj/nrfx_uart.o
                0x0000000000003530                nrfx_uart_init
 .text.nrfx_uart_uninit
                0x0000000000003604       0x5c Output/Project Debug/Obj/nrfx_uart.o
                0x0000000000003604                nrfx_uart_uninit
 .text.tx_byte  0x0000000000003660       0x40 Output/Project Debug/Obj/nrfx_uart.o
 .text.tx_blocking
                0x00000000000036a0       0x52 Output/Project Debug/Obj/nrfx_uart.o
 *fill*         0x00000000000036f2        0x2 
 .text.nrfx_uart_tx
                0x00000000000036f4      0x110 Output/Project Debug/Obj/nrfx_uart.o
                0x00000000000036f4                nrfx_uart_tx
 .text.nrfx_uart_tx_in_progress
                0x0000000000003804       0x2c Output/Project Debug/Obj/nrfx_uart.o
                0x0000000000003804                nrfx_uart_tx_in_progress
 .text.rx_byte  0x0000000000003830       0x4e Output/Project Debug/Obj/nrfx_uart.o
 .text.rx_done_event
                0x000000000000387e       0x2e Output/Project Debug/Obj/nrfx_uart.o
 .text.tx_done_event
                0x00000000000038ac       0x34 Output/Project Debug/Obj/nrfx_uart.o
 .text.uart_irq_handler
                0x00000000000038e0      0x1de Output/Project Debug/Obj/nrfx_uart.o
 *fill*         0x0000000000003abe        0x2 
 .text.nrfx_uart_0_irq_handler
                0x0000000000003ac0       0x18 Output/Project Debug/Obj/nrfx_uart.o
                0x0000000000003ac0                nrfx_uart_0_irq_handler
 .text.NVIC_EnableIRQ
                0x0000000000003ad8       0x2c Output/Project Debug/Obj/nrfx_uarte.o
 .text.NVIC_DisableIRQ
                0x0000000000003b04       0x30 Output/Project Debug/Obj/nrfx_uarte.o
 .text.NVIC_SetPriority
                0x0000000000003b34       0x50 Output/Project Debug/Obj/nrfx_uarte.o
 .text.nrfx_is_in_ram
                0x0000000000003b84       0x1c Output/Project Debug/Obj/nrfx_uarte.o
 .text.nrfx_get_irq_number
                0x0000000000003ba0       0x10 Output/Project Debug/Obj/nrfx_uarte.o
 .text._NRFX_IRQ_PRIORITY_SET
                0x0000000000003bb0       0x40 Output/Project Debug/Obj/nrfx_uarte.o
 .text._NRFX_IRQ_ENABLE
                0x0000000000003bf0       0x1c Output/Project Debug/Obj/nrfx_uarte.o
 .text._NRFX_IRQ_DISABLE
                0x0000000000003c0c       0x1c Output/Project Debug/Obj/nrfx_uarte.o
 .text.nrf_uarte_event_clear
                0x0000000000003c28       0x2a Output/Project Debug/Obj/nrfx_uarte.o
 .text.nrf_uarte_event_check
                0x0000000000003c52       0x24 Output/Project Debug/Obj/nrfx_uarte.o
 .text.nrf_uarte_shorts_disable
                0x0000000000003c76       0x1e Output/Project Debug/Obj/nrfx_uarte.o
 .text.nrf_uarte_int_enable
                0x0000000000003c94       0x14 Output/Project Debug/Obj/nrfx_uarte.o
 .text.nrf_uarte_int_disable
                0x0000000000003ca8       0x14 Output/Project Debug/Obj/nrfx_uarte.o
 .text.nrf_uarte_errorsrc_get_and_clear
                0x0000000000003cbc       0x1c Output/Project Debug/Obj/nrfx_uarte.o
 .text.nrf_uarte_enable
                0x0000000000003cd8       0x12 Output/Project Debug/Obj/nrfx_uarte.o
 .text.nrf_uarte_disable
                0x0000000000003cea       0x12 Output/Project Debug/Obj/nrfx_uarte.o
 .text.nrf_uarte_txrx_pins_set
                0x0000000000003cfc       0x1e Output/Project Debug/Obj/nrfx_uarte.o
 .text.nrf_uarte_txrx_pins_disconnect
                0x0000000000003d1a       0x1c Output/Project Debug/Obj/nrfx_uarte.o
 .text.nrf_uarte_tx_pin_get
                0x0000000000003d36       0x10 Output/Project Debug/Obj/nrfx_uarte.o
 .text.nrf_uarte_rx_pin_get
                0x0000000000003d46       0x10 Output/Project Debug/Obj/nrfx_uarte.o
 .text.nrf_uarte_rts_pin_get
                0x0000000000003d56       0x10 Output/Project Debug/Obj/nrfx_uarte.o
 .text.nrf_uarte_cts_pin_get
                0x0000000000003d66       0x10 Output/Project Debug/Obj/nrfx_uarte.o
 .text.nrf_uarte_hwfc_pins_set
                0x0000000000003d76       0x1e Output/Project Debug/Obj/nrfx_uarte.o
 .text.nrf_uarte_hwfc_pins_disconnect
                0x0000000000003d94       0x1c Output/Project Debug/Obj/nrfx_uarte.o
 .text.nrf_uarte_task_trigger
                0x0000000000003db0       0x1c Output/Project Debug/Obj/nrfx_uarte.o
 .text.nrf_uarte_configure
                0x0000000000003dcc       0x2a Output/Project Debug/Obj/nrfx_uarte.o
 .text.nrf_uarte_baudrate_set
                0x0000000000003df6       0x14 Output/Project Debug/Obj/nrfx_uarte.o
 .text.nrf_uarte_tx_buffer_set
                0x0000000000003e0a       0x1e Output/Project Debug/Obj/nrfx_uarte.o
 .text.nrf_uarte_tx_amount_get
                0x0000000000003e28       0x10 Output/Project Debug/Obj/nrfx_uarte.o
 .text.nrf_uarte_rx_amount_get
                0x0000000000003e38       0x10 Output/Project Debug/Obj/nrfx_uarte.o
 .text.nrf_gpio_pin_port_decode
                0x0000000000003e48       0x44 Output/Project Debug/Obj/nrfx_uarte.o
 .text.nrf_gpio_cfg
                0x0000000000003e8c       0x62 Output/Project Debug/Obj/nrfx_uarte.o
 .text.nrf_gpio_cfg_output
                0x0000000000003eee       0x22 Output/Project Debug/Obj/nrfx_uarte.o
 .text.nrf_gpio_cfg_input
                0x0000000000003f10       0x2a Output/Project Debug/Obj/nrfx_uarte.o
 .text.nrf_gpio_cfg_default
                0x0000000000003f3a       0x22 Output/Project Debug/Obj/nrfx_uarte.o
 .text.nrf_gpio_pin_set
                0x0000000000003f5c       0x28 Output/Project Debug/Obj/nrfx_uarte.o
 .text.nrf_gpio_port_out_set
                0x0000000000003f84       0x14 Output/Project Debug/Obj/nrfx_uarte.o
 .text.apply_config
                0x0000000000003f98       0xc6 Output/Project Debug/Obj/nrfx_uarte.o
 *fill*         0x000000000000405e        0x2 
 .text.interrupts_enable
                0x0000000000004060       0x98 Output/Project Debug/Obj/nrfx_uarte.o
 .text.interrupts_disable
                0x00000000000040f8       0x30 Output/Project Debug/Obj/nrfx_uarte.o
 .text.pins_to_default
                0x0000000000004128       0x8a Output/Project Debug/Obj/nrfx_uarte.o
 *fill*         0x00000000000041b2        0x2 
 .text.nrfx_uarte_init
                0x00000000000041b4       0xcc Output/Project Debug/Obj/nrfx_uarte.o
                0x00000000000041b4                nrfx_uarte_init
 .text.nrfx_uarte_uninit
                0x0000000000004280       0xac Output/Project Debug/Obj/nrfx_uarte.o
                0x0000000000004280                nrfx_uarte_uninit
 .text.nrfx_uarte_tx
                0x000000000000432c      0x180 Output/Project Debug/Obj/nrfx_uarte.o
                0x000000000000432c                nrfx_uarte_tx
 .text.nrfx_uarte_tx_in_progress
                0x00000000000044ac       0x30 Output/Project Debug/Obj/nrfx_uarte.o
                0x00000000000044ac                nrfx_uarte_tx_in_progress
 .text.rx_done_event
                0x00000000000044dc       0x2e Output/Project Debug/Obj/nrfx_uarte.o
 .text.tx_done_event
                0x000000000000450a       0x34 Output/Project Debug/Obj/nrfx_uarte.o
 .text.uarte_irq_handler
                0x000000000000453e      0x18c Output/Project Debug/Obj/nrfx_uarte.o
 *fill*         0x00000000000046ca        0x2 
 .text.nrfx_uarte_0_irq_handler
                0x00000000000046cc       0x18 Output/Project Debug/Obj/nrfx_uarte.o
                0x00000000000046cc                nrfx_uarte_0_irq_handler
 .text.main     0x00000000000046e4      0x324 Output/Project Debug/Obj/main.o
                0x00000000000046e4                main
 .text.i2cInit  0x0000000000004a08       0x8c Output/Project Debug/Obj/i2c.o
                0x0000000000004a08                i2cInit
 .text.initRF   0x0000000000004a94       0xf4 Output/Project Debug/Obj/RF.o
                0x0000000000004a94                initRF
 .text.start_clock
                0x0000000000004b88       0x2e Output/Project Debug/Obj/RF.o
                0x0000000000004b88                start_clock
 *fill*         0x0000000000004bb6        0x2 
 .text.NVIC_EnableIRQ
                0x0000000000004bb8       0x2c Output/Project Debug/Obj/RTC.o
 .text.NVIC_SetPriority
                0x0000000000004be4       0x50 Output/Project Debug/Obj/RTC.o
 .text.initRTC  0x0000000000004c34       0x88 Output/Project Debug/Obj/RTC.o
                0x0000000000004c34                initRTC
 .text.RTC0_IRQHandler
                0x0000000000004cbc       0xc4 Output/Project Debug/Obj/RTC.o
                0x0000000000004cbc                RTC0_IRQHandler
 .text.nrfx_coredep_delay_us
                0x0000000000004d80       0x30 Output/Project Debug/Obj/sam-m8q.o
 .text.nrf_delay_ms
                0x0000000000004db0       0x2a Output/Project Debug/Obj/sam-m8q.o
 .text.gpsInit  0x0000000000004dda       0x3a Output/Project Debug/Obj/sam-m8q.o
                0x0000000000004dda                gpsInit
 .text.samM8Q_getPosition
                0x0000000000004e14        0xe Output/Project Debug/Obj/sam-m8q.o
                0x0000000000004e14                samM8Q_getPosition
 *fill*         0x0000000000004e22        0x2 
 .text.checkPollRequest
                0x0000000000004e24       0xa4 Output/Project Debug/Obj/sam-m8q.o
                0x0000000000004e24                checkPollRequest
 .text.setPortOutput
                0x0000000000004ec8       0xd8 Output/Project Debug/Obj/sam-m8q.o
                0x0000000000004ec8                setPortOutput
 .text.getPortSettings
                0x0000000000004fa0       0x84 Output/Project Debug/Obj/sam-m8q.o
                0x0000000000004fa0                getPortSettings
 .text.saveConfiguration
                0x0000000000005024       0xd4 Output/Project Debug/Obj/sam-m8q.o
                0x0000000000005024                saveConfiguration
 .text.powerSaveMode
                0x00000000000050f8       0x90 Output/Project Debug/Obj/sam-m8q.o
                0x00000000000050f8                powerSaveMode
 .text.getPowerMode
                0x0000000000005188       0xbc Output/Project Debug/Obj/sam-m8q.o
                0x0000000000005188                getPowerMode
 .text.setPSMCTmode
                0x0000000000005244       0x88 Output/Project Debug/Obj/sam-m8q.o
                0x0000000000005244                setPSMCTmode
 .text.getSaveMode
                0x00000000000052cc       0xbc Output/Project Debug/Obj/sam-m8q.o
                0x00000000000052cc                getSaveMode
 .text.setGNSSConfig
                0x0000000000005388       0xd4 Output/Project Debug/Obj/sam-m8q.o
                0x0000000000005388                setGNSSConfig
 .text.getGNSSConfig
                0x000000000000545c       0x6c Output/Project Debug/Obj/sam-m8q.o
                0x000000000000545c                getGNSSConfig
 .text.createLogFile
                0x00000000000054c8       0xa0 Output/Project Debug/Obj/sam-m8q.o
                0x00000000000054c8                createLogFile
 .text.ConfigLogFile
                0x0000000000005568       0xb8 Output/Project Debug/Obj/sam-m8q.o
                0x0000000000005568                ConfigLogFile
 .text.sendi2cUBXMessage
                0x0000000000005620       0xf4 Output/Project Debug/Obj/sam-m8q.o
                0x0000000000005620                sendi2cUBXMessage
 .text.getPollData
                0x0000000000005714       0x90 Output/Project Debug/Obj/sam-m8q.o
                0x0000000000005714                getPollData
 .text.process  0x00000000000057a4      0x2ac Output/Project Debug/Obj/sam-m8q.o
                0x00000000000057a4                process
 .text.processUBXpacket
                0x0000000000005a50      0x158 Output/Project Debug/Obj/sam-m8q.o
                0x0000000000005a50                processUBXpacket
 .text.extractLong
                0x0000000000005ba8       0x60 Output/Project Debug/Obj/sam-m8q.o
                0x0000000000005ba8                extractLong
 .text.extractSignedChar
                0x0000000000005c08       0x1c Output/Project Debug/Obj/sam-m8q.o
                0x0000000000005c08                extractSignedChar
 .text.readBytesAvailable
                0x0000000000005c24       0xe4 Output/Project Debug/Obj/sam-m8q.o
                0x0000000000005c24                readBytesAvailable
 .text.getNAV_PVT
                0x0000000000005d08       0x24 Output/Project Debug/Obj/sam-m8q.o
                0x0000000000005d08                getNAV_PVT
 .text.verifiedCheckSum
                0x0000000000005d2c       0x7c Output/Project Debug/Obj/sam-m8q.o
                0x0000000000005d2c                verifiedCheckSum
 .text.calcChecksum
                0x0000000000005da8       0xe6 Output/Project Debug/Obj/sam-m8q.o
                0x0000000000005da8                calcChecksum
 *fill*         0x0000000000005e8e        0x2 
 .text.NVIC_SystemReset
                0x0000000000005e90       0x2c Output/Project Debug/Obj/system_nrf52840.o
 .text.SystemCoreClockUpdate
                0x0000000000005ebc       0x14 Output/Project Debug/Obj/system_nrf52840.o
                0x0000000000005ebc                SystemCoreClockUpdate
 .text.SystemInit
                0x0000000000005ed0      0x254 Output/Project Debug/Obj/system_nrf52840.o
                0x0000000000005ed0                SystemInit
 .text.errata_36
                0x0000000000006124       0x48 Output/Project Debug/Obj/system_nrf52840.o
 .text.errata_66
                0x000000000000616c       0x48 Output/Project Debug/Obj/system_nrf52840.o
 .text.errata_98
                0x00000000000061b4       0x24 Output/Project Debug/Obj/system_nrf52840.o
 .text.errata_103
                0x00000000000061d8       0x24 Output/Project Debug/Obj/system_nrf52840.o
 .text.errata_115
                0x00000000000061fc       0x24 Output/Project Debug/Obj/system_nrf52840.o
 .text.errata_120
                0x0000000000006220       0x24 Output/Project Debug/Obj/system_nrf52840.o
 .text.errata_136
                0x0000000000006244       0x48 Output/Project Debug/Obj/system_nrf52840.o
 .text.__aeabi_ddiv
                0x000000000000628c      0x1cc C:/Program Files/SEGGER/SEGGER Embedded Studio for ARM 4.40/lib/libm_v7em_fpv4_sp_d16_hard_t_le_eabi.a(libm_asm.o)
                0x000000000000628c                __aeabi_ddiv
 .text.__aeabi_i2d
                0x0000000000006458       0x28 C:/Program Files/SEGGER/SEGGER Embedded Studio for ARM 4.40/lib/libm_v7em_fpv4_sp_d16_hard_t_le_eabi.a(libm_asm.o)
                0x0000000000006458                __aeabi_i2d
 .text.__aeabi_d2f
                0x0000000000006480       0x54 C:/Program Files/SEGGER/SEGGER Embedded Studio for ARM 4.40/lib/libm_v7em_fpv4_sp_d16_hard_t_le_eabi.a(libm_asm.o)
                0x0000000000006480                __aeabi_d2f
 .text.libc.__RAL_ascii_isctype
                0x00000000000064d4       0x1c C:/Program Files/SEGGER/SEGGER Embedded Studio for ARM 4.40/lib/libc_v7em_fpv4_sp_d16_hard_t_le_eabi.a(libc2.o)
 .text.libc.__RAL_ascii_toupper
                0x00000000000064f0        0xc C:/Program Files/SEGGER/SEGGER Embedded Studio for ARM 4.40/lib/libc_v7em_fpv4_sp_d16_hard_t_le_eabi.a(libc2.o)
 .text.libc.__RAL_ascii_tolower
                0x00000000000064fc        0xc C:/Program Files/SEGGER/SEGGER Embedded Studio for ARM 4.40/lib/libc_v7em_fpv4_sp_d16_hard_t_le_eabi.a(libc2.o)
 .text.libc.__RAL_ascii_iswctype
                0x0000000000006508       0x1c C:/Program Files/SEGGER/SEGGER Embedded Studio for ARM 4.40/lib/libc_v7em_fpv4_sp_d16_hard_t_le_eabi.a(libc2.o)
 .text.libc.__RAL_ascii_towupper
                0x0000000000006524        0xc C:/Program Files/SEGGER/SEGGER Embedded Studio for ARM 4.40/lib/libc_v7em_fpv4_sp_d16_hard_t_le_eabi.a(libc2.o)
 .text.libc.__RAL_ascii_towlower
                0x0000000000006530        0xc C:/Program Files/SEGGER/SEGGER Embedded Studio for ARM 4.40/lib/libc_v7em_fpv4_sp_d16_hard_t_le_eabi.a(libc2.o)
 .text.libc.__RAL_ascii_wctomb
                0x000000000000653c        0xe C:/Program Files/SEGGER/SEGGER Embedded Studio for ARM 4.40/lib/libc_v7em_fpv4_sp_d16_hard_t_le_eabi.a(libc2.o)
                0x000000000000653c                __RAL_ascii_wctomb
 .text.libc.__RAL_ascii_mbtowc
                0x000000000000654a       0x24 C:/Program Files/SEGGER/SEGGER Embedded Studio for ARM 4.40/lib/libc_v7em_fpv4_sp_d16_hard_t_le_eabi.a(libc2.o)
                0x000000000000654a                __RAL_ascii_mbtowc
 *fill*         0x000000000000656e        0x2 
 .text.libc.__RAL_isctype
                0x0000000000006570       0x14 C:/Program Files/SEGGER/SEGGER Embedded Studio for ARM 4.40/lib/libc_v7em_fpv4_sp_d16_hard_t_le_eabi.a(libc2.o)
                0x0000000000006570                __RAL_isctype
 .text.libc.isprint
                0x0000000000006584        0xa C:/Program Files/SEGGER/SEGGER Embedded Studio for ARM 4.40/lib/libc_v7em_fpv4_sp_d16_hard_t_le_eabi.a(libc2.o)
                0x0000000000006584                isprint
 .text.libc.memcpy
                0x000000000000658e       0x52 C:/Program Files/SEGGER/SEGGER Embedded Studio for ARM 4.40/lib/libc_v7em_fpv4_sp_d16_hard_t_le_eabi.a(libc2_asm.o)
                0x000000000000658e                __aeabi_memcpy
                0x000000000000658e                memcpy
                0x000000000000659a                __aeabi_memcpy8
                0x000000000000659a                __aeabi_memcpy4
 .text.libc.strlen
                0x00000000000065e0       0x60 C:/Program Files/SEGGER/SEGGER Embedded Studio for ARM 4.40/lib/libc_v7em_fpv4_sp_d16_hard_t_le_eabi.a(libc2_asm.o)
                0x00000000000065e0                strlen
                0x0000000000006640                __text_end__ = (__text_start__ + SIZEOF (.text))
                0x0000000000006270                __text_size__ = SIZEOF (.text)
                0x0000000000006640                __text_load_end__ = __text_end__

.vfp11_veneer   0x0000000100000000        0x0
 .vfp11_veneer  0x0000000100000000        0x0 linker stubs

.v4_bx          0x0000000100000000        0x0
 .v4_bx         0x0000000100000000        0x0 linker stubs

.iplt           0x0000000100000000        0x0
 .iplt          0x0000000100000000        0x0 Output/Project Debug/Obj/thumb_crt0.o
                0x0000000000000001                . = ASSERT (((__text_start__ == __text_end__) || ((__text_end__ - __FLASH_segment_start__) <= __FLASH_segment_size__)), error: .text is too large to fit in FLASH memory segment)
                0x0000000000006640                __log_const_data_load_start__ = ALIGN (__text_end__, 0x4)

.log_const_data
                0x0000000000006640       0x28
                0x0000000000006640                __log_const_data_start__ = .
                0x0000000000006640                __start_log_const_data = __log_const_data_start__
 *(SORT_BY_NAME(.log_const_data*))
 .log_const_data_PRS
                0x0000000000006640        0x8 Output/Project Debug/Obj/nrfx_prs.o
                0x0000000000006640                m_nrf_log_PRS_logs_data_const
 .log_const_data_SPIM
                0x0000000000006648        0x8 Output/Project Debug/Obj/nrfx_spim.o
                0x0000000000006648                m_nrf_log_SPIM_logs_data_const
 .log_const_data_UART
                0x0000000000006650        0x8 Output/Project Debug/Obj/nrfx_uart.o
                0x0000000000006650                m_nrf_log_UART_logs_data_const
 .log_const_data_UARTE
                0x0000000000006658        0x8 Output/Project Debug/Obj/nrfx_uarte.o
                0x0000000000006658                m_nrf_log_UARTE_logs_data_const
 .log_const_data_app
                0x0000000000006660        0x8 Output/Project Debug/Obj/nrf_log_frontend.o
                0x0000000000006660                m_nrf_log_app_logs_data_const
                0x0000000000006668                __log_const_data_end__ = (__log_const_data_start__ + SIZEOF (.log_const_data))
                0x0000000000000028                __log_const_data_size__ = SIZEOF (.log_const_data)
                0x0000000000006668                __stop_log_const_data = __log_const_data_end__
                0x0000000000006668                __log_const_data_load_end__ = __log_const_data_end__
                0x0000000000000001                . = ASSERT (((__log_const_data_start__ == __log_const_data_end__) || ((__log_const_data_end__ - __FLASH_segment_start__) <= __FLASH_segment_size__)), error: .log_const_data is too large to fit in FLASH memory segment)
                0x0000000000006668                __log_backends_load_start__ = ALIGN (__log_const_data_end__, 0x4)

.log_backends   0x0000000000006668       0x10
                0x0000000000006668                __log_backends_start__ = .
                0x0000000000006668                __start_log_backends = __log_backends_start__
 *(SORT_BY_NAME(.log_backends*))
 .log_backends  0x0000000000006668       0x10 Output/Project Debug/Obj/nrf_log_default_backends.o
                0x0000000000006678                __log_backends_end__ = (__log_backends_start__ + SIZEOF (.log_backends))
                0x0000000000000010                __log_backends_size__ = SIZEOF (.log_backends)
                0x0000000000006678                __stop_log_backends = __log_backends_end__
                0x0000000000006678                __log_backends_load_end__ = __log_backends_end__
                0x0000000000000001                . = ASSERT (((__log_backends_start__ == __log_backends_end__) || ((__log_backends_end__ - __FLASH_segment_start__) <= __FLASH_segment_size__)), error: .log_backends is too large to fit in FLASH memory segment)
                0x0000000000006678                __nrf_balloc_load_start__ = ALIGN (__log_backends_end__, 0x4)

.nrf_balloc     0x0000000000006678       0x14
                0x0000000000006678                __nrf_balloc_start__ = .
                0x0000000000006678                __start_nrf_balloc = __nrf_balloc_start__
 *(.nrf_balloc*)
 .nrf_balloc    0x0000000000006678       0x14 Output/Project Debug/Obj/nrf_log_frontend.o
                0x0000000000006678                log_mempool
                0x000000000000668c                __nrf_balloc_end__ = (__nrf_balloc_start__ + SIZEOF (.nrf_balloc))
                0x0000000000000014                __nrf_balloc_size__ = SIZEOF (.nrf_balloc)
                0x000000000000668c                __stop_nrf_balloc = __nrf_balloc_end__
                0x000000000000668c                __nrf_balloc_load_end__ = __nrf_balloc_end__
                0x0000000000000001                . = ASSERT (((__nrf_balloc_start__ == __nrf_balloc_end__) || ((__nrf_balloc_end__ - __FLASH_segment_start__) <= __FLASH_segment_size__)), error: .nrf_balloc is too large to fit in FLASH memory segment)
                0x000000000000668c                __nrf_sections_load_start__ = ALIGN (__nrf_balloc_end__, 0x4)

.nrf_sections   0x000000000000668c        0x0
                0x000000000000668c                __nrf_sections_start__ = .
                0x000000000000668c                __start_nrf_sections = __nrf_sections_start__
 *(.nrf_sections .nrf_sections.*)
                0x000000000000668c                __nrf_sections_end__ = (__nrf_sections_start__ + SIZEOF (.nrf_sections))
                0x0000000000000000                __nrf_sections_size__ = SIZEOF (.nrf_sections)
                0x000000000000668c                __nrf_sections_load_end__ = __nrf_sections_end__
                0x0000000000000001                . = ASSERT (((__nrf_sections_start__ == __nrf_sections_end__) || ((__nrf_sections_end__ - __FLASH_segment_start__) <= __FLASH_segment_size__)), error: .nrf_sections is too large to fit in FLASH memory segment)
                0x000000000000668c                __log_dynamic_data_load_start__ = ALIGN (__nrf_sections_end__, 0x4)

.log_dynamic_data
                0x0000000020000000        0x0 load address 0x000000000000668c
                0x0000000020000000                __log_dynamic_data_start__ = .
 *(SORT_BY_NAME(.log_dynamic_data*))
                0x0000000020000000                __log_dynamic_data_end__ = (__log_dynamic_data_start__ + SIZEOF (.log_dynamic_data))
                0x0000000000000000                __log_dynamic_data_size__ = SIZEOF (.log_dynamic_data)
                0x000000000000668c                __log_dynamic_data_load_end__ = (__log_dynamic_data_load_start__ + SIZEOF (.log_dynamic_data))
                0x0000000000000001                . = ASSERT (((__log_dynamic_data_load_start__ == __log_dynamic_data_load_end__) || ((__log_dynamic_data_load_end__ - __FLASH_segment_start__) <= __FLASH_segment_size__)), error: .log_dynamic_data is too large to fit in FLASH memory segment)

.log_dynamic_data_run
                0x0000000020000000        0x0
                0x0000000020000000                __log_dynamic_data_run_start__ = .
                0x0000000020000000                __start_log_dynamic_data = __log_dynamic_data_run_start__
                0x0000000020000000                . = MAX ((__log_dynamic_data_run_start__ + SIZEOF (.log_dynamic_data)), .)
                0x0000000020000000                __log_dynamic_data_run_end__ = (__log_dynamic_data_run_start__ + SIZEOF (.log_dynamic_data_run))
                0x0000000000000000                __log_dynamic_data_run_size__ = SIZEOF (.log_dynamic_data_run)
                0x0000000020000000                __stop_log_dynamic_data = __log_dynamic_data_run_end__
                0x0000000020000000                __log_dynamic_data_run_load_end__ = __log_dynamic_data_run_end__
                0x0000000000000001                . = ASSERT (((__log_dynamic_data_run_start__ == __log_dynamic_data_run_end__) || ((__log_dynamic_data_run_end__ - __RAM_segment_start__) <= __RAM_segment_size__)), error: .log_dynamic_data_run is too large to fit in RAM memory segment)
                0x000000000000668c                __log_filter_data_load_start__ = ALIGN ((__log_dynamic_data_load_start__ + SIZEOF (.log_dynamic_data)), 0x4)

.log_filter_data
                0x0000000020000000        0x0 load address 0x000000000000668c
                0x0000000020000000                __log_filter_data_start__ = .
 *(SORT_BY_NAME(.log_filter_data*))
                0x0000000020000000                __log_filter_data_end__ = (__log_filter_data_start__ + SIZEOF (.log_filter_data))
                0x0000000000000000                __log_filter_data_size__ = SIZEOF (.log_filter_data)
                0x000000000000668c                __log_filter_data_load_end__ = (__log_filter_data_load_start__ + SIZEOF (.log_filter_data))
                0x0000000000000001                . = ASSERT (((__log_filter_data_load_start__ == __log_filter_data_load_end__) || ((__log_filter_data_load_end__ - __FLASH_segment_start__) <= __FLASH_segment_size__)), error: .log_filter_data is too large to fit in FLASH memory segment)

.log_filter_data_run
                0x0000000020000000        0x0
                0x0000000020000000                __log_filter_data_run_start__ = .
                0x0000000020000000                __start_log_filter_data = __log_filter_data_run_start__
                0x0000000020000000                . = MAX ((__log_filter_data_run_start__ + SIZEOF (.log_filter_data)), .)
                0x0000000020000000                __log_filter_data_run_end__ = (__log_filter_data_run_start__ + SIZEOF (.log_filter_data_run))
                0x0000000000000000                __log_filter_data_run_size__ = SIZEOF (.log_filter_data_run)
                0x0000000020000000                __stop_log_filter_data = __log_filter_data_run_end__
                0x0000000020000000                __log_filter_data_run_load_end__ = __log_filter_data_run_end__
                0x0000000000000001                . = ASSERT (((__log_filter_data_run_start__ == __log_filter_data_run_end__) || ((__log_filter_data_run_end__ - __RAM_segment_start__) <= __RAM_segment_size__)), error: .log_filter_data_run is too large to fit in RAM memory segment)
                0x0000000020000000                __nrf_sections_run_end_load_start__ = ALIGN (__log_filter_data_run_end__, 0x4)

.nrf_sections_run_end
                0x0000000020000000        0x0
                0x0000000020000000                __nrf_sections_run_end_start__ = .
                0x0000000020000000                __end_nrf_sections_run = __nrf_sections_run_end_start__
 *(.nrf_sections_run_end .nrf_sections_run_end.*)
                0x0000000020000000                __nrf_sections_run_end_end__ = (__nrf_sections_run_end_start__ + SIZEOF (.nrf_sections_run_end))
                0x0000000000000000                __nrf_sections_run_end_size__ = SIZEOF (.nrf_sections_run_end)
                0x0000000020000000                __nrf_sections_run_end_load_end__ = __nrf_sections_run_end_end__
                0x0000000000000001                . = ASSERT (((__nrf_sections_run_end_start__ == __nrf_sections_run_end_end__) || ((__nrf_sections_run_end_end__ - __RAM_segment_start__) <= __RAM_segment_size__)), error: .nrf_sections_run_end is too large to fit in RAM memory segment)
                0x000000000000668c                __dtors_load_start__ = ALIGN ((__log_filter_data_load_start__ + SIZEOF (.log_filter_data)), 0x4)

.dtors          0x000000000000668c        0x0
                0x000000000000668c                __dtors_start__ = .
 *(SORT_BY_NAME(.dtors.*))
 *(.dtors)
 *(.fini_array)
 *(SORT_BY_NAME(.fini_array.*))
                0x000000000000668c                __dtors_end__ = (__dtors_start__ + SIZEOF (.dtors))
                0x0000000000000000                __dtors_size__ = SIZEOF (.dtors)
                0x000000000000668c                __dtors_load_end__ = __dtors_end__
                0x0000000000000001                . = ASSERT (((__dtors_start__ == __dtors_end__) || ((__dtors_end__ - __FLASH_segment_start__) <= __FLASH_segment_size__)), error: .dtors is too large to fit in FLASH memory segment)
                0x000000000000668c                __ctors_load_start__ = ALIGN (__dtors_end__, 0x4)

.ctors          0x000000000000668c        0x0
                0x000000000000668c                __ctors_start__ = .
 *(SORT_BY_NAME(.ctors.*))
 *(.ctors)
 *(.init_array)
 *(SORT_BY_NAME(.init_array.*))
                0x000000000000668c                __ctors_end__ = (__ctors_start__ + SIZEOF (.ctors))
                0x0000000000000000                __ctors_size__ = SIZEOF (.ctors)
                0x000000000000668c                __ctors_load_end__ = __ctors_end__
                0x0000000000000001                . = ASSERT (((__ctors_start__ == __ctors_end__) || ((__ctors_end__ - __FLASH_segment_start__) <= __FLASH_segment_size__)), error: .ctors is too large to fit in FLASH memory segment)
                0x000000000000668c                __rodata_load_start__ = ALIGN (__ctors_end__, 0x4)

.rodata         0x000000000000668c     0x16ca
                0x000000000000668c                __rodata_start__ = .
 *(.rodata .rodata.* .gnu.linkonce.r.*)
 .rodata        0x000000000000668c       0x8d Output/Project Debug/Obj/boards.o
 *fill*         0x0000000000006719        0x3 
 .rodata.m_board_led_list
                0x000000000000671c        0x4 Output/Project Debug/Obj/boards.o
 .rodata.m_board_btn_list
                0x0000000000006720        0x4 Output/Project Debug/Obj/boards.o
 .rodata        0x0000000000006724       0x70 Output/Project Debug/Obj/app_error_weak.o
 .rodata        0x0000000000006794       0x70 Output/Project Debug/Obj/app_util_platform.o
 .rodata        0x0000000000006804       0x6b Output/Project Debug/Obj/nrf_balloc.o
 *fill*         0x000000000000686f        0x1 
 .rodata        0x0000000000006870       0x61 Output/Project Debug/Obj/nrf_fprintf.o
 *fill*         0x00000000000068d1        0x3 
 .rodata        0x00000000000068d4       0x68 Output/Project Debug/Obj/nrf_fprintf_format.o
 .rodata._aV2C.7790
                0x000000000000693c       0x10 Output/Project Debug/Obj/nrf_fprintf_format.o
 .rodata        0x000000000000694c       0x6b Output/Project Debug/Obj/nrf_memobj.o
 *fill*         0x00000000000069b7        0x1 
 .rodata.m_unknown_str
                0x00000000000069b8       0x13 Output/Project Debug/Obj/nrf_strerror.o
 *fill*         0x00000000000069cb        0x1 
 .rodata        0x00000000000069cc      0x3bd Output/Project Debug/Obj/nrf_strerror.o
 *fill*         0x0000000000006d89        0x3 
 .rodata.nrf_strerror_array
                0x0000000000006d8c      0x118 Output/Project Debug/Obj/nrf_strerror.o
 .rodata        0x0000000000006ea4       0x98 Output/Project Debug/Obj/nrf_log_backend_uart.o
 .rodata.nrf_log_backend_uart_api
                0x0000000000006f3c        0xc Output/Project Debug/Obj/nrf_log_backend_uart.o
                0x0000000000006f3c                nrf_log_backend_uart_api
 .rodata        0x0000000000006f48       0x8e Output/Project Debug/Obj/nrf_log_default_backends.o
 *fill*         0x0000000000006fd6        0x2 
 .rodata.m_log_push_ringbuf
                0x0000000000006fd8        0xc Output/Project Debug/Obj/nrf_log_frontend.o
 .rodata        0x0000000000006fe4       0x89 Output/Project Debug/Obj/nrf_log_frontend.o
 *fill*         0x000000000000706d        0x3 
 .rodata        0x0000000000007070       0xaa Output/Project Debug/Obj/nrf_log_str_formatter.o
 *fill*         0x000000000000711a        0x2 
 .rodata        0x000000000000711c       0x69 Output/Project Debug/Obj/nrf_drv_uart.o
 *fill*         0x0000000000007185        0x3 
 .rodata        0x0000000000007188       0x6e Output/Project Debug/Obj/nrfx_prs.o
 *fill*         0x00000000000071f6        0x2 
 .rodata        0x00000000000071f8       0xcf Output/Project Debug/Obj/nrfx_spim.o
 *fill*         0x00000000000072c7        0x1 
 .rodata        0x00000000000072c8       0xcf Output/Project Debug/Obj/nrfx_uart.o
 *fill*         0x0000000000007397        0x1 
 .rodata.irq_handlers.8807
                0x0000000000007398        0x4 Output/Project Debug/Obj/nrfx_uart.o
 .rodata        0x000000000000739c       0xd0 Output/Project Debug/Obj/nrfx_uarte.o
 .rodata.irq_handlers.8849
                0x000000000000746c        0x4 Output/Project Debug/Obj/nrfx_uarte.o
 .rodata        0x0000000000007470       0xf6 Output/Project Debug/Obj/main.o
 *fill*         0x0000000000007566        0x2 
 .rodata        0x0000000000007568        0xe Output/Project Debug/Obj/RTC.o
 *fill*         0x0000000000007576        0x2 
 .rodata        0x0000000000007578      0x593 Output/Project Debug/Obj/sam-m8q.o
 *fill*         0x0000000000007b0b        0x5 
 .rodata.delay_machine_code.7862
                0x0000000000007b10        0x6 Output/Project Debug/Obj/sam-m8q.o
 *fill*         0x0000000000007b16        0x2 
 .rodata.libc.__RAL_find_locale.str1.4
                0x0000000000007b18        0xa C:/Program Files/SEGGER/SEGGER Embedded Studio for ARM 4.40/lib/libc_v7em_fpv4_sp_d16_hard_t_le_eabi.a(libc2.o)
 *fill*         0x0000000000007b22        0x2 
 .rodata.libc.__RAL_ascii_ctype_map
                0x0000000000007b24       0x80 C:/Program Files/SEGGER/SEGGER Embedded Studio for ARM 4.40/lib/libc_v7em_fpv4_sp_d16_hard_t_le_eabi.a(libc2.o)
                0x0000000000007b24                __RAL_ascii_ctype_map
 .rodata.libc.__RAL_ascii_ctype_mask
                0x0000000000007ba4        0xd C:/Program Files/SEGGER/SEGGER Embedded Studio for ARM 4.40/lib/libc_v7em_fpv4_sp_d16_hard_t_le_eabi.a(libc2.o)
 *fill*         0x0000000000007bb1        0x3 
 .rodata.libc.__RAL_c_locale
                0x0000000000007bb4        0xc C:/Program Files/SEGGER/SEGGER Embedded Studio for ARM 4.40/lib/libc_v7em_fpv4_sp_d16_hard_t_le_eabi.a(libc2.o)
                0x0000000000007bb4                __RAL_c_locale
 .rodata.libc.__RAL_c_locale_abbrev_day_names
                0x0000000000007bc0       0x1d C:/Program Files/SEGGER/SEGGER Embedded Studio for ARM 4.40/lib/libc_v7em_fpv4_sp_d16_hard_t_le_eabi.a(libc2.o)
                0x0000000000007bc0                __RAL_c_locale_abbrev_day_names
 *fill*         0x0000000000007bdd        0x3 
 .rodata.libc.__RAL_c_locale_abbrev_month_names
                0x0000000000007be0       0x31 C:/Program Files/SEGGER/SEGGER Embedded Studio for ARM 4.40/lib/libc_v7em_fpv4_sp_d16_hard_t_le_eabi.a(libc2.o)
                0x0000000000007be0                __RAL_c_locale_abbrev_month_names
 *fill*         0x0000000000007c11        0x3 
 .rodata.libc.__RAL_c_locale_am_pm_indicator
                0x0000000000007c14        0x7 C:/Program Files/SEGGER/SEGGER Embedded Studio for ARM 4.40/lib/libc_v7em_fpv4_sp_d16_hard_t_le_eabi.a(libc2.o)
                0x0000000000007c14                __RAL_c_locale_am_pm_indicator
 *fill*         0x0000000000007c1b        0x1 
 .rodata.libc.__RAL_c_locale_data
                0x0000000000007c1c       0x58 C:/Program Files/SEGGER/SEGGER Embedded Studio for ARM 4.40/lib/libc_v7em_fpv4_sp_d16_hard_t_le_eabi.a(libc2.o)
                0x0000000000007c1c                __RAL_c_locale_data
 .rodata.libc.__RAL_c_locale_date_format
                0x0000000000007c74        0x9 C:/Program Files/SEGGER/SEGGER Embedded Studio for ARM 4.40/lib/libc_v7em_fpv4_sp_d16_hard_t_le_eabi.a(libc2.o)
                0x0000000000007c74                __RAL_c_locale_date_format
 *fill*         0x0000000000007c7d        0x3 
 .rodata.libc.__RAL_c_locale_date_time_format
                0x0000000000007c80        0xf C:/Program Files/SEGGER/SEGGER Embedded Studio for ARM 4.40/lib/libc_v7em_fpv4_sp_d16_hard_t_le_eabi.a(libc2.o)
                0x0000000000007c80                __RAL_c_locale_date_time_format
 *fill*         0x0000000000007c8f        0x1 
 .rodata.libc.__RAL_c_locale_day_names
                0x0000000000007c90       0x3a C:/Program Files/SEGGER/SEGGER Embedded Studio for ARM 4.40/lib/libc_v7em_fpv4_sp_d16_hard_t_le_eabi.a(libc2.o)
                0x0000000000007c90                __RAL_c_locale_day_names
 *fill*         0x0000000000007cca        0x2 
 .rodata.libc.__RAL_c_locale_month_names
                0x0000000000007ccc       0x57 C:/Program Files/SEGGER/SEGGER Embedded Studio for ARM 4.40/lib/libc_v7em_fpv4_sp_d16_hard_t_le_eabi.a(libc2.o)
                0x0000000000007ccc                __RAL_c_locale_month_names
 *fill*         0x0000000000007d23        0x1 
 .rodata.libc.__RAL_c_locale_time_format
                0x0000000000007d24        0x9 C:/Program Files/SEGGER/SEGGER Embedded Studio for ARM 4.40/lib/libc_v7em_fpv4_sp_d16_hard_t_le_eabi.a(libc2.o)
                0x0000000000007d24                __RAL_c_locale_time_format
 *fill*         0x0000000000007d2d        0x3 
 .rodata.libc.__RAL_codeset_ascii
                0x0000000000007d30       0x20 C:/Program Files/SEGGER/SEGGER Embedded Studio for ARM 4.40/lib/libc_v7em_fpv4_sp_d16_hard_t_le_eabi.a(libc2.o)
                0x0000000000007d30                __RAL_codeset_ascii
 .rodata.libc.__RAL_data_empty_string
                0x0000000000007d50        0x1 C:/Program Files/SEGGER/SEGGER Embedded Studio for ARM 4.40/lib/libc_v7em_fpv4_sp_d16_hard_t_le_eabi.a(libc2.o)
                0x0000000000007d50                __RAL_data_empty_string
 *fill*         0x0000000000007d51        0x3 
 .rodata.libc.__RAL_data_utf8_period
                0x0000000000007d54        0x2 C:/Program Files/SEGGER/SEGGER Embedded Studio for ARM 4.40/lib/libc_v7em_fpv4_sp_d16_hard_t_le_eabi.a(libc2.o)
                0x0000000000007d54                __RAL_data_utf8_period
                0x0000000000007d56                __rodata_end__ = (__rodata_start__ + SIZEOF (.rodata))
                0x00000000000016ca                __rodata_size__ = SIZEOF (.rodata)
                0x0000000000007d56                __rodata_load_end__ = __rodata_end__

.rel.dyn        0x0000000000007d58        0x0
 .rel.iplt      0x0000000000007d58        0x0 Output/Project Debug/Obj/thumb_crt0.o
                0x0000000000000001                . = ASSERT (((__rodata_start__ == __rodata_end__) || ((__rodata_end__ - __FLASH_segment_start__) <= __FLASH_segment_size__)), error: .rodata is too large to fit in FLASH memory segment)
                0x0000000000007d58                __ARM.exidx_load_start__ = ALIGN (__rodata_end__, 0x4)

.ARM.exidx      0x0000000000007d58        0x0
                0x0000000000007d58                __ARM.exidx_start__ = .
                0x0000000000007d58                __exidx_start = __ARM.exidx_start__
 *(.ARM.exidx .ARM.exidx.*)
                0x0000000000007d58                __ARM.exidx_end__ = (__ARM.exidx_start__ + SIZEOF (.ARM.exidx))
                0x0000000000000000                __ARM.exidx_size__ = SIZEOF (.ARM.exidx)
                0x0000000000007d58                __exidx_end = __ARM.exidx_end__
                0x0000000000007d58                __ARM.exidx_load_end__ = __ARM.exidx_end__
                0x0000000000000001                . = ASSERT (((__ARM.exidx_start__ == __ARM.exidx_end__) || ((__ARM.exidx_end__ - __FLASH_segment_start__) <= __FLASH_segment_size__)), error: .ARM.exidx is too large to fit in FLASH memory segment)
                0x0000000000007d58                __fast_load_start__ = ALIGN (__ARM.exidx_end__, 0x4)

.fast           0x0000000020000000        0x0 load address 0x0000000000007d58
                0x0000000020000000                __fast_start__ = .
 *(.fast .fast.*)
                0x0000000020000000                __fast_end__ = (__fast_start__ + SIZEOF (.fast))
                0x0000000000000000                __fast_size__ = SIZEOF (.fast)
                0x0000000000007d58                __fast_load_end__ = (__fast_load_start__ + SIZEOF (.fast))
                0x0000000000000001                . = ASSERT (((__fast_load_start__ == __fast_load_end__) || ((__fast_load_end__ - __FLASH_segment_start__) <= __FLASH_segment_size__)), error: .fast is too large to fit in FLASH memory segment)

.fast_run       0x0000000020000000        0x0
                0x0000000020000000                __fast_run_start__ = .
                0x0000000020000000                . = MAX ((__fast_run_start__ + SIZEOF (.fast)), .)
                0x0000000020000000                __fast_run_end__ = (__fast_run_start__ + SIZEOF (.fast_run))
                0x0000000000000000                __fast_run_size__ = SIZEOF (.fast_run)
                0x0000000020000000                __fast_run_load_end__ = __fast_run_end__
                0x0000000000000001                . = ASSERT (((__fast_run_start__ == __fast_run_end__) || ((__fast_run_end__ - __RAM_segment_start__) <= __RAM_segment_size__)), error: .fast_run is too large to fit in RAM memory segment)
                0x0000000000007d58                __data_load_start__ = ALIGN ((__fast_load_start__ + SIZEOF (.fast)), 0x4)

.data           0x0000000020000000       0x7c load address 0x0000000000007d58
                0x0000000020000000                __data_start__ = .
 *(.data .data.* .gnu.linkonce.d.*)
 .data.m_uart   0x0000000020000000       0x14 Output/Project Debug/Obj/nrf_log_backend_uart.o
                0x0000000020000000                m_uart
 .data.log_backend_cb_uart_log_backend
                0x0000000020000014        0x8 Output/Project Debug/Obj/nrf_log_default_backends.o
 .data.severity_names
                0x000000002000001c       0x14 Output/Project Debug/Obj/nrf_log_str_formatter.o
 .data.m_colors
                0x0000000020000030       0x24 Output/Project Debug/Obj/nrf_log_str_formatter.o
 .data.timeforWrittingInSeconds
                0x0000000020000054        0x4 Output/Project Debug/Obj/RTC.o
                0x0000000020000054                timeforWrittingInSeconds
 .data.packetCfg
                0x0000000020000058        0xc Output/Project Debug/Obj/sam-m8q.o
                0x0000000020000058                packetCfg
 .data.SystemCoreClock
                0x0000000020000064        0x4 Output/Project Debug/Obj/system_nrf52840.o
                0x0000000020000064                SystemCoreClock
 .data.libc.__RAL_global_locale
                0x0000000020000068       0x14 C:/Program Files/SEGGER/SEGGER Embedded Studio for ARM 4.40/lib/libc_v7em_fpv4_sp_d16_hard_t_le_eabi.a(libc2.o)
                0x0000000020000068                __RAL_global_locale
                0x000000002000007c                __data_end__ = (__data_start__ + SIZEOF (.data))
                0x000000000000007c                __data_size__ = SIZEOF (.data)
                0x0000000000007dd4                __data_load_end__ = (__data_load_start__ + SIZEOF (.data))

.igot.plt       0x0000000100000000        0x0
 .igot.plt      0x0000000100000000        0x0 Output/Project Debug/Obj/thumb_crt0.o
                0x0000000000000001                . = ASSERT (((__data_load_start__ == __data_load_end__) || ((__data_load_end__ - __FLASH_segment_start__) <= __FLASH_segment_size__)), error: .data is too large to fit in FLASH memory segment)

.data_run       0x0000000020000000       0x7c load address 0x0000000000007d58
                0x0000000020000000                __data_run_start__ = .
                0x000000002000007c                . = MAX ((__data_run_start__ + SIZEOF (.data)), .)
 *fill*         0x0000000020000000       0x7c 
                0x000000002000007c                __data_run_end__ = (__data_run_start__ + SIZEOF (.data_run))
                0x000000000000007c                __data_run_size__ = SIZEOF (.data_run)
                0x000000002000007c                __data_run_load_end__ = __data_run_end__
                0x0000000000000001                . = ASSERT (((__data_run_start__ == __data_run_end__) || ((__data_run_end__ - __RAM_segment_start__) <= __RAM_segment_size__)), error: .data_run is too large to fit in RAM memory segment)
                0x0000000000007dd4                __tdata_load_start__ = ALIGN ((__data_load_start__ + SIZEOF (.data)), 0x4)

.tdata          0x000000002000007c        0x0 load address 0x0000000000007dd4
                0x000000002000007c                __tdata_start__ = .
 *(.tdata .tdata.*)
                0x000000002000007c                __tdata_end__ = (__tdata_start__ + SIZEOF (.tdata))
                0x0000000000000000                __tdata_size__ = SIZEOF (.tdata)
                0x0000000000007dd4                __tdata_load_end__ = (__tdata_load_start__ + SIZEOF (.tdata))
                0x0000000000007dd4                __FLASH_segment_used_end__ = (ALIGN ((__data_load_start__ + SIZEOF (.data)), 0x4) + SIZEOF (.tdata))
                0x0000000000007dd4                __FLASH_segment_used_size__ = (__FLASH_segment_used_end__ - __FLASH_segment_start__)
                0x0000000000000001                . = ASSERT (((__tdata_load_start__ == __tdata_load_end__) || ((__tdata_load_end__ - __FLASH_segment_start__) <= __FLASH_segment_size__)), error: .tdata is too large to fit in FLASH memory segment)

.tdata_run      0x000000002000007c        0x0
                0x000000002000007c                __tdata_run_start__ = .
                0x000000002000007c                . = MAX ((__tdata_run_start__ + SIZEOF (.tdata)), .)
                0x000000002000007c                __tdata_run_end__ = (__tdata_run_start__ + SIZEOF (.tdata_run))
                0x0000000000000000                __tdata_run_size__ = SIZEOF (.tdata_run)
                0x000000002000007c                __tdata_run_load_end__ = __tdata_run_end__
                0x0000000000000001                . = ASSERT (((__tdata_run_start__ == __tdata_run_end__) || ((__tdata_run_end__ - __RAM_segment_start__) <= __RAM_segment_size__)), error: .tdata_run is too large to fit in RAM memory segment)
                0x000000002000007c                __bss_load_start__ = ALIGN (__tdata_run_end__, 0x4)

.bss            0x000000002000007c      0xb68
                0x000000002000007c                __bss_start__ = .
 *(.bss .bss.* .gnu.linkonce.b.*)
 .bss.m_error_data.7715
                0x000000002000007c       0x20 Output/Project Debug/Obj/app_error.o
 .bss.m_in_critical_region
                0x000000002000009c        0x4 Output/Project Debug/Obj/app_util_platform.o
 .bss.m_string_buff
                0x00000000200000a0       0x40 Output/Project Debug/Obj/nrf_log_backend_uart.o
 .bss.m_xfer_done
                0x00000000200000e0        0x1 Output/Project Debug/Obj/nrf_log_backend_uart.o
 .bss.m_async_mode
                0x00000000200000e1        0x1 Output/Project Debug/Obj/nrf_log_backend_uart.o
 *fill*         0x00000000200000e2        0x2 
 .bss.log_mempool_nrf_balloc_pool_stack
                0x00000000200000e4        0x8 Output/Project Debug/Obj/nrf_log_frontend.o
 .bss.log_mempool_nrf_balloc_pool_mem
                0x00000000200000ec       0xc0 Output/Project Debug/Obj/nrf_log_frontend.o
 .bss.log_mempool_nrf_balloc_cb
                0x00000000200001ac        0x8 Output/Project Debug/Obj/nrf_log_frontend.o
 .bss.m_log_push_ringbuf_buf
                0x00000000200001b4       0x80 Output/Project Debug/Obj/nrf_log_frontend.o
 .bss.m_log_push_ringbuf_cb
                0x0000000020000234       0x18 Output/Project Debug/Obj/nrf_log_frontend.o
 .bss.m_log_data
                0x000000002000024c      0x424 Output/Project Debug/Obj/nrf_log_frontend.o
 .bss.m_handlers
                0x0000000020000670        0x8 Output/Project Debug/Obj/nrf_drv_uart.o
 .bss.m_contexts
                0x0000000020000678        0x8 Output/Project Debug/Obj/nrf_drv_uart.o
 .bss.nrf_drv_uart_use_easy_dma
                0x0000000020000680        0x2 Output/Project Debug/Obj/nrf_drv_uart.o
                0x0000000020000680                nrf_drv_uart_use_easy_dma
 *fill*         0x0000000020000682        0x2 
 .bss.m_prs_box_4
                0x0000000020000684        0x8 Output/Project Debug/Obj/nrfx_prs.o
 .bss.m_cb      0x000000002000068c       0x24 Output/Project Debug/Obj/nrfx_spim.o
 .bss.m_cb      0x00000000200006b0       0x2c Output/Project Debug/Obj/nrfx_uart.o
 .bss.m_cb      0x00000000200006dc       0x24 Output/Project Debug/Obj/nrfx_uarte.o
 .bss.sensorData
                0x0000000020000700      0x1d0 Output/Project Debug/Obj/definitions.o
                0x0000000020000700                sensorData
 .bss.newFile   0x00000000200008d0        0x1 Output/Project Debug/Obj/definitions.o
                0x00000000200008d0                newFile
 .bss.timer     0x00000000200008d1        0x1 Output/Project Debug/Obj/definitions.o
                0x00000000200008d1                timer
 .bss.sendKA    0x00000000200008d2        0x1 Output/Project Debug/Obj/definitions.o
                0x00000000200008d2                sendKA
 *fill*         0x00000000200008d3        0x1 
 .bss.tx_buffer
                0x00000000200008d4       0xff Output/Project Debug/Obj/i2c.o
                0x00000000200008d4                tx_buffer
 *fill*         0x00000000200009d3        0x1 
 .bss.rx_buffer
                0x00000000200009d4       0xff Output/Project Debug/Obj/i2c.o
                0x00000000200009d4                rx_buffer
 *fill*         0x0000000020000ad3        0x1 
 .bss.data_packet
                0x0000000020000ad4        0x5 Output/Project Debug/Obj/RF.o
                0x0000000020000ad4                data_packet
 *fill*         0x0000000020000ad9        0x3 
 .bss.secondsOfWritting
                0x0000000020000adc        0x4 Output/Project Debug/Obj/RTC.o
                0x0000000020000adc                secondsOfWritting
 .bss.secondsOfKAMessage
                0x0000000020000ae0        0x4 Output/Project Debug/Obj/RTC.o
                0x0000000020000ae0                secondsOfKAMessage
 .bss.payloadCfg
                0x0000000020000ae4      0x100 Output/Project Debug/Obj/sam-m8q.o
                0x0000000020000ae4                payloadCfg
 *(COMMON)
                0x0000000020000be4                __bss_end__ = (__bss_start__ + SIZEOF (.bss))
                0x0000000000000b68                __bss_size__ = SIZEOF (.bss)
                0x0000000020000be4                __bss_load_end__ = __bss_end__
                0x0000000000000001                . = ASSERT (((__bss_start__ == __bss_end__) || ((__bss_end__ - __RAM_segment_start__) <= __RAM_segment_size__)), error: .bss is too large to fit in RAM memory segment)
                0x0000000020000be4                __tbss_load_start__ = ALIGN (__bss_end__, 0x4)

.tbss           0x0000000020000be4        0x0
                0x0000000020000be4                __tbss_start__ = .
 *(.tbss .tbss.*)
                0x0000000020000be4                __tbss_end__ = (__tbss_start__ + SIZEOF (.tbss))
                0x0000000000000000                __tbss_size__ = SIZEOF (.tbss)
                0x0000000020000be4                __tbss_load_end__ = __tbss_end__
                0x0000000000000001                . = ASSERT (((__tbss_start__ == __tbss_end__) || ((__tbss_end__ - __RAM_segment_start__) <= __RAM_segment_size__)), error: .tbss is too large to fit in RAM memory segment)
                0x0000000020000be4                __non_init_load_start__ = ALIGN (__tbss_end__, 0x4)

.non_init       0x0000000020000be4        0x0
                0x0000000020000be4                __non_init_start__ = .
 *(.non_init .non_init.*)
                0x0000000020000be4                __non_init_end__ = (__non_init_start__ + SIZEOF (.non_init))
                0x0000000000000000                __non_init_size__ = SIZEOF (.non_init)
                0x0000000020000be4                __non_init_load_end__ = __non_init_end__
                0x0000000000000001                . = ASSERT (((__non_init_start__ == __non_init_end__) || ((__non_init_end__ - __RAM_segment_start__) <= __RAM_segment_size__)), error: .non_init is too large to fit in RAM memory segment)
                0x0000000020000be4                __heap_load_start__ = ALIGN (__non_init_end__, 0x4)

.heap           0x0000000020000be4     0x2000
                0x0000000020000be4                __heap_start__ = .
 *(.heap .heap.*)
                0x0000000020002be4                . = ALIGN (MAX ((__heap_start__ + __HEAPSIZE__), .), 0x4)
 *fill*         0x0000000020000be4     0x2000 
                0x0000000020002be4                __heap_end__ = (__heap_start__ + SIZEOF (.heap))
                0x0000000000002000                __heap_size__ = SIZEOF (.heap)
                0x0000000020002be4                __heap_load_end__ = __heap_end__
                0x0000000000000001                . = ASSERT (((__heap_start__ == __heap_end__) || ((__heap_end__ - __RAM_segment_start__) <= __RAM_segment_size__)), error: .heap is too large to fit in RAM memory segment)
                0x000000002003e000                __stack_load_start__ = (__RAM_segment_start__ + (__RAM_segment_size__ - 0x2000))

.stack          0x000000002003e000     0x2000
                0x000000002003e000                __stack_start__ = .
                0x000000002003e000                __StackLimit = __stack_start__
 *(.stack .stack.*)
                0x0000000020040000                . = ALIGN (MAX ((__stack_start__ + __STACKSIZE__), .), 0x8)
 *fill*         0x000000002003e000     0x2000 
                0x0000000020040000                __stack_end__ = (__stack_start__ + SIZEOF (.stack))
                0x0000000000002000                __stack_size__ = SIZEOF (.stack)
                0x0000000020040000                __StackTop = __stack_end__
                0x0000000020040000                __stack_load_end__ = __stack_end__
                0x0000000000000001                . = ASSERT (((__stack_start__ == __stack_end__) || ((__stack_end__ - __RAM_segment_start__) <= __RAM_segment_size__)), error: .stack is too large to fit in RAM memory segment)
                0x0000000000000001                . = ASSERT ((__heap_end__ <= __stack_start__), error: section .heap overlaps absolute placed section .stack)
                0x0000000020040000                __stack_process_load_start__ = ALIGN (__stack_end__, 0x8)

.stack_process  0x0000000020040000        0x0
                0x0000000020040000                __stack_process_start__ = .
 *(.stack_process .stack_process.*)
                0x0000000020040000                . = ALIGN (MAX ((__stack_process_start__ + __STACKSIZE_PROCESS__), .), 0x8)
                0x0000000020040000                __stack_process_end__ = (__stack_process_start__ + SIZEOF (.stack_process))
                0x0000000000000000                __stack_process_size__ = SIZEOF (.stack_process)
                0x0000000020040000                __stack_process_load_end__ = __stack_process_end__
                0x0000000020040000                __RAM_segment_used_end__ = (ALIGN (__stack_end__, 0x8) + SIZEOF (.stack_process))
                0x0000000000040000                __RAM_segment_used_size__ = (__RAM_segment_used_end__ - __RAM_segment_start__)
                0x0000000000000001                . = ASSERT (((__stack_process_start__ == __stack_process_end__) || ((__stack_process_end__ - __RAM_segment_start__) <= __RAM_segment_size__)), error: .stack_process is too large to fit in RAM memory segment)
START GROUP
LOAD Output/Project Debug/Obj/thumb_crt0.o
LOAD Output/Project Debug/Obj/boards.o
LOAD Output/Project Debug/Obj/app_error.o
LOAD Output/Project Debug/Obj/app_error_handler_gcc.o
LOAD Output/Project Debug/Obj/app_error_weak.o
LOAD Output/Project Debug/Obj/app_fifo.o
LOAD Output/Project Debug/Obj/app_sdcard.o
LOAD Output/Project Debug/Obj/app_uart_fifo.o
LOAD Output/Project Debug/Obj/app_util_platform.o
LOAD Output/Project Debug/Obj/nrf_assert.o
LOAD Output/Project Debug/Obj/nrf_atomic.o
LOAD Output/Project Debug/Obj/nrf_balloc.o
LOAD Output/Project Debug/Obj/nrf_block_dev_sdc.o
LOAD Output/Project Debug/Obj/nrf_fprintf.o
LOAD Output/Project Debug/Obj/nrf_fprintf_format.o
LOAD Output/Project Debug/Obj/nrf_memobj.o
LOAD Output/Project Debug/Obj/nrf_ringbuf.o
LOAD Output/Project Debug/Obj/nrf_strerror.o
LOAD Output/Project Debug/Obj/nrf_log_backend_rtt.o
LOAD Output/Project Debug/Obj/nrf_log_backend_serial.o
LOAD Output/Project Debug/Obj/nrf_log_backend_uart.o
LOAD Output/Project Debug/Obj/nrf_log_default_backends.o
LOAD Output/Project Debug/Obj/nrf_log_frontend.o
LOAD Output/Project Debug/Obj/nrf_log_str_formatter.o
LOAD Output/Project Debug/Obj/nrf_drv_spi.o
LOAD Output/Project Debug/Obj/nrf_drv_uart.o
LOAD Output/Project Debug/Obj/nrfx_atomic.o
LOAD Output/Project Debug/Obj/nrfx_prs.o
LOAD Output/Project Debug/Obj/nrfx_spi.o
LOAD Output/Project Debug/Obj/nrfx_spim.o
LOAD Output/Project Debug/Obj/nrfx_uart.o
LOAD Output/Project Debug/Obj/nrfx_uarte.o
LOAD Output/Project Debug/Obj/main.o
LOAD Output/Project Debug/Obj/adc.o
LOAD Output/Project Debug/Obj/definitions.o
LOAD Output/Project Debug/Obj/i2c.o
LOAD Output/Project Debug/Obj/icm20948.o
LOAD Output/Project Debug/Obj/mpu5060.o
LOAD Output/Project Debug/Obj/oneWire.o
LOAD Output/Project Debug/Obj/RF.o
LOAD Output/Project Debug/Obj/RTC.o
LOAD Output/Project Debug/Obj/SDcard.o
LOAD Output/Project Debug/Obj/SPI.o
LOAD Output/Project Debug/Obj/timeStamp.o
LOAD Output/Project Debug/Obj/uart.o
LOAD Output/Project Debug/Obj/NTC3950.o
LOAD Output/Project Debug/Obj/sam-m8q.o
LOAD Output/Project Debug/Obj/SEGGER_RTT.o
LOAD Output/Project Debug/Obj/SEGGER_RTT_Syscalls_SES.o
LOAD Output/Project Debug/Obj/SEGGER_RTT_printf.o
LOAD Output/Project Debug/Obj/diskio_blkdev.o
LOAD Output/Project Debug/Obj/ff.o
LOAD Output/Project Debug/Obj/ses_startup_nrf52840.o
LOAD Output/Project Debug/Obj/ses_startup_nrf_common.o
LOAD Output/Project Debug/Obj/system_nrf52840.o
LOAD C:/Program Files/SEGGER/SEGGER Embedded Studio for ARM 4.40/lib/libdebugio_mempoll_v7em_fpv4_sp_d16_hard_t_le_eabi.a
LOAD C:/Program Files/SEGGER/SEGGER Embedded Studio for ARM 4.40/lib/libm_v7em_fpv4_sp_d16_hard_t_le_eabi.a
LOAD C:/Program Files/SEGGER/SEGGER Embedded Studio for ARM 4.40/lib/libc_v7em_fpv4_sp_d16_hard_t_le_eabi.a
LOAD C:/Program Files/SEGGER/SEGGER Embedded Studio for ARM 4.40/lib/libcpp_v7em_fpv4_sp_d16_hard_t_le_eabi.a
LOAD C:/Program Files/SEGGER/SEGGER Embedded Studio for ARM 4.40/lib/libdebugio_v7em_fpv4_sp_d16_hard_t_le_eabi.a
LOAD C:/Program Files/SEGGER/SEGGER Embedded Studio for ARM 4.40/lib/libvfprintf_v7em_fpv4_sp_d16_hard_t_le_eabi.o
LOAD C:/Program Files/SEGGER/SEGGER Embedded Studio for ARM 4.40/lib/libvfscanf_v7em_fpv4_sp_d16_hard_t_le_eabi.o
END GROUP
OUTPUT(Output/Debug/Exe/Project.elf elf32-littlearm)

.ARM.attributes
                0x0000000000000000       0x35
 .ARM.attributes
                0x0000000000000000       0x25 Output/Project Debug/Obj/thumb_crt0.o
 .ARM.attributes
                0x0000000000000025       0x39 Output/Project Debug/Obj/boards.o
 .ARM.attributes
                0x000000000000005e       0x39 Output/Project Debug/Obj/app_error.o
 .ARM.attributes
                0x0000000000000097       0x39 Output/Project Debug/Obj/app_error_handler_gcc.o
 .ARM.attributes
                0x00000000000000d0       0x39 Output/Project Debug/Obj/app_error_weak.o
 .ARM.attributes
                0x0000000000000109       0x39 Output/Project Debug/Obj/app_util_platform.o
 .ARM.attributes
                0x0000000000000142       0x39 Output/Project Debug/Obj/nrf_assert.o
 .ARM.attributes
                0x000000000000017b       0x39 Output/Project Debug/Obj/nrf_atomic.o
 .ARM.attributes
                0x00000000000001b4       0x39 Output/Project Debug/Obj/nrf_balloc.o
 .ARM.attributes
                0x00000000000001ed       0x39 Output/Project Debug/Obj/nrf_fprintf.o
 .ARM.attributes
                0x0000000000000226       0x39 Output/Project Debug/Obj/nrf_fprintf_format.o
 .ARM.attributes
                0x000000000000025f       0x39 Output/Project Debug/Obj/nrf_memobj.o
 .ARM.attributes
                0x0000000000000298       0x39 Output/Project Debug/Obj/nrf_ringbuf.o
 .ARM.attributes
                0x00000000000002d1       0x39 Output/Project Debug/Obj/nrf_strerror.o
 .ARM.attributes
                0x000000000000030a       0x39 Output/Project Debug/Obj/nrf_log_backend_serial.o
 .ARM.attributes
                0x0000000000000343       0x39 Output/Project Debug/Obj/nrf_log_backend_uart.o
 .ARM.attributes
                0x000000000000037c       0x39 Output/Project Debug/Obj/nrf_log_default_backends.o
 .ARM.attributes
                0x00000000000003b5       0x39 Output/Project Debug/Obj/nrf_log_frontend.o
 .ARM.attributes
                0x00000000000003ee       0x39 Output/Project Debug/Obj/nrf_log_str_formatter.o
 .ARM.attributes